Archive member included to satisfy reference by file (symbol)

C:/ST/STM32CubeIDE_1.18.1/STM32CubeIDE/plugins/com.st.stm32cube.ide.mcu.externaltools.gnu-tools-for-stm32.13.3.rel1.win32_1.0.0.202411081344/tools/bin/../lib/gcc/arm-none-eabi/13.3.1/../../../../arm-none-eabi/lib/thumb/v7e-m+dp/hard\libc_nano.a(libc_a-exit.o)
                              C:/ST/STM32CubeIDE_1.18.1/STM32CubeIDE/plugins/com.st.stm32cube.ide.mcu.externaltools.gnu-tools-for-stm32.13.3.rel1.win32_1.0.0.202411081344/tools/bin/../lib/gcc/arm-none-eabi/13.3.1/../../../../arm-none-eabi/lib/thumb/v7e-m+dp/hard/crt0.o (exit)
C:/ST/STM32CubeIDE_1.18.1/STM32CubeIDE/plugins/com.st.stm32cube.ide.mcu.externaltools.gnu-tools-for-stm32.13.3.rel1.win32_1.0.0.202411081344/tools/bin/../lib/gcc/arm-none-eabi/13.3.1/../../../../arm-none-eabi/lib/thumb/v7e-m+dp/hard\libc_nano.a(libc_a-findfp.o)
                              C:/ST/STM32CubeIDE_1.18.1/STM32CubeIDE/plugins/com.st.stm32cube.ide.mcu.externaltools.gnu-tools-for-stm32.13.3.rel1.win32_1.0.0.202411081344/tools/bin/../lib/gcc/arm-none-eabi/13.3.1/../../../../arm-none-eabi/lib/thumb/v7e-m+dp/hard\libc_nano.a(libc_a-exit.o) (__stdio_exit_handler)
C:/ST/STM32CubeIDE_1.18.1/STM32CubeIDE/plugins/com.st.stm32cube.ide.mcu.externaltools.gnu-tools-for-stm32.13.3.rel1.win32_1.0.0.202411081344/tools/bin/../lib/gcc/arm-none-eabi/13.3.1/../../../../arm-none-eabi/lib/thumb/v7e-m+dp/hard\libc_nano.a(libc_a-fwalk.o)
                              C:/ST/STM32CubeIDE_1.18.1/STM32CubeIDE/plugins/com.st.stm32cube.ide.mcu.externaltools.gnu-tools-for-stm32.13.3.rel1.win32_1.0.0.202411081344/tools/bin/../lib/gcc/arm-none-eabi/13.3.1/../../../../arm-none-eabi/lib/thumb/v7e-m+dp/hard\libc_nano.a(libc_a-findfp.o) (_fwalk_sglue)
C:/ST/STM32CubeIDE_1.18.1/STM32CubeIDE/plugins/com.st.stm32cube.ide.mcu.externaltools.gnu-tools-for-stm32.13.3.rel1.win32_1.0.0.202411081344/tools/bin/../lib/gcc/arm-none-eabi/13.3.1/../../../../arm-none-eabi/lib/thumb/v7e-m+dp/hard\libc_nano.a(libc_a-printf.o)
                              ./Core/Src/CC1201_commands.o (printf)
C:/ST/STM32CubeIDE_1.18.1/STM32CubeIDE/plugins/com.st.stm32cube.ide.mcu.externaltools.gnu-tools-for-stm32.13.3.rel1.win32_1.0.0.202411081344/tools/bin/../lib/gcc/arm-none-eabi/13.3.1/../../../../arm-none-eabi/lib/thumb/v7e-m+dp/hard\libc_nano.a(libc_a-stdio.o)
                              C:/ST/STM32CubeIDE_1.18.1/STM32CubeIDE/plugins/com.st.stm32cube.ide.mcu.externaltools.gnu-tools-for-stm32.13.3.rel1.win32_1.0.0.202411081344/tools/bin/../lib/gcc/arm-none-eabi/13.3.1/../../../../arm-none-eabi/lib/thumb/v7e-m+dp/hard\libc_nano.a(libc_a-findfp.o) (__sread)
C:/ST/STM32CubeIDE_1.18.1/STM32CubeIDE/plugins/com.st.stm32cube.ide.mcu.externaltools.gnu-tools-for-stm32.13.3.rel1.win32_1.0.0.202411081344/tools/bin/../lib/gcc/arm-none-eabi/13.3.1/../../../../arm-none-eabi/lib/thumb/v7e-m+dp/hard\libc_nano.a(libc_a-memset.o)
                              C:/ST/STM32CubeIDE_1.18.1/STM32CubeIDE/plugins/com.st.stm32cube.ide.mcu.externaltools.gnu-tools-for-stm32.13.3.rel1.win32_1.0.0.202411081344/tools/bin/../lib/gcc/arm-none-eabi/13.3.1/../../../../arm-none-eabi/lib/thumb/v7e-m+dp/hard/crt0.o (memset)
C:/ST/STM32CubeIDE_1.18.1/STM32CubeIDE/plugins/com.st.stm32cube.ide.mcu.externaltools.gnu-tools-for-stm32.13.3.rel1.win32_1.0.0.202411081344/tools/bin/../lib/gcc/arm-none-eabi/13.3.1/../../../../arm-none-eabi/lib/thumb/v7e-m+dp/hard\libc_nano.a(libc_a-closer.o)
                              C:/ST/STM32CubeIDE_1.18.1/STM32CubeIDE/plugins/com.st.stm32cube.ide.mcu.externaltools.gnu-tools-for-stm32.13.3.rel1.win32_1.0.0.202411081344/tools/bin/../lib/gcc/arm-none-eabi/13.3.1/../../../../arm-none-eabi/lib/thumb/v7e-m+dp/hard\libc_nano.a(libc_a-stdio.o) (_close_r)
C:/ST/STM32CubeIDE_1.18.1/STM32CubeIDE/plugins/com.st.stm32cube.ide.mcu.externaltools.gnu-tools-for-stm32.13.3.rel1.win32_1.0.0.202411081344/tools/bin/../lib/gcc/arm-none-eabi/13.3.1/../../../../arm-none-eabi/lib/thumb/v7e-m+dp/hard\libc_nano.a(libc_a-reent.o)
                              C:/ST/STM32CubeIDE_1.18.1/STM32CubeIDE/plugins/com.st.stm32cube.ide.mcu.externaltools.gnu-tools-for-stm32.13.3.rel1.win32_1.0.0.202411081344/tools/bin/../lib/gcc/arm-none-eabi/13.3.1/../../../../arm-none-eabi/lib/thumb/v7e-m+dp/hard\libc_nano.a(libc_a-closer.o) (errno)
C:/ST/STM32CubeIDE_1.18.1/STM32CubeIDE/plugins/com.st.stm32cube.ide.mcu.externaltools.gnu-tools-for-stm32.13.3.rel1.win32_1.0.0.202411081344/tools/bin/../lib/gcc/arm-none-eabi/13.3.1/../../../../arm-none-eabi/lib/thumb/v7e-m+dp/hard\libc_nano.a(libc_a-impure.o)
                              C:/ST/STM32CubeIDE_1.18.1/STM32CubeIDE/plugins/com.st.stm32cube.ide.mcu.externaltools.gnu-tools-for-stm32.13.3.rel1.win32_1.0.0.202411081344/tools/bin/../lib/gcc/arm-none-eabi/13.3.1/../../../../arm-none-eabi/lib/thumb/v7e-m+dp/hard\libc_nano.a(libc_a-printf.o) (_impure_ptr)
[...]
Memory Configuration

Name             Origin             Length             Attributes
FLASH            0x08000000         0x00200000         xr
DTCMRAM          0x20000000         0x00020000         xrw
RAM_D1           0x24000000         0x00080000         xrw
RAM_D2           0x30000000         0x00048000         xrw
RAM_D3           0x38000000         0x00010000         xrw
ITCMRAM          0x00000000         0x00010000         xrw
*default*        0x00000000         0xffffffff

Linker script and memory map

LOAD C:/ST/STM32CubeIDE_1.18.1/STM32CubeIDE/plugins/com.st.stm32cube.ide.mcu.externaltools.gnu-tools-for-stm32.13.3.rel1.win32_1.0.0.202411081344/tools/bin/../lib/gcc/arm-none-eabi/13.3.1/thumb/v7e-m+dp/hard/crti.o
LOAD C:/ST/STM32CubeIDE_1.18.1/STM32CubeIDE/plugins/com.st.stm32cube.ide.mcu.externaltools.gnu-tools-for-stm32.13.3.rel1.win32_1.0.0.202411081344/tools/bin/../lib/gcc/arm-none-eabi/13.3.1/thumb/v7e-m+dp/hard/crtbegin.o
LOAD C:/ST/STM32CubeIDE_1.18.1/STM32CubeIDE/plugins/com.st.stm32cube.ide.mcu.externaltools.gnu-tools-for-stm32.13.3.rel1.win32_1.0.0.202411081344/tools/bin/../lib/gcc/arm-none-eabi/13.3.1/../../../../arm-none-eabi/lib/thumb/v7e-m+dp/hard/crt0.o
LOAD ./Core/Src/CC1201_commands.o
LOAD ./Core/Src/CC1201_simple_link_reg_config.o
LOAD ./Core/Src/main.o
LOAD ./Core/Src/stm32h7xx_hal_msp.o
LOAD ./Core/Src/stm32h7xx_it.o
LOAD ./Core/Src/syscalls.o
LOAD ./Core/Src/sysmem.o
LOAD ./Core/Src/system_stm32h7xx.o
LOAD ./Core/Startup/startup_stm32h743zitx.o
LOAD ./Drivers/BSP/STM32H7xx_Nucleo/stm32h7xx_nucleo.o
LOAD ./Drivers/STM32H7xx_HAL_Driver/Src/stm32h7xx_hal.o
LOAD ./Drivers/STM32H7xx_HAL_Driver/Src/stm32h7xx_hal_cortex.o
LOAD ./Drivers/STM32H7xx_HAL_Driver/Src/stm32h7xx_hal_dma.o
LOAD ./Drivers/STM32H7xx_HAL_Driver/Src/stm32h7xx_hal_dma_ex.o
LOAD ./Drivers/STM32H7xx_HAL_Driver/Src/stm32h7xx_hal_exti.o
LOAD ./Drivers/STM32H7xx_HAL_Driver/Src/stm32h7xx_hal_flash.o
LOAD ./Drivers/STM32H7xx_HAL_Driver/Src/stm32h7xx_hal_flash_ex.o
LOAD ./Drivers/STM32H7xx_HAL_Driver/Src/stm32h7xx_hal_gpio.o
LOAD ./Drivers/STM32H7xx_HAL_Driver/Src/stm32h7xx_hal_hsem.o
LOAD ./Drivers/STM32H7xx_HAL_Driver/Src/stm32h7xx_hal_i2c.o
LOAD ./Drivers/STM32H7xx_HAL_Driver/Src/stm32h7xx_hal_i2c_ex.o
LOAD ./Drivers/STM32H7xx_HAL_Driver/Src/stm32h7xx_hal_mdma.o
LOAD ./Drivers/STM32H7xx_HAL_Driver/Src/stm32h7xx_hal_pwr.o
LOAD ./Drivers/STM32H7xx_HAL_Driver/Src/stm32h7xx_hal_pwr_ex.o
LOAD ./Drivers/STM32H7xx_HAL_Driver/Src/stm32h7xx_hal_rcc.o
LOAD ./Drivers/STM32H7xx_HAL_Driver/Src/stm32h7xx_hal_rcc_ex.o
LOAD ./Drivers/STM32H7xx_HAL_Driver/Src/stm32h7xx_hal_spi.o
LOAD ./Drivers/STM32H7xx_HAL_Driver/Src/stm32h7xx_hal_spi_ex.o
LOAD ./Drivers/STM32H7xx_HAL_Driver/Src/stm32h7xx_hal_uart.o
LOAD ./Drivers/STM32H7xx_HAL_Driver/Src/stm32h7xx_hal_uart_ex.o
LOAD ./Drivers/STM32H7xx_HAL_Driver/Src/stm32h7xx_hal_usart.o
LOAD ./Drivers/STM32H7xx_HAL_Driver/Src/stm32h7xx_hal_usart_ex.o
START GROUP
LOAD C:/ST/STM32CubeIDE_1.18.1/STM32CubeIDE/plugins/com.st.stm32cube.ide.mcu.externaltools.gnu-tools-for-stm32.13.3.rel1.win32_1.0.0.202411081344/tools/bin/../lib/gcc/arm-none-eabi/13.3.1/../../../../arm-none-eabi/lib/thumb/v7e-m+dp/hard\libc_nano.a
LOAD C:/ST/STM32CubeIDE_1.18.1/STM32CubeIDE/plugins/com.st.stm32cube.ide.mcu.externaltools.gnu-tools-for-stm32.13.3.rel1.win32_1.0.0.202411081344/tools/bin/../lib/gcc/arm-none-eabi/13.3.1/../../../../arm-none-eabi/lib/thumb/v7e-m+dp/hard\libm.a
END GROUP
START GROUP
LOAD C:/ST/STM32CubeIDE_1.18.1/STM32CubeIDE/plugins/com.st.stm32cube.ide.mcu.externaltools.gnu-tools-for-stm32.13.3.rel1.win32_1.0.0.202411081344/tools/bin/../lib/gcc/arm-none-eabi/13.3.1/thumb/v7e-m+dp/hard\libgcc.a
LOAD C:/ST/STM32CubeIDE_1.18.1/STM32CubeIDE/plugins/com.st.stm32cube.ide.mcu.externaltools.gnu-tools-for-stm32.13.3.rel1.win32_1.0.0.202411081344/tools/bin/../lib/gcc/arm-none-eabi/13.3.1/../../../../arm-none-eabi/lib/thumb/v7e-m+dp/hard\libc_nano.a
END GROUP
START GROUP
LOAD C:/ST/STM32CubeIDE_1.18.1/STM32CubeIDE/plugins/com.st.stm32cube.ide.mcu.externaltools.gnu-tools-for-stm32.13.3.rel1.win32_1.0.0.202411081344/tools/bin/../lib/gcc/arm-none-eabi/13.3.1/thumb/v7e-m+dp/hard\libgcc.a
LOAD C:/ST/STM32CubeIDE_1.18.1/STM32CubeIDE/plugins/com.st.stm32cube.ide.mcu.externaltools.gnu-tools-for-stm32.13.3.rel1.win32_1.0.0.202411081344/tools/bin/../lib/gcc/arm-none-eabi/13.3.1/../../../../arm-none-eabi/lib/thumb/v7e-m+dp/hard\libc_nano.a
LOAD C:/ST/STM32CubeIDE_1.18.1/STM32CubeIDE/plugins/com.st.stm32cube.ide.mcu.externaltools.gnu-tools-for-stm32.13.3.rel1.win32_1.0.0.202411081344/tools/bin/../lib/gcc/arm-none-eabi/13.3.1/../../../../arm-none-eabi/lib/thumb/v7e-m+dp/hard\libnosys.a
END GROUP
START GROUP
LOAD C:/ST/STM32CubeIDE_1.18.1/STM32CubeIDE/plugins/com.st.stm32cube.ide.mcu.externaltools.gnu-tools-for-stm32.13.3.rel1.win32_1.0.0.202411081344/tools/bin/../lib/gcc/arm-none-eabi/13.3.1/thumb/v7e-m+dp/hard\libgcc.a
LOAD C:/ST/STM32CubeIDE_1.18.1/STM32CubeIDE/plugins/com.st.stm32cube.ide.mcu.externaltools.gnu-tools-for-stm32.13.3.rel1.win32_1.0.0.202411081344/tools/bin/../lib/gcc/arm-none-eabi/13.3.1/../../../../arm-none-eabi/lib/thumb/v7e-m+dp/hard\libc_nano.a
LOAD C:/ST/STM32CubeIDE_1.18.1/STM32CubeIDE/plugins/com.st.stm32cube.ide.mcu.externaltools.gnu-tools-for-stm32.13.3.rel1.win32_1.0.0.202411081344/tools/bin/../lib/gcc/arm-none-eabi/13.3.1/../../../../arm-none-eabi/lib/thumb/v7e-m+dp/hard\libnosys.a
END GROUP
LOAD C:/ST/STM32CubeIDE_1.18.1/STM32CubeIDE/plugins/com.st.stm32cube.ide.mcu.externaltools.gnu-tools-for-stm32.13.3.rel1.win32_1.0.0.202411081344/tools/bin/../lib/gcc/arm-none-eabi/13.3.1/thumb/v7e-m+dp/hard/crtend.o
LOAD C:/ST/STM32CubeIDE_1.18.1/STM32CubeIDE/plugins/com.st.stm32cube.ide.mcu.externaltools.gnu-tools-for-stm32.13.3.rel1.win32_1.0.0.202411081344/tools/bin/../lib/gcc/arm-none-eabi/13.3.1/thumb/v7e-m+dp/hard/crtn.o
                0x24080000                        _estack = (ORIGIN (RAM_D1) + LENGTH (RAM_D1))
                0x00000200                        _Min_Heap_Size = 0x200
                0x00000400                        _Min_Stack_Size = 0x400

.isr_vector     0x08000000      0x298
                0x08000000                        . = ALIGN (0x4)
 *(.isr_vector)
 .isr_vector    0x08000000      0x298 ./Core/Startup/startup_stm32h743zitx.o
                0x08000000                g_pfnVectors
                0x08000298                        . = ALIGN (0x4)

.text           0x080002a0     0x8cdc
                0x080002a0                        . = ALIGN (0x4)
 *(.text)
 .text          0x080002a0       0x40 C:/ST/STM32CubeIDE_1.18.1/STM32CubeIDE/plugins/com.st.stm32cube.ide.mcu.externaltools.gnu-tools-for-stm32.13.3.rel1.win32_1.0.0.202411081344/tools/bin/../lib/gcc/arm-none-eabi/13.3.1/thumb/v7e-m+dp/hard/crtbegin.o
 .text          0x080002e0       0xa0 C:/ST/STM32CubeIDE_1.18.1/STM32CubeIDE/plugins/com.st.stm32cube.ide.mcu.externaltools.gnu-tools-for-stm32.13.3.rel1.win32_1.0.0.202411081344/tools/bin/../lib/gcc/arm-none-eabi/13.3.1/../../../../arm-none-eabi/lib/thumb/v7e-m+dp/hard\libc_nano.a(libc_a-memchr.o)
                0x080002e0                memchr
 .text          0x08000380       0x30 C:/ST/STM32CubeIDE_1.18.1/STM32CubeIDE/plugins/com.st.stm32cube.ide.mcu.externaltools.gnu-tools-for-stm32.13.3.rel1.win32_1.0.0.202411081344/tools/bin/../lib/gcc/arm-none-eabi/13.3.1/thumb/v7e-m+dp/hard\libgcc.a(_aeabi_uldivmod.o)
                0x08000380                __aeabi_uldivmod
 .text          0x080003b0      0x2f8 C:/ST/STM32CubeIDE_1.18.1/STM32CubeIDE/plugins/com.st.stm32cube.ide.mcu.externaltools.gnu-tools-for-stm32.13.3.rel1.win32_1.0.0.202411081344/tools/bin/../lib/gcc/arm-none-eabi/13.3.1/thumb/v7e-m+dp/hard\libgcc.a(_udivmoddi4.o)
                0x080003b0                __udivmoddi4
 .text          0x080006a8        0x4 C:/ST/STM32CubeIDE_1.18.1/STM32CubeIDE/plugins/com.st.stm32cube.ide.mcu.externaltools.gnu-tools-for-stm32.13.3.rel1.win32_1.0.0.202411081344/tools/bin/../lib/gcc/arm-none-eabi/13.3.1/thumb/v7e-m+dp/hard\libgcc.a(_dvmd_tls.o)
                0x080006a8                __aeabi_idiv0
                0x080006a8                __aeabi_ldiv0
 *(.text*)
 .text.CC1201_Nop
                0x080006ac       0x38 ./Core/Src/CC1201_commands.o
                0x080006ac                CC1201_Nop
 .text.CC1201_SendStrobe
                0x080006e4      0x1e4 ./Core/Src/CC1201_simple_link_reg_config.o
                0x080006e4                CC1201_SendStrobe
 .text.test_GPIO_pins
                0x080008c8      0x1cc ./Core/Src/main.o
                0x080008c8                test_GPIO_pins
 .text.main     0x08000a94      0x3b4 ./Core/Src/main.o
                0x08000a94                main
 .text.SystemClock_Config
                0x08000e48       0xfc ./Core/Src/main.o
                0x08000e48                SystemClock_Config
 .text.MX_SPI2_Init
                0x08000f44       0xac ./Core/Src/main.o
 .text.MX_GPIO_Init
                0x08000ff0      0x120 ./Core/Src/main.o
 .text.MPU_Config
                0x08001110       0x58 ./Core/Src/main.o
 .text.BSP_PB_Callback
                0x08001168       0x28 ./Core/Src/main.o
                0x08001168                BSP_PB_Callback
 .text.Error_Handler
                0x08001190        0xc ./Core/Src/main.o
                0x08001190                Error_Handler
 .text.HAL_MspInit
                0x0800119c       0x34 ./Core/Src/stm32h7xx_hal_msp.o
                0x0800119c                HAL_MspInit
 .text.HAL_SPI_MspInit
                0x080011d0      0x10c ./Core/Src/stm32h7xx_hal_msp.o
                0x080011d0                HAL_SPI_MspInit
 .text.HAL_SPI_MspDeInit
                0x080012dc       0x48 ./Core/Src/stm32h7xx_hal_msp.o
                0x080012dc                HAL_SPI_MspDeInit
 .text.NMI_Handler
                0x08001324        0x8 ./Core/Src/stm32h7xx_it.o
                0x08001324                NMI_Handler
 .text.HardFault_Handler
                0x0800132c        0x8 ./Core/Src/stm32h7xx_it.o
                0x0800132c                HardFault_Handler
 .text.MemManage_Handler
                0x08001334        0x8 ./Core/Src/stm32h7xx_it.o
                0x08001334                MemManage_Handler
 .text.BusFault_Handler
                0x0800133c        0x8 ./Core/Src/stm32h7xx_it.o
                0x0800133c                BusFault_Handler
 .text.UsageFault_Handler
                0x08001344        0x8 ./Core/Src/stm32h7xx_it.o
                0x08001344                UsageFault_Handler
 .text.SVC_Handler
                0x0800134c        0xe ./Core/Src/stm32h7xx_it.o
                0x0800134c                SVC_Handler
 .text.DebugMon_Handler
                0x0800135a        0xe ./Core/Src/stm32h7xx_it.o
                0x0800135a                DebugMon_Handler
 .text.PendSV_Handler
                0x08001368        0xe ./Core/Src/stm32h7xx_it.o
                0x08001368                PendSV_Handler
 .text.SysTick_Handler
                0x08001376        0xc ./Core/Src/stm32h7xx_it.o
                0x08001376                SysTick_Handler
 *fill*         0x08001382        0x2 
 .text.SPI2_IRQHandler
                0x08001384       0x14 ./Core/Src/stm32h7xx_it.o
                0x08001384                SPI2_IRQHandler
 .text.EXTI15_10_IRQHandler
                0x08001398        0xe ./Core/Src/stm32h7xx_it.o
                0x08001398                EXTI15_10_IRQHandler
 .text._read    0x080013a6       0x3a ./Core/Src/syscalls.o
                0x080013a6                _read
 .text._write   0x080013e0       0x38 ./Core/Src/syscalls.o
                0x080013e0                _write
 .text._close   0x08001418       0x18 ./Core/Src/syscalls.o
                0x08001418                _close
 .text._fstat   0x08001430       0x20 ./Core/Src/syscalls.o
                0x08001430                _fstat
 .text._isatty  0x08001450       0x16 ./Core/Src/syscalls.o
                0x08001450                _isatty
 .text._lseek   0x08001466       0x1a ./Core/Src/syscalls.o
                0x08001466                _lseek
 .text._sbrk    0x08001480       0x6c ./Core/Src/sysmem.o
                0x08001480                _sbrk
 .text.SystemInit
                0x080014ec      0x140 ./Core/Src/system_stm32h7xx.o
                0x080014ec                SystemInit
 .text.ExitRun0Mode
                0x0800162c       0x30 ./Core/Src/system_stm32h7xx.o
                0x0800162c                ExitRun0Mode
 .text.Reset_Handler
                0x0800165c       0x54 ./Core/Startup/startup_stm32h743zitx.o
                0x0800165c                Reset_Handler
 .text.Default_Handler
                0x080016b0        0x2 ./Core/Startup/startup_stm32h743zitx.o
                0x080016b0                RTC_Alarm_IRQHandler
                0x080016b0                EXTI2_IRQHandler
                0x080016b0                TIM8_CC_IRQHandler
                0x080016b0                HRTIM1_Master_IRQHandler
                0x080016b0                UART8_IRQHandler
                0x080016b0                SPI4_IRQHandler
                0x080016b0                TIM1_CC_IRQHandler
                0x080016b0                BDMA_Channel6_IRQHandler
                0x080016b0                DMA2_Stream5_IRQHandler
                0x080016b0                HRTIM1_FLT_IRQHandler
                0x080016b0                JPEG_IRQHandler
                0x080016b0                DMA1_Stream5_IRQHandler
                0x080016b0                BDMA_Channel1_IRQHandler
                0x080016b0                HRTIM1_TIMD_IRQHandler
                0x080016b0                TAMP_STAMP_IRQHandler
                0x080016b0                EXTI3_IRQHandler
                0x080016b0                LPTIM4_IRQHandler
                0x080016b0                TIM8_TRG_COM_TIM14_IRQHandler
                0x080016b0                LPTIM2_IRQHandler
                0x080016b0                DFSDM1_FLT1_IRQHandler
                0x080016b0                DMAMUX2_OVR_IRQHandler
                0x080016b0                TIM8_UP_TIM13_IRQHandler
                0x080016b0                I2C3_ER_IRQHandler
                0x080016b0                DFSDM1_FLT2_IRQHandler
                0x080016b0                MDMA_IRQHandler
                0x080016b0                LPTIM3_IRQHandler
                0x080016b0                HSEM1_IRQHandler
                0x080016b0                EXTI0_IRQHandler
                0x080016b0                I2C2_EV_IRQHandler
                0x080016b0                DMA1_Stream2_IRQHandler
                0x080016b0                FPU_IRQHandler
                0x080016b0                OTG_HS_WKUP_IRQHandler
                0x080016b0                FDCAN1_IT1_IRQHandler
                0x080016b0                LTDC_ER_IRQHandler
                0x080016b0                DMA2_Stream2_IRQHandler
                0x080016b0                HRTIM1_TIME_IRQHandler
                0x080016b0                SPI1_IRQHandler
                0x080016b0                TIM6_DAC_IRQHandler
                0x080016b0                DCMI_IRQHandler
                0x080016b0                HRTIM1_TIMC_IRQHandler
                0x080016b0                DMA2_Stream3_IRQHandler
                0x080016b0                SAI2_IRQHandler
                0x080016b0                DFSDM1_FLT3_IRQHandler
                0x080016b0                USART6_IRQHandler
                0x080016b0                TIM17_IRQHandler
                0x080016b0                USART3_IRQHandler
                0x080016b0                BDMA_Channel7_IRQHandler
                0x080016b0                LPTIM5_IRQHandler
                0x080016b0                UART5_IRQHandler
                0x080016b0                ADC3_IRQHandler
                0x080016b0                DMA2_Stream0_IRQHandler
                0x080016b0                TIM4_IRQHandler
                0x080016b0                BDMA_Channel2_IRQHandler
                0x080016b0                QUADSPI_IRQHandler
                0x080016b0                I2C1_EV_IRQHandler
                0x080016b0                DMA1_Stream6_IRQHandler
                0x080016b0                DMAMUX1_OVR_IRQHandler
                0x080016b0                DMA1_Stream1_IRQHandler
                0x080016b0                TIM16_IRQHandler
                0x080016b0                UART4_IRQHandler
                0x080016b0                BDMA_Channel5_IRQHandler
                0x080016b0                TIM3_IRQHandler
                0x080016b0                RCC_IRQHandler
                0x080016b0                TIM8_BRK_TIM12_IRQHandler
                0x080016b0                TIM1_TRG_COM_IRQHandler
                0x080016b0                Default_Handler
                0x080016b0                ECC_IRQHandler
                0x080016b0                CEC_IRQHandler
                0x080016b0                BDMA_Channel0_IRQHandler
                0x080016b0                ADC_IRQHandler
                0x080016b0                DMA1_Stream7_IRQHandler
                0x080016b0                HRTIM1_TIMA_IRQHandler
                0x080016b0                SPI5_IRQHandler
                0x080016b0                TIM7_IRQHandler
                0x080016b0                SDMMC1_IRQHandler
                0x080016b0                TIM5_IRQHandler
                0x080016b0                DMA2_Stream7_IRQHandler
                0x080016b0                TIM15_IRQHandler
                0x080016b0                PVD_AVD_IRQHandler
                0x080016b0                I2C3_EV_IRQHandler
                0x080016b0                EXTI9_5_IRQHandler
                0x080016b0                RTC_WKUP_IRQHandler
                0x080016b0                LTDC_IRQHandler
                0x080016b0                SAI3_IRQHandler
                0x080016b0                ETH_WKUP_IRQHandler
                0x080016b0                SPDIF_RX_IRQHandler
                0x080016b0                OTG_HS_EP1_IN_IRQHandler
                0x080016b0                DMA1_Stream0_IRQHandler
                0x080016b0                CRS_IRQHandler
                0x080016b0                EXTI4_IRQHandler
                0x080016b0                RNG_IRQHandler
                0x080016b0                HRTIM1_TIMB_IRQHandler
                0x080016b0                FDCAN2_IT1_IRQHandler
                0x080016b0                ETH_IRQHandler
                0x080016b0                TIM1_UP_IRQHandler
                0x080016b0                BDMA_Channel4_IRQHandler
                0x080016b0                OTG_HS_EP1_OUT_IRQHandler
                0x080016b0                WWDG_IRQHandler
                0x080016b0                SPI6_IRQHandler
                0x080016b0                MDIOS_IRQHandler
                0x080016b0                I2C4_EV_IRQHandler
                0x080016b0                FDCAN2_IT0_IRQHandler
                0x080016b0                LPUART1_IRQHandler
                0x080016b0                FDCAN1_IT0_IRQHandler
                0x080016b0                TIM2_IRQHandler
                0x080016b0                OTG_FS_WKUP_IRQHandler
                0x080016b0                OTG_HS_IRQHandler
                0x080016b0                DMA2D_IRQHandler
                0x080016b0                TIM1_BRK_IRQHandler
                0x080016b0                EXTI1_IRQHandler
                0x080016b0                SDMMC2_IRQHandler
                0x080016b0                OTG_FS_EP1_OUT_IRQHandler
                0x080016b0                BDMA_Channel3_IRQHandler
                0x080016b0                UART7_IRQHandler
                0x080016b0                MDIOS_WKUP_IRQHandler
                0x080016b0                USART2_IRQHandler
                0x080016b0                DFSDM1_FLT0_IRQHandler
                0x080016b0                SAI4_IRQHandler
                0x080016b0                I2C2_ER_IRQHandler
                0x080016b0                DMA2_Stream1_IRQHandler
                0x080016b0                FLASH_IRQHandler
                0x080016b0                DMA2_Stream4_IRQHandler
                0x080016b0                USART1_IRQHandler
                0x080016b0                OTG_FS_IRQHandler
                0x080016b0                SPI3_IRQHandler
                0x080016b0                WAKEUP_PIN_IRQHandler
                0x080016b0                DMA1_Stream4_IRQHandler
                0x080016b0                OTG_FS_EP1_IN_IRQHandler
                0x080016b0                I2C1_ER_IRQHandler
                0x080016b0                FMC_IRQHandler
                0x080016b0                FDCAN_CAL_IRQHandler
                0x080016b0                SWPMI1_IRQHandler
                0x080016b0                COMP1_IRQHandler
                0x080016b0                LPTIM1_IRQHandler
                0x080016b0                I2C4_ER_IRQHandler
                0x080016b0                DMA2_Stream6_IRQHandler
                0x080016b0                SAI1_IRQHandler
                0x080016b0                DMA1_Stream3_IRQHandler
 *fill*         0x080016b2        0x2 
 .text.BSP_LED_Init
                0x080016b4       0xec ./Drivers/BSP/STM32H7xx_Nucleo/stm32h7xx_nucleo.o
                0x080016b4                BSP_LED_Init
 .text.BSP_LED_On
                0x080017a0       0x54 ./Drivers/BSP/STM32H7xx_Nucleo/stm32h7xx_nucleo.o
                0x080017a0                BSP_LED_On
 .text.BSP_LED_Off
                0x080017f4       0x54 ./Drivers/BSP/STM32H7xx_Nucleo/stm32h7xx_nucleo.o
                0x080017f4                BSP_LED_Off
 .text.BSP_LED_Toggle
                0x08001848       0x54 ./Drivers/BSP/STM32H7xx_Nucleo/stm32h7xx_nucleo.o
                0x08001848                BSP_LED_Toggle
 .text.BSP_PB_Init
                0x0800189c       0xe4 ./Drivers/BSP/STM32H7xx_Nucleo/stm32h7xx_nucleo.o
                0x0800189c                BSP_PB_Init
 .text.BSP_PB_IRQHandler
                0x08001980       0x24 ./Drivers/BSP/STM32H7xx_Nucleo/stm32h7xx_nucleo.o
                0x08001980                BSP_PB_IRQHandler
 .text.BSP_COM_Init
                0x080019a4       0x60 ./Drivers/BSP/STM32H7xx_Nucleo/stm32h7xx_nucleo.o
                0x080019a4                BSP_COM_Init
 .text.MX_USART3_Init
                0x08001a04       0x64 ./Drivers/BSP/STM32H7xx_Nucleo/stm32h7xx_nucleo.o
                0x08001a04                MX_USART3_Init
 .text.__io_putchar
                0x08001a68       0x38 ./Drivers/BSP/STM32H7xx_Nucleo/stm32h7xx_nucleo.o
                0x08001a68                __io_putchar
 .text.BUTTON_USER_EXTI_Callback
                0x08001aa0        0xe ./Drivers/BSP/STM32H7xx_Nucleo/stm32h7xx_nucleo.o
 *fill*         0x08001aae        0x2 
 .text.COM1_MspInit
                0x08001ab0       0xb0 ./Drivers/BSP/STM32H7xx_Nucleo/stm32h7xx_nucleo.o
 .text.HAL_Init
                0x08001b60       0x78 ./Drivers/STM32H7xx_HAL_Driver/Src/stm32h7xx_hal.o
                0x08001b60                HAL_Init
 .text.HAL_InitTick
                0x08001bd8       0x6c ./Drivers/STM32H7xx_HAL_Driver/Src/stm32h7xx_hal.o
                0x08001bd8                HAL_InitTick
 .text.HAL_IncTick
                0x08001c44       0x28 ./Drivers/STM32H7xx_HAL_Driver/Src/stm32h7xx_hal.o
                0x08001c44                HAL_IncTick
 .text.HAL_GetTick
                0x08001c6c       0x18 ./Drivers/STM32H7xx_HAL_Driver/Src/stm32h7xx_hal.o
                0x08001c6c                HAL_GetTick
 .text.HAL_Delay
                0x08001c84       0x48 ./Drivers/STM32H7xx_HAL_Driver/Src/stm32h7xx_hal.o
                0x08001c84                HAL_Delay
 .text.HAL_GetREVID
                0x08001ccc       0x18 ./Drivers/STM32H7xx_HAL_Driver/Src/stm32h7xx_hal.o
                0x08001ccc                HAL_GetREVID
 .text.__NVIC_SetPriorityGrouping
                0x08001ce4       0x48 ./Drivers/STM32H7xx_HAL_Driver/Src/stm32h7xx_hal_cortex.o
 .text.__NVIC_GetPriorityGrouping
                0x08001d2c       0x1c ./Drivers/STM32H7xx_HAL_Driver/Src/stm32h7xx_hal_cortex.o
 .text.__NVIC_EnableIRQ
                0x08001d48       0x3c ./Drivers/STM32H7xx_HAL_Driver/Src/stm32h7xx_hal_cortex.o
 .text.__NVIC_DisableIRQ
                0x08001d84       0x48 ./Drivers/STM32H7xx_HAL_Driver/Src/stm32h7xx_hal_cortex.o
 .text.__NVIC_SetPriority
                0x08001dcc       0x54 ./Drivers/STM32H7xx_HAL_Driver/Src/stm32h7xx_hal_cortex.o
 .text.NVIC_EncodePriority
                0x08001e20       0x66 ./Drivers/STM32H7xx_HAL_Driver/Src/stm32h7xx_hal_cortex.o
 *fill*         0x08001e86        0x2 
 .text.SysTick_Config
                0x08001e88       0x44 ./Drivers/STM32H7xx_HAL_Driver/Src/stm32h7xx_hal_cortex.o
 .text.HAL_NVIC_SetPriorityGrouping
                0x08001ecc       0x16 ./Drivers/STM32H7xx_HAL_Driver/Src/stm32h7xx_hal_cortex.o
                0x08001ecc                HAL_NVIC_SetPriorityGrouping
 .text.HAL_NVIC_SetPriority
                0x08001ee2       0x34 ./Drivers/STM32H7xx_HAL_Driver/Src/stm32h7xx_hal_cortex.o
                0x08001ee2                HAL_NVIC_SetPriority
 .text.HAL_NVIC_EnableIRQ
                0x08001f16       0x1c ./Drivers/STM32H7xx_HAL_Driver/Src/stm32h7xx_hal_cortex.o
                0x08001f16                HAL_NVIC_EnableIRQ
 .text.HAL_NVIC_DisableIRQ
                0x08001f32       0x1c ./Drivers/STM32H7xx_HAL_Driver/Src/stm32h7xx_hal_cortex.o
                0x08001f32                HAL_NVIC_DisableIRQ
 .text.HAL_SYSTICK_Config
                0x08001f4e       0x18 ./Drivers/STM32H7xx_HAL_Driver/Src/stm32h7xx_hal_cortex.o
                0x08001f4e                HAL_SYSTICK_Config
 *fill*         0x08001f66        0x2 
 .text.HAL_MPU_Disable
                0x08001f68       0x30 ./Drivers/STM32H7xx_HAL_Driver/Src/stm32h7xx_hal_cortex.o
                0x08001f68                HAL_MPU_Disable
 .text.HAL_MPU_Enable
                0x08001f98       0x40 ./Drivers/STM32H7xx_HAL_Driver/Src/stm32h7xx_hal_cortex.o
                0x08001f98                HAL_MPU_Enable
 .text.HAL_MPU_ConfigRegion
                0x08001fd8       0x80 ./Drivers/STM32H7xx_HAL_Driver/Src/stm32h7xx_hal_cortex.o
                0x08001fd8                HAL_MPU_ConfigRegion
 .text.HAL_DMA_Abort_IT
                0x08002058      0x48c ./Drivers/STM32H7xx_HAL_Driver/Src/stm32h7xx_hal_dma.o
                0x08002058                HAL_DMA_Abort_IT
 .text.HAL_EXTI_RegisterCallback
                0x080024e4       0x3e ./Drivers/STM32H7xx_HAL_Driver/Src/stm32h7xx_hal_exti.o
                0x080024e4                HAL_EXTI_RegisterCallback
 .text.HAL_EXTI_GetHandle
                0x08002522       0x28 ./Drivers/STM32H7xx_HAL_Driver/Src/stm32h7xx_hal_exti.o
                0x08002522                HAL_EXTI_GetHandle
 *fill*         0x0800254a        0x2 
 .text.HAL_EXTI_IRQHandler
                0x0800254c       0x60 ./Drivers/STM32H7xx_HAL_Driver/Src/stm32h7xx_hal_exti.o
                0x0800254c                HAL_EXTI_IRQHandler
 .text.HAL_GPIO_Init
                0x080025ac      0x360 ./Drivers/STM32H7xx_HAL_Driver/Src/stm32h7xx_hal_gpio.o
                0x080025ac                HAL_GPIO_Init
 .text.HAL_GPIO_DeInit
                0x0800290c      0x214 ./Drivers/STM32H7xx_HAL_Driver/Src/stm32h7xx_hal_gpio.o
                0x0800290c                HAL_GPIO_DeInit
 .text.HAL_GPIO_ReadPin
                0x08002b20       0x30 ./Drivers/STM32H7xx_HAL_Driver/Src/stm32h7xx_hal_gpio.o
                0x08002b20                HAL_GPIO_ReadPin
 .text.HAL_GPIO_WritePin
                0x08002b50       0x32 ./Drivers/STM32H7xx_HAL_Driver/Src/stm32h7xx_hal_gpio.o
                0x08002b50                HAL_GPIO_WritePin
 .text.HAL_GPIO_TogglePin
                0x08002b82       0x34 ./Drivers/STM32H7xx_HAL_Driver/Src/stm32h7xx_hal_gpio.o
                0x08002b82                HAL_GPIO_TogglePin
 *fill*         0x08002bb6        0x2 
 .text.HAL_PWREx_ConfigSupply
                0x08002bb8       0x74 ./Drivers/STM32H7xx_HAL_Driver/Src/stm32h7xx_hal_pwr_ex.o
                0x08002bb8                HAL_PWREx_ConfigSupply
 .text.HAL_RCC_OscConfig
                0x08002c2c      0x8b4 ./Drivers/STM32H7xx_HAL_Driver/Src/stm32h7xx_hal_rcc.o
                0x08002c2c                HAL_RCC_OscConfig
 .text.HAL_RCC_ClockConfig
                0x080034e0      0x36c ./Drivers/STM32H7xx_HAL_Driver/Src/stm32h7xx_hal_rcc.o
                0x080034e0                HAL_RCC_ClockConfig
 .text.HAL_RCC_GetSysClockFreq
                0x0800384c      0x2f4 ./Drivers/STM32H7xx_HAL_Driver/Src/stm32h7xx_hal_rcc.o
                0x0800384c                HAL_RCC_GetSysClockFreq
 .text.HAL_RCC_GetHCLKFreq
                0x08003b40       0x60 ./Drivers/STM32H7xx_HAL_Driver/Src/stm32h7xx_hal_rcc.o
                0x08003b40                HAL_RCC_GetHCLKFreq
 .text.HAL_RCC_GetPCLK1Freq
                0x08003ba0       0x2c ./Drivers/STM32H7xx_HAL_Driver/Src/stm32h7xx_hal_rcc.o
                0x08003ba0                HAL_RCC_GetPCLK1Freq
 .text.HAL_RCC_GetPCLK2Freq
                0x08003bcc       0x2c ./Drivers/STM32H7xx_HAL_Driver/Src/stm32h7xx_hal_rcc.o
                0x08003bcc                HAL_RCC_GetPCLK2Freq
 .text.HAL_RCCEx_PeriphCLKConfig
                0x08003bf8     0x1414 ./Drivers/STM32H7xx_HAL_Driver/Src/stm32h7xx_hal_rcc_ex.o
                0x08003bf8                HAL_RCCEx_PeriphCLKConfig
 .text.HAL_RCCEx_GetD3PCLK1Freq
                0x0800500c       0x2c ./Drivers/STM32H7xx_HAL_Driver/Src/stm32h7xx_hal_rcc_ex.o
                0x0800500c                HAL_RCCEx_GetD3PCLK1Freq
 .text.HAL_RCCEx_GetPLL2ClockFreq
                0x08005038      0x2a8 ./Drivers/STM32H7xx_HAL_Driver/Src/stm32h7xx_hal_rcc_ex.o
                0x08005038                HAL_RCCEx_GetPLL2ClockFreq
 .text.HAL_RCCEx_GetPLL3ClockFreq
                0x080052e0      0x2a8 ./Drivers/STM32H7xx_HAL_Driver/Src/stm32h7xx_hal_rcc_ex.o
                0x080052e0                HAL_RCCEx_GetPLL3ClockFreq
 .text.RCCEx_PLL2_Config
                0x08005588      0x164 ./Drivers/STM32H7xx_HAL_Driver/Src/stm32h7xx_hal_rcc_ex.o
 .text.RCCEx_PLL3_Config
                0x080056ec      0x164 ./Drivers/STM32H7xx_HAL_Driver/Src/stm32h7xx_hal_rcc_ex.o
 .text.HAL_SPI_Init
                0x08005850      0x248 ./Drivers/STM32H7xx_HAL_Driver/Src/stm32h7xx_hal_spi.o
                0x08005850                HAL_SPI_Init
 .text.HAL_SPI_DeInit
                0x08005a98       0x52 ./Drivers/STM32H7xx_HAL_Driver/Src/stm32h7xx_hal_spi.o
                0x08005a98                HAL_SPI_DeInit
 *fill*         0x08005aea        0x2 
 .text.HAL_SPI_Transmit
                0x08005aec      0x3dc ./Drivers/STM32H7xx_HAL_Driver/Src/stm32h7xx_hal_spi.o
                0x08005aec                HAL_SPI_Transmit
 .text.HAL_SPI_Receive
                0x08005ec8      0x4e4 ./Drivers/STM32H7xx_HAL_Driver/Src/stm32h7xx_hal_spi.o
                0x08005ec8                HAL_SPI_Receive
 .text.HAL_SPI_TransmitReceive
                0x080063ac      0x674 ./Drivers/STM32H7xx_HAL_Driver/Src/stm32h7xx_hal_spi.o
                0x080063ac                HAL_SPI_TransmitReceive
 .text.HAL_SPI_IRQHandler
                0x08006a20      0x39c ./Drivers/STM32H7xx_HAL_Driver/Src/stm32h7xx_hal_spi.o
                0x08006a20                HAL_SPI_IRQHandler
 .text.HAL_SPI_TxCpltCallback
                0x08006dbc       0x14 ./Drivers/STM32H7xx_HAL_Driver/Src/stm32h7xx_hal_spi.o
                0x08006dbc                HAL_SPI_TxCpltCallback
 .text.HAL_SPI_RxCpltCallback
                0x08006dd0       0x14 ./Drivers/STM32H7xx_HAL_Driver/Src/stm32h7xx_hal_spi.o
                0x08006dd0                HAL_SPI_RxCpltCallback
 .text.HAL_SPI_TxRxCpltCallback
                0x08006de4       0x14 ./Drivers/STM32H7xx_HAL_Driver/Src/stm32h7xx_hal_spi.o
                0x08006de4                HAL_SPI_TxRxCpltCallback
 .text.HAL_SPI_ErrorCallback
                0x08006df8       0x14 ./Drivers/STM32H7xx_HAL_Driver/Src/stm32h7xx_hal_spi.o
                0x08006df8                HAL_SPI_ErrorCallback
 .text.HAL_SPI_SuspendCallback
                0x08006e0c       0x14 ./Drivers/STM32H7xx_HAL_Driver/Src/stm32h7xx_hal_spi.o
                0x08006e0c                HAL_SPI_SuspendCallback
 .text.SPI_DMAAbortOnError
                0x08006e20       0x34 ./Drivers/STM32H7xx_HAL_Driver/Src/stm32h7xx_hal_spi.o
 .text.SPI_CloseTransfer
                0x08006e54      0x140 ./Drivers/STM32H7xx_HAL_Driver/Src/stm32h7xx_hal_spi.o
 .text.SPI_WaitOnFlagUntilTimeout
                0x08006f94       0x5c ./Drivers/STM32H7xx_HAL_Driver/Src/stm32h7xx_hal_spi.o
 .text.SPI_GetPacketSize
                0x08006ff0       0x36 ./Drivers/STM32H7xx_HAL_Driver/Src/stm32h7xx_hal_spi.o
 .text.HAL_UART_Init
                0x08007026       0xa0 ./Drivers/STM32H7xx_HAL_Driver/Src/stm32h7xx_hal_uart.o
                0x08007026                HAL_UART_Init
 .text.HAL_UART_MspInit
                0x080070c6       0x14 ./Drivers/STM32H7xx_HAL_Driver/Src/stm32h7xx_hal_uart.o
                0x080070c6                HAL_UART_MspInit
 .text.HAL_UART_Transmit
                0x080070da      0x11c ./Drivers/STM32H7xx_HAL_Driver/Src/stm32h7xx_hal_uart.o
                0x080070da                HAL_UART_Transmit
 *fill*         0x080071f6        0x2 
 .text.UART_SetConfig
                0x080071f8      0xad0 ./Drivers/STM32H7xx_HAL_Driver/Src/stm32h7xx_hal_uart.o
                0x080071f8                UART_SetConfig
 .text.UART_AdvFeatureConfig
                0x08007cc8      0x144 ./Drivers/STM32H7xx_HAL_Driver/Src/stm32h7xx_hal_uart.o
                0x08007cc8                UART_AdvFeatureConfig
 .text.UART_CheckIdleState
                0x08007e0c      0x154 ./Drivers/STM32H7xx_HAL_Driver/Src/stm32h7xx_hal_uart.o
                0x08007e0c                UART_CheckIdleState
 .text.UART_WaitOnFlagUntilTimeout
                0x08007f60       0xda ./Drivers/STM32H7xx_HAL_Driver/Src/stm32h7xx_hal_uart.o
                0x08007f60                UART_WaitOnFlagUntilTimeout
 *fill*         0x0800803a        0x2 
 .text.UART_EndRxTransfer
                0x0800803c       0xcc ./Drivers/STM32H7xx_HAL_Driver/Src/stm32h7xx_hal_uart.o
 .text.std      0x08008108       0x6c C:/ST/STM32CubeIDE_1.18.1/STM32CubeIDE/plugins/com.st.stm32cube.ide.mcu.externaltools.gnu-tools-for-stm32.13.3.rel1.win32_1.0.0.202411081344/tools/bin/../lib/gcc/arm-none-eabi/13.3.1/../../../../arm-none-eabi/lib/thumb/v7e-m+dp/hard\libc_nano.a(libc_a-findfp.o)
 .text.stdio_exit_handler
                0x08008174       0x18 C:/ST/STM32CubeIDE_1.18.1/STM32CubeIDE/plugins/com.st.stm32cube.ide.mcu.externaltools.gnu-tools-for-stm32.13.3.rel1.win32_1.0.0.202411081344/tools/bin/../lib/gcc/arm-none-eabi/13.3.1/../../../../arm-none-eabi/lib/thumb/v7e-m+dp/hard\libc_nano.a(libc_a-findfp.o)
 .text.cleanup_stdio
                0x0800818c       0x40 C:/ST/STM32CubeIDE_1.18.1/STM32CubeIDE/plugins/com.st.stm32cube.ide.mcu.externaltools.gnu-tools-for-stm32.13.3.rel1.win32_1.0.0.202411081344/tools/bin/../lib/gcc/arm-none-eabi/13.3.1/../../../../arm-none-eabi/lib/thumb/v7e-m+dp/hard\libc_nano.a(libc_a-findfp.o)
 .text.global_stdio_init.part.0
                0x080081cc       0x3c C:/ST/STM32CubeIDE_1.18.1/STM32CubeIDE/plugins/com.st.stm32cube.ide.mcu.externaltools.gnu-tools-for-stm32.13.3.rel1.win32_1.0.0.202411081344/tools/bin/../lib/gcc/arm-none-eabi/13.3.1/../../../../arm-none-eabi/lib/thumb/v7e-m+dp/hard\libc_nano.a(libc_a-findfp.o)
 .text.__sfp_lock_acquire
                0x08008208        0xc C:/ST/STM32CubeIDE_1.18.1/STM32CubeIDE/plugins/com.st.stm32cube.ide.mcu.externaltools.gnu-tools-for-stm32.13.3.rel1.win32_1.0.0.202411081344/tools/bin/../lib/gcc/arm-none-eabi/13.3.1/../../../../arm-none-eabi/lib/thumb/v7e-m+dp/hard\libc_nano.a(libc_a-findfp.o)
                0x08008208                __sfp_lock_acquire
 .text.__sfp_lock_release
                0x08008214        0xc C:/ST/STM32CubeIDE_1.18.1/STM32CubeIDE/plugins/com.st.stm32cube.ide.mcu.externaltools.gnu-tools-for-stm32.13.3.rel1.win32_1.0.0.202411081344/tools/bin/../lib/gcc/arm-none-eabi/13.3.1/../../../../arm-none-eabi/lib/thumb/v7e-m+dp/hard\libc_nano.a(libc_a-findfp.o)
                0x08008214                __sfp_lock_release
 .text.__sinit  0x08008220       0x30 C:/ST/STM32CubeIDE_1.18.1/STM32CubeIDE/plugins/com.st.stm32cube.ide.mcu.externaltools.gnu-tools-for-stm32.13.3.rel1.win32_1.0.0.202411081344/tools/bin/../lib/gcc/arm-none-eabi/13.3.1/../../../../arm-none-eabi/lib/thumb/v7e-m+dp/hard\libc_nano.a(libc_a-findfp.o)
                0x08008220                __sinit
 .text._fwalk_sglue
                0x08008250       0x3c C:/ST/STM32CubeIDE_1.18.1/STM32CubeIDE/plugins/com.st.stm32cube.ide.mcu.externaltools.gnu-tools-for-stm32.13.3.rel1.win32_1.0.0.202411081344/tools/bin/../lib/gcc/arm-none-eabi/13.3.1/../../../../arm-none-eabi/lib/thumb/v7e-m+dp/hard\libc_nano.a(libc_a-fwalk.o)
                0x08008250                _fwalk_sglue
 .text.printf   0x0800828c       0x24 C:/ST/STM32CubeIDE_1.18.1/STM32CubeIDE/plugins/com.st.stm32cube.ide.mcu.externaltools.gnu-tools-for-stm32.13.3.rel1.win32_1.0.0.202411081344/tools/bin/../lib/gcc/arm-none-eabi/13.3.1/../../../../arm-none-eabi/lib/thumb/v7e-m+dp/hard\libc_nano.a(libc_a-printf.o)
                0x0800828c                iprintf
                0x0800828c                printf
 .text.__sread  0x080082b0       0x22 C:/ST/STM32CubeIDE_1.18.1/STM32CubeIDE/plugins/com.st.stm32cube.ide.mcu.externaltools.gnu-tools-for-stm32.13.3.rel1.win32_1.0.0.202411081344/tools/bin/../lib/gcc/arm-none-eabi/13.3.1/../../../../arm-none-eabi/lib/thumb/v7e-m+dp/hard\libc_nano.a(libc_a-stdio.o)
                0x080082b0                __sread
 .text.__swrite
                0x080082d2       0x38 C:/ST/STM32CubeIDE_1.18.1/STM32CubeIDE/plugins/com.st.stm32cube.ide.mcu.externaltools.gnu-tools-for-stm32.13.3.rel1.win32_1.0.0.202411081344/tools/bin/../lib/gcc/arm-none-eabi/13.3.1/../../../../arm-none-eabi/lib/thumb/v7e-m+dp/hard\libc_nano.a(libc_a-stdio.o)
                0x080082d2                __swrite
 .text.__sseek  0x0800830a       0x24 C:/ST/STM32CubeIDE_1.18.1/STM32CubeIDE/plugins/com.st.stm32cube.ide.mcu.externaltools.gnu-tools-for-stm32.13.3.rel1.win32_1.0.0.202411081344/tools/bin/../lib/gcc/arm-none-eabi/13.3.1/../../../../arm-none-eabi/lib/thumb/v7e-m+dp/hard\libc_nano.a(libc_a-stdio.o)
                0x0800830a                __sseek
 .text.__sclose
                0x0800832e        0x8 C:/ST/STM32CubeIDE_1.18.1/STM32CubeIDE/plugins/com.st.stm32cube.ide.mcu.externaltools.gnu-tools-for-stm32.13.3.rel1.win32_1.0.0.202411081344/tools/bin/../lib/gcc/arm-none-eabi/13.3.1/../../../../arm-none-eabi/lib/thumb/v7e-m+dp/hard\libc_nano.a(libc_a-stdio.o)
                0x0800832e                __sclose
 .text.memset   0x08008336       0x10 C:/ST/STM32CubeIDE_1.18.1/STM32CubeIDE/plugins/com.st.stm32cube.ide.mcu.externaltools.gnu-tools-for-stm32.13.3.rel1.win32_1.0.0.202411081344/tools/bin/../lib/gcc/arm-none-eabi/13.3.1/../../../../arm-none-eabi/lib/thumb/v7e-m+dp/hard\libc_nano.a(libc_a-memset.o)
                0x08008336                memset
 *fill*         0x08008346        0x2 
 .text._close_r
                0x08008348       0x20 C:/ST/STM32CubeIDE_1.18.1/STM32CubeIDE/plugins/com.st.stm32cube.ide.mcu.externaltools.gnu-tools-for-stm32.13.3.rel1.win32_1.0.0.202411081344/tools/bin/../lib/gcc/arm-none-eabi/13.3.1/../../../../arm-none-eabi/lib/thumb/v7e-m+dp/hard\libc_nano.a(libc_a-closer.o)
                0x08008348                _close_r
 .text._lseek_r
                0x08008368       0x24 C:/ST/STM32CubeIDE_1.18.1/STM32CubeIDE/plugins/com.st.stm32cube.ide.mcu.externaltools.gnu-tools-for-stm32.13.3.rel1.win32_1.0.0.202411081344/tools/bin/../lib/gcc/arm-none-eabi/13.3.1/../../../../arm-none-eabi/lib/thumb/v7e-m+dp/hard\libc_nano.a(libc_a-lseekr.o)
                0x08008368                _lseek_r
 .text._read_r  0x0800838c       0x24 C:/ST/STM32CubeIDE_1.18.1/STM32CubeIDE/plugins/com.st.stm32cube.ide.mcu.externaltools.gnu-tools-for-stm32.13.3.rel1.win32_1.0.0.202411081344/tools/bin/../lib/gcc/arm-none-eabi/13.3.1/../../../../arm-none-eabi/lib/thumb/v7e-m+dp/hard\libc_nano.a(libc_a-readr.o)
                0x0800838c                _read_r
 .text._write_r
                0x080083b0       0x24 C:/ST/STM32CubeIDE_1.18.1/STM32CubeIDE/plugins/com.st.stm32cube.ide.mcu.externaltools.gnu-tools-for-stm32.13.3.rel1.win32_1.0.0.202411081344/tools/bin/../lib/gcc/arm-none-eabi/13.3.1/../../../../arm-none-eabi/lib/thumb/v7e-m+dp/hard\libc_nano.a(libc_a-writer.o)
                0x080083b0                _write_r
 .text.__errno  0x080083d4        0xc C:/ST/STM32CubeIDE_1.18.1/STM32CubeIDE/plugins/com.st.stm32cube.ide.mcu.externaltools.gnu-tools-for-stm32.13.3.rel1.win32_1.0.0.202411081344/tools/bin/../lib/gcc/arm-none-eabi/13.3.1/../../../../arm-none-eabi/lib/thumb/v7e-m+dp/hard\libc_nano.a(libc_a-errno.o)
                0x080083d4                __errno
 .text.__libc_init_array
                0x080083e0       0x48 C:/ST/STM32CubeIDE_1.18.1/STM32CubeIDE/plugins/com.st.stm32cube.ide.mcu.externaltools.gnu-tools-for-stm32.13.3.rel1.win32_1.0.0.202411081344/tools/bin/../lib/gcc/arm-none-eabi/13.3.1/../../../../arm-none-eabi/lib/thumb/v7e-m+dp/hard\libc_nano.a(libc_a-init.o)
                0x080083e0                __libc_init_array
 .text.__retarget_lock_init_recursive
                0x08008428        0x2 C:/ST/STM32CubeIDE_1.18.1/STM32CubeIDE/plugins/com.st.stm32cube.ide.mcu.externaltools.gnu-tools-for-stm32.13.3.rel1.win32_1.0.0.202411081344/tools/bin/../lib/gcc/arm-none-eabi/13.3.1/../../../../arm-none-eabi/lib/thumb/v7e-m+dp/hard\libc_nano.a(libc_a-lock.o)
                0x08008428                __retarget_lock_init_recursive
 .text.__retarget_lock_acquire_recursive
                0x0800842a        0x2 C:/ST/STM32CubeIDE_1.18.1/STM32CubeIDE/plugins/com.st.stm32cube.ide.mcu.externaltools.gnu-tools-for-stm32.13.3.rel1.win32_1.0.0.202411081344/tools/bin/../lib/gcc/arm-none-eabi/13.3.1/../../../../arm-none-eabi/lib/thumb/v7e-m+dp/hard\libc_nano.a(libc_a-lock.o)
                0x0800842a                __retarget_lock_acquire_recursive
 .text.__retarget_lock_release_recursive
                0x0800842c        0x2 C:/ST/STM32CubeIDE_1.18.1/STM32CubeIDE/plugins/com.st.stm32cube.ide.mcu.externaltools.gnu-tools-for-stm32.13.3.rel1.win32_1.0.0.202411081344/tools/bin/../lib/gcc/arm-none-eabi/13.3.1/../../../../arm-none-eabi/lib/thumb/v7e-m+dp/hard\libc_nano.a(libc_a-lock.o)
                0x0800842c                __retarget_lock_release_recursive
 *fill*         0x0800842e        0x2 
 .text._free_r  0x08008430       0x94 C:/ST/STM32CubeIDE_1.18.1/STM32CubeIDE/plugins/com.st.stm32cube.ide.mcu.externaltools.gnu-tools-for-stm32.13.3.rel1.win32_1.0.0.202411081344/tools/bin/../lib/gcc/arm-none-eabi/13.3.1/../../../../arm-none-eabi/lib/thumb/v7e-m+dp/hard\libc_nano.a(libc_a-freer.o)
                0x08008430                _free_r
 .text.sbrk_aligned
                0x080084c4       0x44 C:/ST/STM32CubeIDE_1.18.1/STM32CubeIDE/plugins/com.st.stm32cube.ide.mcu.externaltools.gnu-tools-for-stm32.13.3.rel1.win32_1.0.0.202411081344/tools/bin/../lib/gcc/arm-none-eabi/13.3.1/../../../../arm-none-eabi/lib/thumb/v7e-m+dp/hard\libc_nano.a(libc_a-mallocr.o)
 .text._malloc_r
                0x08008508      0x100 C:/ST/STM32CubeIDE_1.18.1/STM32CubeIDE/plugins/com.st.stm32cube.ide.mcu.externaltools.gnu-tools-for-stm32.13.3.rel1.win32_1.0.0.202411081344/tools/bin/../lib/gcc/arm-none-eabi/13.3.1/../../../../arm-none-eabi/lib/thumb/v7e-m+dp/hard\libc_nano.a(libc_a-mallocr.o)
                0x08008508                _malloc_r
 .text.__malloc_lock
                0x08008608        0xc C:/ST/STM32CubeIDE_1.18.1/STM32CubeIDE/plugins/com.st.stm32cube.ide.mcu.externaltools.gnu-tools-for-stm32.13.3.rel1.win32_1.0.0.202411081344/tools/bin/../lib/gcc/arm-none-eabi/13.3.1/../../../../arm-none-eabi/lib/thumb/v7e-m+dp/hard\libc_nano.a(libc_a-mlock.o)
                0x08008608                __malloc_lock
 .text.__malloc_unlock
                0x08008614        0xc C:/ST/STM32CubeIDE_1.18.1/STM32CubeIDE/plugins/com.st.stm32cube.ide.mcu.externaltools.gnu-tools-for-stm32.13.3.rel1.win32_1.0.0.202411081344/tools/bin/../lib/gcc/arm-none-eabi/13.3.1/../../../../arm-none-eabi/lib/thumb/v7e-m+dp/hard\libc_nano.a(libc_a-mlock.o)
                0x08008614                __malloc_unlock
 .text.__sfputc_r
                0x08008620       0x2e C:/ST/STM32CubeIDE_1.18.1/STM32CubeIDE/plugins/com.st.stm32cube.ide.mcu.externaltools.gnu-tools-for-stm32.13.3.rel1.win32_1.0.0.202411081344/tools/bin/../lib/gcc/arm-none-eabi/13.3.1/../../../../arm-none-eabi/lib/thumb/v7e-m+dp/hard\libc_nano.a(libc_a-nano-vfprintf.o)
 .text.__sfputs_r
                0x0800864e       0x24 C:/ST/STM32CubeIDE_1.18.1/STM32CubeIDE/plugins/com.st.stm32cube.ide.mcu.externaltools.gnu-tools-for-stm32.13.3.rel1.win32_1.0.0.202411081344/tools/bin/../lib/gcc/arm-none-eabi/13.3.1/../../../../arm-none-eabi/lib/thumb/v7e-m+dp/hard\libc_nano.a(libc_a-nano-vfprintf.o)
                0x0800864e                __sfputs_r
 *fill*         0x08008672        0x2 
 .text._vfprintf_r
                0x08008674      0x230 C:/ST/STM32CubeIDE_1.18.1/STM32CubeIDE/plugins/com.st.stm32cube.ide.mcu.externaltools.gnu-tools-for-stm32.13.3.rel1.win32_1.0.0.202411081344/tools/bin/../lib/gcc/arm-none-eabi/13.3.1/../../../../arm-none-eabi/lib/thumb/v7e-m+dp/hard\libc_nano.a(libc_a-nano-vfprintf.o)
                0x08008674                _vfprintf_r
                0x08008674                _vfiprintf_r
 .text._printf_common
                0x080088a4       0xda C:/ST/STM32CubeIDE_1.18.1/STM32CubeIDE/plugins/com.st.stm32cube.ide.mcu.externaltools.gnu-tools-for-stm32.13.3.rel1.win32_1.0.0.202411081344/tools/bin/../lib/gcc/arm-none-eabi/13.3.1/../../../../arm-none-eabi/lib/thumb/v7e-m+dp/hard\libc_nano.a(libc_a-nano-vfprintf_i.o)
                0x080088a4                _printf_common
 *fill*         0x0800897e        0x2 
 .text._printf_i
                0x08008980      0x23c C:/ST/STM32CubeIDE_1.18.1/STM32CubeIDE/plugins/com.st.stm32cube.ide.mcu.externaltools.gnu-tools-for-stm32.13.3.rel1.win32_1.0.0.202411081344/tools/bin/../lib/gcc/arm-none-eabi/13.3.1/../../../../arm-none-eabi/lib/thumb/v7e-m+dp/hard\libc_nano.a(libc_a-nano-vfprintf_i.o)
                0x08008980                _printf_i
 .text.__sflush_r
                0x08008bbc      0x108 C:/ST/STM32CubeIDE_1.18.1/STM32CubeIDE/plugins/com.st.stm32cube.ide.mcu.externaltools.gnu-tools-for-stm32.13.3.rel1.win32_1.0.0.202411081344/tools/bin/../lib/gcc/arm-none-eabi/13.3.1/../../../../arm-none-eabi/lib/thumb/v7e-m+dp/hard\libc_nano.a(libc_a-fflush.o)
                0x08008bbc                __sflush_r
 .text._fflush_r
                0x08008cc4       0x50 C:/ST/STM32CubeIDE_1.18.1/STM32CubeIDE/plugins/com.st.stm32cube.ide.mcu.externaltools.gnu-tools-for-stm32.13.3.rel1.win32_1.0.0.202411081344/tools/bin/../lib/gcc/arm-none-eabi/13.3.1/../../../../arm-none-eabi/lib/thumb/v7e-m+dp/hard\libc_nano.a(libc_a-fflush.o)
                0x08008cc4                _fflush_r
 .text.__swbuf_r
                0x08008d14       0x7c C:/ST/STM32CubeIDE_1.18.1/STM32CubeIDE/plugins/com.st.stm32cube.ide.mcu.externaltools.gnu-tools-for-stm32.13.3.rel1.win32_1.0.0.202411081344/tools/bin/../lib/gcc/arm-none-eabi/13.3.1/../../../../arm-none-eabi/lib/thumb/v7e-m+dp/hard\libc_nano.a(libc_a-wbuf.o)
                0x08008d14                __swbuf_r
 .text.__swsetup_r
                0x08008d90       0xac C:/ST/STM32CubeIDE_1.18.1/STM32CubeIDE/plugins/com.st.stm32cube.ide.mcu.externaltools.gnu-tools-for-stm32.13.3.rel1.win32_1.0.0.202411081344/tools/bin/../lib/gcc/arm-none-eabi/13.3.1/../../../../arm-none-eabi/lib/thumb/v7e-m+dp/hard\libc_nano.a(libc_a-wsetup.o)
                0x08008d90                __swsetup_r
 .text._sbrk_r  0x08008e3c       0x20 C:/ST/STM32CubeIDE_1.18.1/STM32CubeIDE/plugins/com.st.stm32cube.ide.mcu.externaltools.gnu-tools-for-stm32.13.3.rel1.win32_1.0.0.202411081344/tools/bin/../lib/gcc/arm-none-eabi/13.3.1/../../../../arm-none-eabi/lib/thumb/v7e-m+dp/hard\libc_nano.a(libc_a-sbrkr.o)
                0x08008e3c                _sbrk_r
 .text.__swhatbuf_r
                0x08008e5c       0x4c C:/ST/STM32CubeIDE_1.18.1/STM32CubeIDE/plugins/com.st.stm32cube.ide.mcu.externaltools.gnu-tools-for-stm32.13.3.rel1.win32_1.0.0.202411081344/tools/bin/../lib/gcc/arm-none-eabi/13.3.1/../../../../arm-none-eabi/lib/thumb/v7e-m+dp/hard\libc_nano.a(libc_a-makebuf.o)
                0x08008e5c                __swhatbuf_r
 .text.__smakebuf_r
                0x08008ea8       0x78 C:/ST/STM32CubeIDE_1.18.1/STM32CubeIDE/plugins/com.st.stm32cube.ide.mcu.externaltools.gnu-tools-for-stm32.13.3.rel1.win32_1.0.0.202411081344/tools/bin/../lib/gcc/arm-none-eabi/13.3.1/../../../../arm-none-eabi/lib/thumb/v7e-m+dp/hard\libc_nano.a(libc_a-makebuf.o)
                0x08008ea8                __smakebuf_r
 .text._fstat_r
                0x08008f20       0x24 C:/ST/STM32CubeIDE_1.18.1/STM32CubeIDE/plugins/com.st.stm32cube.ide.mcu.externaltools.gnu-tools-for-stm32.13.3.rel1.win32_1.0.0.202411081344/tools/bin/../lib/gcc/arm-none-eabi/13.3.1/../../../../arm-none-eabi/lib/thumb/v7e-m+dp/hard\libc_nano.a(libc_a-fstatr.o)
                0x08008f20                _fstat_r
 .text._isatty_r
                0x08008f44       0x20 C:/ST/STM32CubeIDE_1.18.1/STM32CubeIDE/plugins/com.st.stm32cube.ide.mcu.externaltools.gnu-tools-for-stm32.13.3.rel1.win32_1.0.0.202411081344/tools/bin/../lib/gcc/arm-none-eabi/13.3.1/../../../../arm-none-eabi/lib/thumb/v7e-m+dp/hard\libc_nano.a(libc_a-isattyr.o)
                0x08008f44                _isatty_r
 *(.glue_7)
 .glue_7        0x08008f64        0x0 linker stubs
 *(.glue_7t)
 .glue_7t       0x08008f64        0x0 linker stubs
 *(.eh_frame)
 .eh_frame      0x08008f64        0x0 C:/ST/STM32CubeIDE_1.18.1/STM32CubeIDE/plugins/com.st.stm32cube.ide.mcu.externaltools.gnu-tools-for-stm32.13.3.rel1.win32_1.0.0.202411081344/tools/bin/../lib/gcc/arm-none-eabi/13.3.1/thumb/v7e-m+dp/hard/crtbegin.o
 *(.init)
 .init          0x08008f64        0x4 C:/ST/STM32CubeIDE_1.18.1/STM32CubeIDE/plugins/com.st.stm32cube.ide.mcu.externaltools.gnu-tools-for-stm32.13.3.rel1.win32_1.0.0.202411081344/tools/bin/../lib/gcc/arm-none-eabi/13.3.1/thumb/v7e-m+dp/hard/crti.o
                0x08008f64                _init
 .init          0x08008f68        0x8 C:/ST/STM32CubeIDE_1.18.1/STM32CubeIDE/plugins/com.st.stm32cube.ide.mcu.externaltools.gnu-tools-for-stm32.13.3.rel1.win32_1.0.0.202411081344/tools/bin/../lib/gcc/arm-none-eabi/13.3.1/thumb/v7e-m+dp/hard/crtn.o
 *(.fini)
 .fini          0x08008f70        0x4 C:/ST/STM32CubeIDE_1.18.1/STM32CubeIDE/plugins/com.st.stm32cube.ide.mcu.externaltools.gnu-tools-for-stm32.13.3.rel1.win32_1.0.0.202411081344/tools/bin/../lib/gcc/arm-none-eabi/13.3.1/thumb/v7e-m+dp/hard/crti.o
                0x08008f70                _fini
 .fini          0x08008f74        0x8 C:/ST/STM32CubeIDE_1.18.1/STM32CubeIDE/plugins/com.st.stm32cube.ide.mcu.externaltools.gnu-tools-for-stm32.13.3.rel1.win32_1.0.0.202411081344/tools/bin/../lib/gcc/arm-none-eabi/13.3.1/thumb/v7e-m+dp/hard/crtn.o
                0x08008f7c                        . = ALIGN (0x4)
                0x08008f7c                        _etext = .

.vfp11_veneer   0x08008f7c        0x0
 .vfp11_veneer  0x08008f7c        0x0 linker stubs

.v4_bx          0x08008f7c        0x0
 .v4_bx         0x08008f7c        0x0 linker stubs

.iplt           0x08008f7c        0x0
 .iplt          0x08008f7c        0x0 C:/ST/STM32CubeIDE_1.18.1/STM32CubeIDE/plugins/com.st.stm32cube.ide.mcu.externaltools.gnu-tools-for-stm32.13.3.rel1.win32_1.0.0.202411081344/tools/bin/../lib/gcc/arm-none-eabi/13.3.1/thumb/v7e-m+dp/hard/crtbegin.o

.rodata         0x08008f7c     0x20e8
                0x08008f7c                        . = ALIGN (0x4)
 *(.rodata)
 .rodata        0x08008f7c       0xad ./Core/Src/CC1201_commands.o
 *fill*         0x08009029        0x3 
 .rodata        0x0800902c      0x31e ./Core/Src/CC1201_simple_link_reg_config.o
 *fill*         0x0800934a        0x2 
 .rodata        0x0800934c     0x1cb0 ./Core/Src/main.o
 *(.rodata*)
 .rodata.D1CorePrescTable
                0x0800affc       0x10 ./Core/Src/system_stm32h7xx.o
                0x0800affc                D1CorePrescTable
 .rodata.LED_PIN
                0x0800b00c        0x6 ./Drivers/BSP/STM32H7xx_Nucleo/stm32h7xx_nucleo.o
 *fill*         0x0800b012        0x2 
 .rodata.BUTTON_EXTI_LINE.2
                0x0800b014        0x4 ./Drivers/BSP/STM32H7xx_Nucleo/stm32h7xx_nucleo.o
 .rodata.UARTPrescTable
                0x0800b018       0x18 ./Drivers/STM32H7xx_HAL_Driver/Src/stm32h7xx_hal_uart.o
                0x0800b018                UARTPrescTable
 .rodata._vfprintf_r.str1.1
                0x0800b030       0x33 C:/ST/STM32CubeIDE_1.18.1/STM32CubeIDE/plugins/com.st.stm32cube.ide.mcu.externaltools.gnu-tools-for-stm32.13.3.rel1.win32_1.0.0.202411081344/tools/bin/../lib/gcc/arm-none-eabi/13.3.1/../../../../arm-none-eabi/lib/thumb/v7e-m+dp/hard\libc_nano.a(libc_a-nano-vfprintf.o)
                                 0x11 (size before relaxing)
 .rodata._printf_i.str1.1
                0x0800b063       0x22 C:/ST/STM32CubeIDE_1.18.1/STM32CubeIDE/plugins/com.st.stm32cube.ide.mcu.externaltools.gnu-tools-for-stm32.13.3.rel1.win32_1.0.0.202411081344/tools/bin/../lib/gcc/arm-none-eabi/13.3.1/../../../../arm-none-eabi/lib/thumb/v7e-m+dp/hard\libc_nano.a(libc_a-nano-vfprintf_i.o)
                0x0800b088                        . = ALIGN (0x4)
 *fill*         0x0800b063        0x1 

.ARM.extab
 *(.ARM.extab* .gnu.linkonce.armextab.*)

.ARM            0x0800b064        0x8
                0x0800b064                        __exidx_start = .
 *(.ARM.exidx*)
 .ARM.exidx     0x0800b064        0x8 C:/ST/STM32CubeIDE_1.18.1/STM32CubeIDE/plugins/com.st.stm32cube.ide.mcu.externaltools.gnu-tools-for-stm32.13.3.rel1.win32_1.0.0.202411081344/tools/bin/../lib/gcc/arm-none-eabi/13.3.1/../../../../arm-none-eabi/lib/thumb/v7e-m+dp/hard\libc_nano.a(libc_a-memchr.o)
 .ARM.exidx     0x0800b06c        0x0 C:/ST/STM32CubeIDE_1.18.1/STM32CubeIDE/plugins/com.st.stm32cube.ide.mcu.externaltools.gnu-tools-for-stm32.13.3.rel1.win32_1.0.0.202411081344/tools/bin/../lib/gcc/arm-none-eabi/13.3.1/thumb/v7e-m+dp/hard\libgcc.a(_udivmoddi4.o)
                                  0x8 (size before relaxing)
                0x0800b06c                        __exidx_end = .

.preinit_array  0x0800b06c        0x0
                0x0800b06c                        PROVIDE (__preinit_array_start = .)
 *(.preinit_array*)
                0x0800b06c                        PROVIDE (__preinit_array_end = .)

.init_array     0x0800b06c        0x4
                0x0800b06c                        PROVIDE (__init_array_start = .)
 *(SORT_BY_NAME(.init_array.*))
 *(.init_array*)
 .init_array    0x0800b06c        0x4 C:/ST/STM32CubeIDE_1.18.1/STM32CubeIDE/plugins/com.st.stm32cube.ide.mcu.externaltools.gnu-tools-for-stm32.13.3.rel1.win32_1.0.0.202411081344/tools/bin/../lib/gcc/arm-none-eabi/13.3.1/thumb/v7e-m+dp/hard/crtbegin.o
                0x0800b070                        PROVIDE (__init_array_end = .)

.fini_array     0x0800b070        0x4
                [!provide]                        PROVIDE (__fini_array_start = .)
 *(SORT_BY_NAME(.fini_array.*))
 *(.fini_array*)
 .fini_array    0x0800b070        0x4 C:/ST/STM32CubeIDE_1.18.1/STM32CubeIDE/plugins/com.st.stm32cube.ide.mcu.externaltools.gnu-tools-for-stm32.13.3.rel1.win32_1.0.0.202411081344/tools/bin/../lib/gcc/arm-none-eabi/13.3.1/thumb/v7e-m+dp/hard/crtbegin.o
                [!provide]                        PROVIDE (__fini_array_end = .)
                0x0800b074                        _sidata = LOADADDR (.data)

.rel.dyn        0x0800b074        0x0
 .rel.iplt      0x0800b074        0x0 C:/ST/STM32CubeIDE_1.18.1/STM32CubeIDE/plugins/com.st.stm32cube.ide.mcu.externaltools.gnu-tools-for-stm32.13.3.rel1.win32_1.0.0.202411081344/tools/bin/../lib/gcc/arm-none-eabi/13.3.1/thumb/v7e-m+dp/hard/crtbegin.o

.data           0x24000000       0x88 load address 0x0800b074
                0x24000000                        . = ALIGN (0x4)
                0x24000000                        _sdata = .
 *(.data)
 *(.data*)
 .data.SystemCoreClock
                0x24000000        0x4 ./Core/Src/system_stm32h7xx.o
                0x24000000                SystemCoreClock
 .data.SystemD2Clock
                0x24000004        0x4 ./Core/Src/system_stm32h7xx.o
                0x24000004                SystemD2Clock
 .data.COM_USART
                0x24000008        0x4 ./Drivers/BSP/STM32H7xx_Nucleo/stm32h7xx_nucleo.o
                0x24000008                COM_USART
 .data.LED_PORT
                0x2400000c        0xc ./Drivers/BSP/STM32H7xx_Nucleo/stm32h7xx_nucleo.o
 .data.BUTTON_PORT
                0x24000018        0x4 ./Drivers/BSP/STM32H7xx_Nucleo/stm32h7xx_nucleo.o
 .data.ButtonCallback.1
                0x2400001c        0x4 ./Drivers/BSP/STM32H7xx_Nucleo/stm32h7xx_nucleo.o
 .data.BSP_BUTTON_PRIO.0
                0x24000020        0x4 ./Drivers/BSP/STM32H7xx_Nucleo/stm32h7xx_nucleo.o
 .data.uwTickPrio
                0x24000024        0x4 ./Drivers/STM32H7xx_HAL_Driver/Src/stm32h7xx_hal.o
                0x24000024                uwTickPrio
 .data.uwTickFreq
                0x24000028        0x1 ./Drivers/STM32H7xx_HAL_Driver/Src/stm32h7xx_hal.o
                0x24000028                uwTickFreq
 *fill*         0x24000029        0x3 
 .data.__sglue  0x2400002c        0xc C:/ST/STM32CubeIDE_1.18.1/STM32CubeIDE/plugins/com.st.stm32cube.ide.mcu.externaltools.gnu-tools-for-stm32.13.3.rel1.win32_1.0.0.202411081344/tools/bin/../lib/gcc/arm-none-eabi/13.3.1/../../../../arm-none-eabi/lib/thumb/v7e-m+dp/hard\libc_nano.a(libc_a-findfp.o)
                0x2400002c                __sglue
 .data._impure_ptr
                0x24000038        0x4 C:/ST/STM32CubeIDE_1.18.1/STM32CubeIDE/plugins/com.st.stm32cube.ide.mcu.externaltools.gnu-tools-for-stm32.13.3.rel1.win32_1.0.0.202411081344/tools/bin/../lib/gcc/arm-none-eabi/13.3.1/../../../../arm-none-eabi/lib/thumb/v7e-m+dp/hard\libc_nano.a(libc_a-impure.o)
                0x24000038                _impure_ptr
 .data._impure_data
                0x2400003c       0x4c C:/ST/STM32CubeIDE_1.18.1/STM32CubeIDE/plugins/com.st.stm32cube.ide.mcu.externaltools.gnu-tools-for-stm32.13.3.rel1.win32_1.0.0.202411081344/tools/bin/../lib/gcc/arm-none-eabi/13.3.1/../../../../arm-none-eabi/lib/thumb/v7e-m+dp/hard\libc_nano.a(libc_a-impure.o)
                0x2400003c                _impure_data
 *(.RamFunc)
 *(.RamFunc*)
                0x24000088                        . = ALIGN (0x4)
                0x24000088                        _edata = .

.igot.plt       0x24000088        0x0 load address 0x0800b0fc
 .igot.plt      0x24000088        0x0 C:/ST/STM32CubeIDE_1.18.1/STM32CubeIDE/plugins/com.st.stm32cube.ide.mcu.externaltools.gnu-tools-for-stm32.13.3.rel1.win32_1.0.0.202411081344/tools/bin/../lib/gcc/arm-none-eabi/13.3.1/thumb/v7e-m+dp/hard/crtbegin.o
                0x24000088                        . = ALIGN (0x4)

.bss            0x24000088      0x2ac load address 0x0800b0fc
                0x24000088                        _sbss = .
                0x24000088                        __bss_start__ = _sbss
 *(.bss)
 .bss           0x24000088       0x1c C:/ST/STM32CubeIDE_1.18.1/STM32CubeIDE/plugins/com.st.stm32cube.ide.mcu.externaltools.gnu-tools-for-stm32.13.3.rel1.win32_1.0.0.202411081344/tools/bin/../lib/gcc/arm-none-eabi/13.3.1/thumb/v7e-m+dp/hard/crtbegin.o
 *(.bss*)
 .bss.BspCOMInit
                0x240000a4       0x10 ./Core/Src/main.o
                0x240000a4                BspCOMInit
 .bss.BspButtonState
                0x240000b4        0x4 ./Core/Src/main.o
                0x240000b4                BspButtonState
 .bss.hspi2     0x240000b8       0x88 ./Core/Src/main.o
                0x240000b8                hspi2
 .bss.__sbrk_heap_end
                0x24000140        0x4 ./Core/Src/sysmem.o
 .bss.hpb_exti  0x24000144        0x8 ./Drivers/BSP/STM32H7xx_Nucleo/stm32h7xx_nucleo.o
                0x24000144                hpb_exti
 .bss.hcom_uart
                0x2400014c       0x94 ./Drivers/BSP/STM32H7xx_Nucleo/stm32h7xx_nucleo.o
                0x2400014c                hcom_uart
 .bss.COM_ActiveLogPort
                0x240001e0        0x1 ./Drivers/BSP/STM32H7xx_Nucleo/stm32h7xx_nucleo.o
 *fill*         0x240001e1        0x3 
 .bss.uwTick    0x240001e4        0x4 ./Drivers/STM32H7xx_HAL_Driver/Src/stm32h7xx_hal.o
                0x240001e4                uwTick
 .bss.__sf      0x240001e8      0x138 C:/ST/STM32CubeIDE_1.18.1/STM32CubeIDE/plugins/com.st.stm32cube.ide.mcu.externaltools.gnu-tools-for-stm32.13.3.rel1.win32_1.0.0.202411081344/tools/bin/../lib/gcc/arm-none-eabi/13.3.1/../../../../arm-none-eabi/lib/thumb/v7e-m+dp/hard\libc_nano.a(libc_a-findfp.o)
                0x240001e8                __sf
 .bss.__stdio_exit_handler
                0x24000320        0x4 C:/ST/STM32CubeIDE_1.18.1/STM32CubeIDE/plugins/com.st.stm32cube.ide.mcu.externaltools.gnu-tools-for-stm32.13.3.rel1.win32_1.0.0.202411081344/tools/bin/../lib/gcc/arm-none-eabi/13.3.1/../../../../arm-none-eabi/lib/thumb/v7e-m+dp/hard\libc_nano.a(libc_a-findfp.o)
                0x24000320                __stdio_exit_handler
 .bss.errno     0x24000324        0x4 C:/ST/STM32CubeIDE_1.18.1/STM32CubeIDE/plugins/com.st.stm32cube.ide.mcu.externaltools.gnu-tools-for-stm32.13.3.rel1.win32_1.0.0.202411081344/tools/bin/../lib/gcc/arm-none-eabi/13.3.1/../../../../arm-none-eabi/lib/thumb/v7e-m+dp/hard\libc_nano.a(libc_a-reent.o)
                0x24000324                errno
 .bss.__lock___malloc_recursive_mutex
                0x24000328        0x1 C:/ST/STM32CubeIDE_1.18.1/STM32CubeIDE/plugins/com.st.stm32cube.ide.mcu.externaltools.gnu-tools-for-stm32.13.3.rel1.win32_1.0.0.202411081344/tools/bin/../lib/gcc/arm-none-eabi/13.3.1/../../../../arm-none-eabi/lib/thumb/v7e-m+dp/hard\libc_nano.a(libc_a-lock.o)
                0x24000328                __lock___malloc_recursive_mutex
 .bss.__lock___sfp_recursive_mutex
                0x24000329        0x1 C:/ST/STM32CubeIDE_1.18.1/STM32CubeIDE/plugins/com.st.stm32cube.ide.mcu.externaltools.gnu-tools-for-stm32.13.3.rel1.win32_1.0.0.202411081344/tools/bin/../lib/gcc/arm-none-eabi/13.3.1/../../../../arm-none-eabi/lib/thumb/v7e-m+dp/hard\libc_nano.a(libc_a-lock.o)
                0x24000329                __lock___sfp_recursive_mutex
 *fill*         0x2400032a        0x2 
 .bss.__malloc_sbrk_start
                0x2400032c        0x4 C:/ST/STM32CubeIDE_1.18.1/STM32CubeIDE/plugins/com.st.stm32cube.ide.mcu.externaltools.gnu-tools-for-stm32.13.3.rel1.win32_1.0.0.202411081344/tools/bin/../lib/gcc/arm-none-eabi/13.3.1/../../../../arm-none-eabi/lib/thumb/v7e-m+dp/hard\libc_nano.a(libc_a-mallocr.o)
                0x2400032c                __malloc_sbrk_start
 .bss.__malloc_free_list
                0x24000330        0x4 C:/ST/STM32CubeIDE_1.18.1/STM32CubeIDE/plugins/com.st.stm32cube.ide.mcu.externaltools.gnu-tools-for-stm32.13.3.rel1.win32_1.0.0.202411081344/tools/bin/../lib/gcc/arm-none-eabi/13.3.1/../../../../arm-none-eabi/lib/thumb/v7e-m+dp/hard\libc_nano.a(libc_a-mallocr.o)
                0x24000330                __malloc_free_list
 *(COMMON)
                0x24000334                        . = ALIGN (0x4)
                0x24000334                        _ebss = .
                0x24000334                        __bss_end__ = _ebss

._user_heap_stack
                0x24000334      0x604 load address 0x0800b0fc
                0x24000338                        . = ALIGN (0x8)
 *fill*         0x24000334        0x4 
                [!provide]                        PROVIDE (end = .)
                0x24000338                        PROVIDE (_end = .)
                0x24000538                        . = (. + _Min_Heap_Size)
 *fill*         0x24000338      0x200 
                0x24000938                        . = (. + _Min_Stack_Size)
 *fill*         0x24000538      0x400 
                0x24000938                        . = ALIGN (0x8)

/DISCARD/
 libc.a(*)
 libm.a(*)
 libgcc.a(*)

.ARM.attributes
                0x00000000       0x2e
 *(.ARM.attributes)
 .ARM.attributes
                0x00000000       0x20 C:/ST/STM32CubeIDE_1.18.1/STM32CubeIDE/plugins/com.st.stm32cube.ide.mcu.externaltools.gnu-tools-for-stm32.13.3.rel1.win32_1.0.0.202411081344/tools/bin/../lib/gcc/arm-none-eabi/13.3.1/thumb/v7e-m+dp/hard/crti.o
 .ARM.attributes
                0x00000020       0x32 C:/ST/STM32CubeIDE_1.18.1/STM32CubeIDE/plugins/com.st.stm32cube.ide.mcu.externaltools.gnu-tools-for-stm32.13.3.rel1.win32_1.0.0.202411081344/tools/bin/../lib/gcc/arm-none-eabi/13.3.1/thumb/v7e-m+dp/hard/crtbegin.o
 .ARM.attributes
                0x00000052       0x32 ./Core/Src/CC1201_commands.o
 .ARM.attributes
                0x00000084       0x32 ./Core/Src/CC1201_simple_link_reg_config.o
 .ARM.attributes
                0x000000b6       0x32 ./Core/Src/main.o
 .ARM.attributes
                0x000000e8       0x32 ./Core/Src/stm32h7xx_hal_msp.o
 .ARM.attributes
                0x0000011a       0x32 ./Core/Src/stm32h7xx_it.o
 .ARM.attributes
                0x0000014c       0x32 ./Core/Src/syscalls.o
 .ARM.attributes
                0x0000017e       0x32 ./Core/Src/sysmem.o
 .ARM.attributes
                0x000001b0       0x32 ./Core/Src/system_stm32h7xx.o
 .ARM.attributes
                0x000001e2       0x21 ./Core/Startup/startup_stm32h743zitx.o
 .ARM.attributes
                0x00000203       0x32 ./Drivers/BSP/STM32H7xx_Nucleo/stm32h7xx_nucleo.o
 .ARM.attributes
                0x00000235       0x32 ./Drivers/STM32H7xx_HAL_Driver/Src/stm32h7xx_hal.o
 .ARM.attributes
                0x00000267       0x32 ./Drivers/STM32H7xx_HAL_Driver/Src/stm32h7xx_hal_cortex.o
 .ARM.attributes
                0x00000299       0x32 ./Drivers/STM32H7xx_HAL_Driver/Src/stm32h7xx_hal_dma.o
 .ARM.attributes
                0x000002cb       0x32 ./Drivers/STM32H7xx_HAL_Driver/Src/stm32h7xx_hal_exti.o
 .ARM.attributes
                0x000002fd       0x32 ./Drivers/STM32H7xx_HAL_Driver/Src/stm32h7xx_hal_gpio.o
 .ARM.attributes
                0x0000032f       0x32 ./Drivers/STM32H7xx_HAL_Driver/Src/stm32h7xx_hal_pwr_ex.o
 .ARM.attributes
                0x00000361       0x32 ./Drivers/STM32H7xx_HAL_Driver/Src/stm32h7xx_hal_rcc.o
 .ARM.attributes
                0x00000393       0x32 ./Drivers/STM32H7xx_HAL_Driver/Src/stm32h7xx_hal_rcc_ex.o
 .ARM.attributes
                0x000003c5       0x32 ./Drivers/STM32H7xx_HAL_Driver/Src/stm32h7xx_hal_spi.o
 .ARM.attributes
                0x000003f7       0x32 ./Drivers/STM32H7xx_HAL_Driver/Src/stm32h7xx_hal_uart.o
 .ARM.attributes
                0x00000429       0x32 C:/ST/STM32CubeIDE_1.18.1/STM32CubeIDE/plugins/com.st.stm32cube.ide.mcu.externaltools.gnu-tools-for-stm32.13.3.rel1.win32_1.0.0.202411081344/tools/bin/../lib/gcc/arm-none-eabi/13.3.1/../../../../arm-none-eabi/lib/thumb/v7e-m+dp/hard\libc_nano.a(libc_a-findfp.o)
 .ARM.attributes
                0x0000045b       0x32 C:/ST/STM32CubeIDE_1.18.1/STM32CubeIDE/plugins/com.st.stm32cube.ide.mcu.externaltools.gnu-tools-for-stm32.13.3.rel1.win32_1.0.0.202411081344/tools/bin/../lib/gcc/arm-none-eabi/13.3.1/../../../../arm-none-eabi/lib/thumb/v7e-m+dp/hard\libc_nano.a(libc_a-fwalk.o)
 .ARM.attributes
                0x0000048d       0x32 C:/ST/STM32CubeIDE_1.18.1/STM32CubeIDE/plugins/com.st.stm32cube.ide.mcu.externaltools.gnu-tools-for-stm32.13.3.rel1.win32_1.0.0.202411081344/tools/bin/../lib/gcc/arm-none-eabi/13.3.1/../../../../arm-none-eabi/lib/thumb/v7e-m+dp/hard\libc_nano.a(libc_a-printf.o)
 .ARM.attributes
                0x000004bf       0x32 C:/ST/STM32CubeIDE_1.18.1/STM32CubeIDE/plugins/com.st.stm32cube.ide.mcu.externaltools.gnu-tools-for-stm32.13.3.rel1.win32_1.0.0.202411081344/tools/bin/../lib/gcc/arm-none-eabi/13.3.1/../../../../arm-none-eabi/lib/thumb/v7e-m+dp/hard\libc_nano.a(libc_a-stdio.o)
 .ARM.attributes
                0x000004f1       0x32 C:/ST/STM32CubeIDE_1.18.1/STM32CubeIDE/plugins/com.st.stm32cube.ide.mcu.externaltools.gnu-tools-for-stm32.13.3.rel1.win32_1.0.0.202411081344/tools/bin/../lib/gcc/arm-none-eabi/13.3.1/../../../../arm-none-eabi/lib/thumb/v7e-m+dp/hard\libc_nano.a(libc_a-memset.o)
 .ARM.attributes
                0x00000523       0x32 C:/ST/STM32CubeIDE_1.18.1/STM32CubeIDE/plugins/com.st.stm32cube.ide.mcu.externaltools.gnu-tools-for-stm32.13.3.rel1.win32_1.0.0.202411081344/tools/bin/../lib/gcc/arm-none-eabi/13.3.1/../../../../arm-none-eabi/lib/thumb/v7e-m+dp/hard\libc_nano.a(libc_a-closer.o)
 .ARM.attributes
                0x00000555       0x32 C:/ST/STM32CubeIDE_1.18.1/STM32CubeIDE/plugins/com.st.stm32cube.ide.mcu.externaltools.gnu-tools-for-stm32.13.3.rel1.win32_1.0.0.202411081344/tools/bin/../lib/gcc/arm-none-eabi/13.3.1/../../../../arm-none-eabi/lib/thumb/v7e-m+dp/hard\libc_nano.a(libc_a-reent.o)
 .ARM.attributes
                0x00000587       0x32 C:/ST/STM32CubeIDE_1.18.1/STM32CubeIDE/plugins/com.st.stm32cube.ide.mcu.externaltools.gnu-tools-for-stm32.13.3.rel1.win32_1.0.0.202411081344/tools/bin/../lib/gcc/arm-none-eabi/13.3.1/../../../../arm-none-eabi/lib/thumb/v7e-m+dp/hard\libc_nano.a(libc_a-impure.o)
 .ARM.attributes
                0x000005b9       0x32 C:/ST/STM32CubeIDE_1.18.1/STM32CubeIDE/plugins/com.st.stm32cube.ide.mcu.externaltools.gnu-tools-for-stm32.13.3.rel1.win32_1.0.0.202411081344/tools/bin/../lib/gcc/arm-none-eabi/13.3.1/../../../../arm-none-eabi/lib/thumb/v7e-m+dp/hard\libc_nano.a(libc_a-lseekr.o)
 .ARM.attributes
                0x000005eb       0x32 C:/ST/STM32CubeIDE_1.18.1/STM32CubeIDE/plugins/com.st.stm32cube.ide.mcu.externaltools.gnu-tools-for-stm32.13.3.rel1.win32_1.0.0.202411081344/tools/bin/../lib/gcc/arm-none-eabi/13.3.1/../../../../arm-none-eabi/lib/thumb/v7e-m+dp/hard\libc_nano.a(libc_a-readr.o)
 .ARM.attributes
                0x0000061d       0x32 C:/ST/STM32CubeIDE_1.18.1/STM32CubeIDE/plugins/com.st.stm32cube.ide.mcu.externaltools.gnu-tools-for-stm32.13.3.rel1.win32_1.0.0.202411081344/tools/bin/../lib/gcc/arm-none-eabi/13.3.1/../../../../arm-none-eabi/lib/thumb/v7e-m+dp/hard\libc_nano.a(libc_a-writer.o)
 .ARM.attributes
                0x0000064f       0x32 C:/ST/STM32CubeIDE_1.18.1/STM32CubeIDE/plugins/com.st.stm32cube.ide.mcu.externaltools.gnu-tools-for-stm32.13.3.rel1.win32_1.0.0.202411081344/tools/bin/../lib/gcc/arm-none-eabi/13.3.1/../../../../arm-none-eabi/lib/thumb/v7e-m+dp/hard\libc_nano.a(libc_a-errno.o)
 .ARM.attributes
                0x00000681       0x32 C:/ST/STM32CubeIDE_1.18.1/STM32CubeIDE/plugins/com.st.stm32cube.ide.mcu.externaltools.gnu-tools-for-stm32.13.3.rel1.win32_1.0.0.202411081344/tools/bin/../lib/gcc/arm-none-eabi/13.3.1/../../../../arm-none-eabi/lib/thumb/v7e-m+dp/hard\libc_nano.a(libc_a-init.o)
 .ARM.attributes
                0x000006b3       0x32 C:/ST/STM32CubeIDE_1.18.1/STM32CubeIDE/plugins/com.st.stm32cube.ide.mcu.externaltools.gnu-tools-for-stm32.13.3.rel1.win32_1.0.0.202411081344/tools/bin/../lib/gcc/arm-none-eabi/13.3.1/../../../../arm-none-eabi/lib/thumb/v7e-m+dp/hard\libc_nano.a(libc_a-lock.o)
 .ARM.attributes
                0x000006e5       0x32 C:/ST/STM32CubeIDE_1.18.1/STM32CubeIDE/plugins/com.st.stm32cube.ide.mcu.externaltools.gnu-tools-for-stm32.13.3.rel1.win32_1.0.0.202411081344/tools/bin/../lib/gcc/arm-none-eabi/13.3.1/../../../../arm-none-eabi/lib/thumb/v7e-m+dp/hard\libc_nano.a(libc_a-freer.o)
 .ARM.attributes
                0x00000717       0x32 C:/ST/STM32CubeIDE_1.18.1/STM32CubeIDE/plugins/com.st.stm32cube.ide.mcu.externaltools.gnu-tools-for-stm32.13.3.rel1.win32_1.0.0.202411081344/tools/bin/../lib/gcc/arm-none-eabi/13.3.1/../../../../arm-none-eabi/lib/thumb/v7e-m+dp/hard\libc_nano.a(libc_a-mallocr.o)
 .ARM.attributes
                0x00000749       0x32 C:/ST/STM32CubeIDE_1.18.1/STM32CubeIDE/plugins/com.st.stm32cube.ide.mcu.externaltools.gnu-tools-for-stm32.13.3.rel1.win32_1.0.0.202411081344/tools/bin/../lib/gcc/arm-none-eabi/13.3.1/../../../../arm-none-eabi/lib/thumb/v7e-m+dp/hard\libc_nano.a(libc_a-mlock.o)
 .ARM.attributes
                0x0000077b       0x32 C:/ST/STM32CubeIDE_1.18.1/STM32CubeIDE/plugins/com.st.stm32cube.ide.mcu.externaltools.gnu-tools-for-stm32.13.3.rel1.win32_1.0.0.202411081344/tools/bin/../lib/gcc/arm-none-eabi/13.3.1/../../../../arm-none-eabi/lib/thumb/v7e-m+dp/hard\libc_nano.a(libc_a-nano-vfprintf.o)
 .ARM.attributes
                0x000007ad       0x32 C:/ST/STM32CubeIDE_1.18.1/STM32CubeIDE/plugins/com.st.stm32cube.ide.mcu.externaltools.gnu-tools-for-stm32.13.3.rel1.win32_1.0.0.202411081344/tools/bin/../lib/gcc/arm-none-eabi/13.3.1/../../../../arm-none-eabi/lib/thumb/v7e-m+dp/hard\libc_nano.a(libc_a-nano-vfprintf_i.o)
 .ARM.attributes
                0x000007df       0x32 C:/ST/STM32CubeIDE_1.18.1/STM32CubeIDE/plugins/com.st.stm32cube.ide.mcu.externaltools.gnu-tools-for-stm32.13.3.rel1.win32_1.0.0.202411081344/tools/bin/../lib/gcc/arm-none-eabi/13.3.1/../../../../arm-none-eabi/lib/thumb/v7e-m+dp/hard\libc_nano.a(libc_a-fflush.o)
 .ARM.attributes
                0x00000811       0x32 C:/ST/STM32CubeIDE_1.18.1/STM32CubeIDE/plugins/com.st.stm32cube.ide.mcu.externaltools.gnu-tools-for-stm32.13.3.rel1.win32_1.0.0.202411081344/tools/bin/../lib/gcc/arm-none-eabi/13.3.1/../../../../arm-none-eabi/lib/thumb/v7e-m+dp/hard\libc_nano.a(libc_a-wbuf.o)
 .ARM.attributes
                0x00000843       0x32 C:/ST/STM32CubeIDE_1.18.1/STM32CubeIDE/plugins/com.st.stm32cube.ide.mcu.externaltools.gnu-tools-for-stm32.13.3.rel1.win32_1.0.0.202411081344/tools/bin/../lib/gcc/arm-none-eabi/13.3.1/../../../../arm-none-eabi/lib/thumb/v7e-m+dp/hard\libc_nano.a(libc_a-wsetup.o)
 .ARM.attributes
                0x00000875       0x32 C:/ST/STM32CubeIDE_1.18.1/STM32CubeIDE/plugins/com.st.stm32cube.ide.mcu.externaltools.gnu-tools-for-stm32.13.3.rel1.win32_1.0.0.202411081344/tools/bin/../lib/gcc/arm-none-eabi/13.3.1/../../../../arm-none-eabi/lib/thumb/v7e-m+dp/hard\libc_nano.a(libc_a-sbrkr.o)
 .ARM.attributes
                0x000008a7       0x1c C:/ST/STM32CubeIDE_1.18.1/STM32CubeIDE/plugins/com.st.stm32cube.ide.mcu.externaltools.gnu-tools-for-stm32.13.3.rel1.win32_1.0.0.202411081344/tools/bin/../lib/gcc/arm-none-eabi/13.3.1/../../../../arm-none-eabi/lib/thumb/v7e-m+dp/hard\libc_nano.a(libc_a-memchr.o)
 .ARM.attributes
                0x000008c3       0x32 C:/ST/STM32CubeIDE_1.18.1/STM32CubeIDE/plugins/com.st.stm32cube.ide.mcu.externaltools.gnu-tools-for-stm32.13.3.rel1.win32_1.0.0.202411081344/tools/bin/../lib/gcc/arm-none-eabi/13.3.1/../../../../arm-none-eabi/lib/thumb/v7e-m+dp/hard\libc_nano.a(libc_a-makebuf.o)
 .ARM.attributes
                0x000008f5       0x32 C:/ST/STM32CubeIDE_1.18.1/STM32CubeIDE/plugins/com.st.stm32cube.ide.mcu.externaltools.gnu-tools-for-stm32.13.3.rel1.win32_1.0.0.202411081344/tools/bin/../lib/gcc/arm-none-eabi/13.3.1/../../../../arm-none-eabi/lib/thumb/v7e-m+dp/hard\libc_nano.a(libc_a-fstatr.o)
 .ARM.attributes
                0x00000927       0x32 C:/ST/STM32CubeIDE_1.18.1/STM32CubeIDE/plugins/com.st.stm32cube.ide.mcu.externaltools.gnu-tools-for-stm32.13.3.rel1.win32_1.0.0.202411081344/tools/bin/../lib/gcc/arm-none-eabi/13.3.1/../../../../arm-none-eabi/lib/thumb/v7e-m+dp/hard\libc_nano.a(libc_a-isattyr.o)
 .ARM.attributes
                0x00000959       0x20 C:/ST/STM32CubeIDE_1.18.1/STM32CubeIDE/plugins/com.st.stm32cube.ide.mcu.externaltools.gnu-tools-for-stm32.13.3.rel1.win32_1.0.0.202411081344/tools/bin/../lib/gcc/arm-none-eabi/13.3.1/thumb/v7e-m+dp/hard\libgcc.a(_aeabi_uldivmod.o)
 .ARM.attributes
                0x00000979       0x32 C:/ST/STM32CubeIDE_1.18.1/STM32CubeIDE/plugins/com.st.stm32cube.ide.mcu.externaltools.gnu-tools-for-stm32.13.3.rel1.win32_1.0.0.202411081344/tools/bin/../lib/gcc/arm-none-eabi/13.3.1/thumb/v7e-m+dp/hard\libgcc.a(_udivmoddi4.o)
 .ARM.attributes
                0x000009ab       0x20 C:/ST/STM32CubeIDE_1.18.1/STM32CubeIDE/plugins/com.st.stm32cube.ide.mcu.externaltools.gnu-tools-for-stm32.13.3.rel1.win32_1.0.0.202411081344/tools/bin/../lib/gcc/arm-none-eabi/13.3.1/thumb/v7e-m+dp/hard\libgcc.a(_dvmd_tls.o)
 .ARM.attributes
                0x000009cb       0x20 C:/ST/STM32CubeIDE_1.18.1/STM32CubeIDE/plugins/com.st.stm32cube.ide.mcu.externaltools.gnu-tools-for-stm32.13.3.rel1.win32_1.0.0.202411081344/tools/bin/../lib/gcc/arm-none-eabi/13.3.1/thumb/v7e-m+dp/hard/crtn.o
OUTPUT(STM_to_CC1201.elf elf32-littlearm)
LOAD linker stubs
LOAD C:/ST/STM32CubeIDE_1.18.1/STM32CubeIDE/plugins/com.st.stm32cube.ide.mcu.externaltools.gnu-tools-for-stm32.13.3.rel1.win32_1.0.0.202411081344/tools/bin/../lib/gcc/arm-none-eabi/13.3.1/../../../../arm-none-eabi/lib/thumb/v7e-m+dp/hard\libc.a
LOAD C:/ST/STM32CubeIDE_1.18.1/STM32CubeIDE/plugins/com.st.stm32cube.ide.mcu.externaltools.gnu-tools-for-stm32.13.3.rel1.win32_1.0.0.202411081344/tools/bin/../lib/gcc/arm-none-eabi/13.3.1/../../../../arm-none-eabi/lib/thumb/v7e-m+dp/hard\libm.a
LOAD C:/ST/STM32CubeIDE_1.18.1/STM32CubeIDE/plugins/com.st.stm32cube.ide.mcu.externaltools.gnu-tools-for-stm32.13.3.rel1.win32_1.0.0.202411081344/tools/bin/../lib/gcc/arm-none-eabi/13.3.1/thumb/v7e-m+dp/hard\libgcc.a

.debug_info     0x00000000    0x15c25
 .debug_info    0x00000000      0xe9b ./Core/Src/CC1201_commands.o
 .debug_info    0x00000e9b      0xab5 ./Core/Src/CC1201_simple_link_reg_config.o
 .debug_info    0x00001950     0x1dfb ./Core/Src/main.o
 .debug_info    0x0000374b     0x1457 ./Core/Src/stm32h7xx_hal_msp.o
 .debug_info    0x00004ba2      0x885 ./Core/Src/stm32h7xx_it.o
 .debug_info    0x00005427      0x6a3 ./Core/Src/syscalls.o
 .debug_info    0x00005aca      0x168 ./Core/Src/sysmem.o
 .debug_info    0x00005c32      0xdb2 ./Core/Src/system_stm32h7xx.o
 .debug_info    0x000069e4       0x30 ./Core/Startup/startup_stm32h743zitx.o
 .debug_info    0x00006a14     0x1a7c ./Drivers/BSP/STM32H7xx_Nucleo/stm32h7xx_nucleo.o
 .debug_info    0x00008490     0x153b ./Drivers/STM32H7xx_HAL_Driver/Src/stm32h7xx_hal.o
 .debug_info    0x000099cb     0x10b1 ./Drivers/STM32H7xx_HAL_Driver/Src/stm32h7xx_hal_cortex.o
 .debug_info    0x0000aa7c      0xc31 ./Drivers/STM32H7xx_HAL_Driver/Src/stm32h7xx_hal_dma.o
 .debug_info    0x0000b6ad      0x916 ./Drivers/STM32H7xx_HAL_Driver/Src/stm32h7xx_hal_exti.o
 .debug_info    0x0000bfc3      0xc5a ./Drivers/STM32H7xx_HAL_Driver/Src/stm32h7xx_hal_gpio.o
 .debug_info    0x0000cc1d     0x1012 ./Drivers/STM32H7xx_HAL_Driver/Src/stm32h7xx_hal_pwr_ex.o
 .debug_info    0x0000dc2f      0xe6a ./Drivers/STM32H7xx_HAL_Driver/Src/stm32h7xx_hal_rcc.o
 .debug_info    0x0000ea99     0x1225 ./Drivers/STM32H7xx_HAL_Driver/Src/stm32h7xx_hal_rcc_ex.o
 .debug_info    0x0000fcbe     0x144a ./Drivers/STM32H7xx_HAL_Driver/Src/stm32h7xx_hal_spi.o
 .debug_info    0x00011108     0x4b1d ./Drivers/STM32H7xx_HAL_Driver/Src/stm32h7xx_hal_uart.o

.debug_abbrev   0x00000000     0x2ca0
 .debug_abbrev  0x00000000      0x263 ./Core/Src/CC1201_commands.o
 .debug_abbrev  0x00000263      0x212 ./Core/Src/CC1201_simple_link_reg_config.o
 .debug_abbrev  0x00000475      0x38e ./Core/Src/main.o
 .debug_abbrev  0x00000803      0x20d ./Core/Src/stm32h7xx_hal_msp.o
 .debug_abbrev  0x00000a10      0x195 ./Core/Src/stm32h7xx_it.o
 .debug_abbrev  0x00000ba5      0x1b6 ./Core/Src/syscalls.o
 .debug_abbrev  0x00000d5b       0xbc ./Core/Src/sysmem.o
 .debug_abbrev  0x00000e17      0x165 ./Core/Src/system_stm32h7xx.o
 .debug_abbrev  0x00000f7c       0x24 ./Core/Startup/startup_stm32h743zitx.o
 .debug_abbrev  0x00000fa0      0x340 ./Drivers/BSP/STM32H7xx_Nucleo/stm32h7xx_nucleo.o
 .debug_abbrev  0x000012e0      0x295 ./Drivers/STM32H7xx_HAL_Driver/Src/stm32h7xx_hal.o
 .debug_abbrev  0x00001575      0x339 ./Drivers/STM32H7xx_HAL_Driver/Src/stm32h7xx_hal_cortex.o
 .debug_abbrev  0x000018ae      0x248 ./Drivers/STM32H7xx_HAL_Driver/Src/stm32h7xx_hal_dma.o
 .debug_abbrev  0x00001af6      0x1df ./Drivers/STM32H7xx_HAL_Driver/Src/stm32h7xx_hal_exti.o
 .debug_abbrev  0x00001cd5      0x205 ./Drivers/STM32H7xx_HAL_Driver/Src/stm32h7xx_hal_gpio.o
 .debug_abbrev  0x00001eda      0x2a7 ./Drivers/STM32H7xx_HAL_Driver/Src/stm32h7xx_hal_pwr_ex.o
 .debug_abbrev  0x00002181      0x2c8 ./Drivers/STM32H7xx_HAL_Driver/Src/stm32h7xx_hal_rcc.o
 .debug_abbrev  0x00002449      0x269 ./Drivers/STM32H7xx_HAL_Driver/Src/stm32h7xx_hal_rcc_ex.o
 .debug_abbrev  0x000026b2      0x2b1 ./Drivers/STM32H7xx_HAL_Driver/Src/stm32h7xx_hal_spi.o
 .debug_abbrev  0x00002963      0x33d ./Drivers/STM32H7xx_HAL_Driver/Src/stm32h7xx_hal_uart.o

.debug_aranges  0x00000000      0xf18
 .debug_aranges
                0x00000000       0xd0 ./Core/Src/CC1201_commands.o
 .debug_aranges
                0x000000d0       0x38 ./Core/Src/CC1201_simple_link_reg_config.o
 .debug_aranges
                0x00000108       0xb0 ./Core/Src/main.o
 .debug_aranges
                0x000001b8       0x30 ./Core/Src/stm32h7xx_hal_msp.o
 .debug_aranges
                0x000001e8       0x70 ./Core/Src/stm32h7xx_it.o
 .debug_aranges
                0x00000258       0xa8 ./Core/Src/syscalls.o
 .debug_aranges
                0x00000300       0x20 ./Core/Src/sysmem.o
 .debug_aranges
                0x00000320       0x30 ./Core/Src/system_stm32h7xx.o
 .debug_aranges
                0x00000350       0x28 ./Core/Startup/startup_stm32h743zitx.o
 .debug_aranges
                0x00000378       0xb8 ./Drivers/BSP/STM32H7xx_Nucleo/stm32h7xx_nucleo.o
 .debug_aranges
                0x00000430      0x198 ./Drivers/STM32H7xx_HAL_Driver/Src/stm32h7xx_hal.o
 .debug_aranges
                0x000005c8      0x130 ./Drivers/STM32H7xx_HAL_Driver/Src/stm32h7xx_hal_cortex.o
 .debug_aranges
                0x000006f8       0xa0 ./Drivers/STM32H7xx_HAL_Driver/Src/stm32h7xx_hal_dma.o
 .debug_aranges
                0x00000798       0x60 ./Drivers/STM32H7xx_HAL_Driver/Src/stm32h7xx_hal_exti.o
 .debug_aranges
                0x000007f8       0x58 ./Drivers/STM32H7xx_HAL_Driver/Src/stm32h7xx_hal_gpio.o
 .debug_aranges
                0x00000850      0x158 ./Drivers/STM32H7xx_HAL_Driver/Src/stm32h7xx_hal_pwr_ex.o
 .debug_aranges
                0x000009a8       0x88 ./Drivers/STM32H7xx_HAL_Driver/Src/stm32h7xx_hal_rcc.o
 .debug_aranges
                0x00000a30       0xf8 ./Drivers/STM32H7xx_HAL_Driver/Src/stm32h7xx_hal_rcc_ex.o
 .debug_aranges
                0x00000b28      0x1a8 ./Drivers/STM32H7xx_HAL_Driver/Src/stm32h7xx_hal_spi.o
 .debug_aranges
                0x00000cd0      0x248 ./Drivers/STM32H7xx_HAL_Driver/Src/stm32h7xx_hal_uart.o

.debug_rnglists
                0x00000000      0xb8f
 .debug_rnglists
                0x00000000       0x9a ./Core/Src/CC1201_commands.o
 .debug_rnglists
                0x0000009a       0x26 ./Core/Src/CC1201_simple_link_reg_config.o
 .debug_rnglists
                0x000000c0       0x8d ./Core/Src/main.o
 .debug_rnglists
                0x0000014d       0x20 ./Core/Src/stm32h7xx_hal_msp.o
 .debug_rnglists
                0x0000016d       0x4f ./Core/Src/stm32h7xx_it.o
 .debug_rnglists
                0x000001bc       0x79 ./Core/Src/syscalls.o
 .debug_rnglists
                0x00000235       0x13 ./Core/Src/sysmem.o
 .debug_rnglists
                0x00000248       0x21 ./Core/Src/system_stm32h7xx.o
 .debug_rnglists
                0x00000269       0x19 ./Core/Startup/startup_stm32h743zitx.o
 .debug_rnglists
                0x00000282       0x88 ./Drivers/BSP/STM32H7xx_Nucleo/stm32h7xx_nucleo.o
 .debug_rnglists
                0x0000030a      0x131 ./Drivers/STM32H7xx_HAL_Driver/Src/stm32h7xx_hal.o
 .debug_rnglists
                0x0000043b       0xe0 ./Drivers/STM32H7xx_HAL_Driver/Src/stm32h7xx_hal_cortex.o
 .debug_rnglists
                0x0000051b       0x82 ./Drivers/STM32H7xx_HAL_Driver/Src/stm32h7xx_hal_dma.o
 .debug_rnglists
                0x0000059d       0x46 ./Drivers/STM32H7xx_HAL_Driver/Src/stm32h7xx_hal_exti.o
 .debug_rnglists
                0x000005e3       0x3f ./Drivers/STM32H7xx_HAL_Driver/Src/stm32h7xx_hal_gpio.o
 .debug_rnglists
                0x00000622      0x103 ./Drivers/STM32H7xx_HAL_Driver/Src/stm32h7xx_hal_pwr_ex.o
 .debug_rnglists
                0x00000725       0x68 ./Drivers/STM32H7xx_HAL_Driver/Src/stm32h7xx_hal_rcc.o
 .debug_rnglists
                0x0000078d       0xc0 ./Drivers/STM32H7xx_HAL_Driver/Src/stm32h7xx_hal_rcc_ex.o
 .debug_rnglists
                0x0000084d      0x148 ./Drivers/STM32H7xx_HAL_Driver/Src/stm32h7xx_hal_spi.o
 .debug_rnglists
                0x00000995      0x1fa ./Drivers/STM32H7xx_HAL_Driver/Src/stm32h7xx_hal_uart.o

.debug_macro    0x00000000    0x384e5
 .debug_macro   0x00000000      0x390 ./Core/Src/CC1201_commands.o
 .debug_macro   0x00000390      0xafc ./Core/Src/CC1201_commands.o
 .debug_macro   0x00000e8c       0x22 ./Core/Src/CC1201_commands.o
 .debug_macro   0x00000eae       0x8e ./Core/Src/CC1201_commands.o
 .debug_macro   0x00000f3c       0x51 ./Core/Src/CC1201_commands.o
 .debug_macro   0x00000f8d      0x103 ./Core/Src/CC1201_commands.o
 .debug_macro   0x00001090       0x6a ./Core/Src/CC1201_commands.o
 .debug_macro   0x000010fa      0x1df ./Core/Src/CC1201_commands.o
 .debug_macro   0x000012d9      0x238 ./Core/Src/CC1201_commands.o
 .debug_macro   0x00001511       0x2e ./Core/Src/CC1201_commands.o
 .debug_macro   0x0000153f       0x3b ./Core/Src/CC1201_commands.o
 .debug_macro   0x0000157a       0x1c ./Core/Src/CC1201_commands.o
 .debug_macro   0x00001596       0x22 ./Core/Src/CC1201_commands.o
 .debug_macro   0x000015b8       0xfb ./Core/Src/CC1201_commands.o
 .debug_macro   0x000016b3     0x1305 ./Core/Src/CC1201_commands.o
 .debug_macro   0x000029b8      0x11f ./Core/Src/CC1201_commands.o
 .debug_macro   0x00002ad7       0x27 ./Core/Src/CC1201_commands.o
 .debug_macro   0x00002afe    0x25b9b ./Core/Src/CC1201_commands.o
 .debug_macro   0x00028699       0x6d ./Core/Src/CC1201_commands.o
 .debug_macro   0x00028706     0x3d79 ./Core/Src/CC1201_commands.o
 .debug_macro   0x0002c47f      0x190 ./Core/Src/CC1201_commands.o
 .debug_macro   0x0002c60f       0x61 ./Core/Src/CC1201_commands.o
 .debug_macro   0x0002c670       0x29 ./Core/Src/CC1201_commands.o
 .debug_macro   0x0002c699       0x43 ./Core/Src/CC1201_commands.o
 .debug_macro   0x0002c6dc       0x34 ./Core/Src/CC1201_commands.o
 .debug_macro   0x0002c710      0x370 ./Core/Src/CC1201_commands.o
 .debug_macro   0x0002ca80       0x16 ./Core/Src/CC1201_commands.o
 .debug_macro   0x0002ca96       0x4a ./Core/Src/CC1201_commands.o
 .debug_macro   0x0002cae0       0x34 ./Core/Src/CC1201_commands.o
 .debug_macro   0x0002cb14       0x10 ./Core/Src/CC1201_commands.o
 .debug_macro   0x0002cb24       0x58 ./Core/Src/CC1201_commands.o
 .debug_macro   0x0002cb7c       0x8e ./Core/Src/CC1201_commands.o
 .debug_macro   0x0002cc0a       0x1c ./Core/Src/CC1201_commands.o
 .debug_macro   0x0002cc26      0x185 ./Core/Src/CC1201_commands.o
 .debug_macro   0x0002cdab      0x19b ./Core/Src/CC1201_commands.o
 .debug_macro   0x0002cf46       0x5d ./Core/Src/CC1201_commands.o
 .debug_macro   0x0002cfa3     0x2382 ./Core/Src/CC1201_commands.o
 .debug_macro   0x0002f325     0x102c ./Core/Src/CC1201_commands.o
 .debug_macro   0x00030351      0x154 ./Core/Src/CC1201_commands.o
 .debug_macro   0x000304a5      0x114 ./Core/Src/CC1201_commands.o
 .debug_macro   0x000305b9      0x3b6 ./Core/Src/CC1201_commands.o
 .debug_macro   0x0003096f       0xac ./Core/Src/CC1201_commands.o
 .debug_macro   0x00030a1b      0x72d ./Core/Src/CC1201_commands.o
 .debug_macro   0x00031148      0x228 ./Core/Src/CC1201_commands.o
 .debug_macro   0x00031370       0x66 ./Core/Src/CC1201_commands.o
 .debug_macro   0x000313d6      0x3bb ./Core/Src/CC1201_commands.o
 .debug_macro   0x00031791      0x3e4 ./Core/Src/CC1201_commands.o
 .debug_macro   0x00031b75      0x275 ./Core/Src/CC1201_commands.o
 .debug_macro   0x00031dea      0x3ca ./Core/Src/CC1201_commands.o
 .debug_macro   0x000321b4      0x408 ./Core/Src/CC1201_commands.o
 .debug_macro   0x000325bc       0x51 ./Core/Src/CC1201_commands.o
 .debug_macro   0x0003260d       0x4a ./Core/Src/CC1201_commands.o
 .debug_macro   0x00032657      0x22c ./Core/Src/CC1201_commands.o
 .debug_macro   0x00032883       0x67 ./Core/Src/CC1201_commands.o
 .debug_macro   0x000328ea       0xa5 ./Core/Src/CC1201_commands.o
 .debug_macro   0x0003298f      0x1c4 ./Core/Src/CC1201_commands.o
 .debug_macro   0x00032b53      0x25e ./Core/Src/CC1201_commands.o
 .debug_macro   0x00032db1       0x35 ./Core/Src/CC1201_commands.o
 .debug_macro   0x00032de6      0x5e4 ./Core/Src/CC1201_commands.o
 .debug_macro   0x000333ca       0xc1 ./Core/Src/CC1201_commands.o
 .debug_macro   0x0003348b      0x693 ./Core/Src/CC1201_commands.o
 .debug_macro   0x00033b1e       0xa6 ./Core/Src/CC1201_commands.o
 .debug_macro   0x00033bc4      0x5ac ./Core/Src/CC1201_commands.o
 .debug_macro   0x00034170       0x2e ./Core/Src/CC1201_commands.o
 .debug_macro   0x0003419e       0x52 ./Core/Src/CC1201_commands.o
 .debug_macro   0x000341f0      0x131 ./Core/Src/CC1201_commands.o
 .debug_macro   0x00034321       0x1c ./Core/Src/CC1201_commands.o
 .debug_macro   0x0003433d       0x3c ./Core/Src/CC1201_commands.o
 .debug_macro   0x00034379       0x10 ./Core/Src/CC1201_commands.o
 .debug_macro   0x00034389       0x1c ./Core/Src/CC1201_commands.o
 .debug_macro   0x000343a5       0x16 ./Core/Src/CC1201_commands.o
 .debug_macro   0x000343bb      0x146 ./Core/Src/CC1201_commands.o
 .debug_macro   0x00034501       0x40 ./Core/Src/CC1201_commands.o
 .debug_macro   0x00034541      0x148 ./Core/Src/CC1201_commands.o
 .debug_macro   0x00034689      0x332 ./Core/Src/CC1201_simple_link_reg_config.o
 .debug_macro   0x000349bb      0x33a ./Core/Src/main.o
 .debug_macro   0x00034cf5      0x329 ./Core/Src/stm32h7xx_hal_msp.o
 .debug_macro   0x0003501e      0x333 ./Core/Src/stm32h7xx_it.o
 .debug_macro   0x00035351      0x274 ./Core/Src/syscalls.o
 .debug_macro   0x000355c5       0x5b ./Core/Src/syscalls.o
 .debug_macro   0x00035620       0x94 ./Core/Src/syscalls.o
 .debug_macro   0x000356b4       0x57 ./Core/Src/syscalls.o
 .debug_macro   0x0003570b       0x10 ./Core/Src/syscalls.o
 .debug_macro   0x0003571b       0x10 ./Core/Src/syscalls.o
 .debug_macro   0x0003572b       0x10 ./Core/Src/syscalls.o
 .debug_macro   0x0003573b       0x10 ./Core/Src/syscalls.o
 .debug_macro   0x0003574b       0x1c ./Core/Src/syscalls.o
 .debug_macro   0x00035767       0x52 ./Core/Src/syscalls.o
 .debug_macro   0x000357b9       0x22 ./Core/Src/syscalls.o
 .debug_macro   0x000357db       0x10 ./Core/Src/syscalls.o
 .debug_macro   0x000357eb       0x52 ./Core/Src/syscalls.o
 .debug_macro   0x0003583d       0xcf ./Core/Src/syscalls.o
 .debug_macro   0x0003590c       0x1c ./Core/Src/syscalls.o
 .debug_macro   0x00035928       0x3d ./Core/Src/syscalls.o
 .debug_macro   0x00035965       0x35 ./Core/Src/syscalls.o
 .debug_macro   0x0003599a      0x12c ./Core/Src/syscalls.o
 .debug_macro   0x00035ac6       0x16 ./Core/Src/syscalls.o
 .debug_macro   0x00035adc       0x16 ./Core/Src/syscalls.o
 .debug_macro   0x00035af2       0x29 ./Core/Src/syscalls.o
 .debug_macro   0x00035b1b       0x10 ./Core/Src/syscalls.o
 .debug_macro   0x00035b2b      0x242 ./Core/Src/syscalls.o
 .debug_macro   0x00035d6d       0x10 ./Core/Src/syscalls.o
 .debug_macro   0x00035d7d      0x18a ./Core/Src/syscalls.o
 .debug_macro   0x00035f07       0x16 ./Core/Src/syscalls.o
 .debug_macro   0x00035f1d       0xce ./Core/Src/syscalls.o
 .debug_macro   0x00035feb      0x112 ./Core/Src/sysmem.o
 .debug_macro   0x000360fd      0x23c ./Core/Src/sysmem.o
 .debug_macro   0x00036339      0x2ad ./Core/Src/system_stm32h7xx.o
 .debug_macro   0x000365e6      0x2d4 ./Drivers/BSP/STM32H7xx_Nucleo/stm32h7xx_nucleo.o
 .debug_macro   0x000368ba       0x28 ./Drivers/BSP/STM32H7xx_Nucleo/stm32h7xx_nucleo.o
 .debug_macro   0x000368e2      0x2d7 ./Drivers/STM32H7xx_HAL_Driver/Src/stm32h7xx_hal.o
 .debug_macro   0x00036bb9      0x2ad ./Drivers/STM32H7xx_HAL_Driver/Src/stm32h7xx_hal_cortex.o
 .debug_macro   0x00036e66      0x301 ./Drivers/STM32H7xx_HAL_Driver/Src/stm32h7xx_hal_dma.o
 .debug_macro   0x00037167      0x2bb ./Drivers/STM32H7xx_HAL_Driver/Src/stm32h7xx_hal_exti.o
 .debug_macro   0x00037422      0x2b4 ./Drivers/STM32H7xx_HAL_Driver/Src/stm32h7xx_hal_gpio.o
 .debug_macro   0x000376d6      0x2e6 ./Drivers/STM32H7xx_HAL_Driver/Src/stm32h7xx_hal_pwr_ex.o
 .debug_macro   0x000379bc      0x2d1 ./Drivers/STM32H7xx_HAL_Driver/Src/stm32h7xx_hal_rcc.o
 .debug_macro   0x00037c8d      0x2cb ./Drivers/STM32H7xx_HAL_Driver/Src/stm32h7xx_hal_rcc_ex.o
 .debug_macro   0x00037f58      0x2b5 ./Drivers/STM32H7xx_HAL_Driver/Src/stm32h7xx_hal_spi.o
 .debug_macro   0x0003820d      0x2d8 ./Drivers/STM32H7xx_HAL_Driver/Src/stm32h7xx_hal_uart.o

.debug_line     0x00000000    0x16480
 .debug_line    0x00000000      0xce6 ./Core/Src/CC1201_commands.o
 .debug_line    0x00000ce6      0xacb ./Core/Src/CC1201_simple_link_reg_config.o
 .debug_line    0x000017b1     0x1238 ./Core/Src/main.o
 .debug_line    0x000029e9      0xa16 ./Core/Src/stm32h7xx_hal_msp.o
 .debug_line    0x000033ff      0xa80 ./Core/Src/stm32h7xx_it.o
 .debug_line    0x00003e7f      0x8ac ./Core/Src/syscalls.o
 .debug_line    0x0000472b      0x588 ./Core/Src/sysmem.o
 .debug_line    0x00004cb3      0xad9 ./Core/Src/system_stm32h7xx.o
 .debug_line    0x0000578c       0x7b ./Core/Startup/startup_stm32h743zitx.o
 .debug_line    0x00005807      0xce6 ./Drivers/BSP/STM32H7xx_Nucleo/stm32h7xx_nucleo.o
 .debug_line    0x000064ed      0xeb2 ./Drivers/STM32H7xx_HAL_Driver/Src/stm32h7xx_hal.o
 .debug_line    0x0000739f      0xe9c ./Drivers/STM32H7xx_HAL_Driver/Src/stm32h7xx_hal_cortex.o
 .debug_line    0x0000823b     0x2833 ./Drivers/STM32H7xx_HAL_Driver/Src/stm32h7xx_hal_dma.o
 .debug_line    0x0000aa6e      0xd66 ./Drivers/STM32H7xx_HAL_Driver/Src/stm32h7xx_hal_exti.o
 .debug_line    0x0000b7d4      0xd3b ./Drivers/STM32H7xx_HAL_Driver/Src/stm32h7xx_hal_gpio.o
 .debug_line    0x0000c50f     0x1036 ./Drivers/STM32H7xx_HAL_Driver/Src/stm32h7xx_hal_pwr_ex.o
 .debug_line    0x0000d545     0x1559 ./Drivers/STM32H7xx_HAL_Driver/Src/stm32h7xx_hal_rcc.o
 .debug_line    0x0000ea9e     0x1e65 ./Drivers/STM32H7xx_HAL_Driver/Src/stm32h7xx_hal_rcc_ex.o
 .debug_line    0x00010903     0x2244 ./Drivers/STM32H7xx_HAL_Driver/Src/stm32h7xx_hal_spi.o
 .debug_line    0x00012b47     0x3939 ./Drivers/STM32H7xx_HAL_Driver/Src/stm32h7xx_hal_uart.o

.debug_str      0x00000000   0x15eee1
 .debug_str     0x00000000   0x15eee1 ./Core/Src/CC1201_commands.o
                             0x15800e (size before relaxing)