Archive member included to satisfy reference by file (symbol)

C:/ST/STM32CubeIDE_1.18.1/STM32CubeIDE/plugins/com.st.stm32cube.ide.mcu.externaltools.gnu-tools-for-stm32.13.3.rel1.win32_1.0.0.202411081344/tools/bin/../lib/gcc/arm-none-eabi/13.3.1/../../../../arm-none-eabi/lib/thumb/v7e-m+dp/hard\libc_nano.a(libc_a-exit.o)
                              C:/ST/STM32CubeIDE_1.18.1/STM32CubeIDE/plugins/com.st.stm32cube.ide.mcu.externaltools.gnu-tools-for-stm32.13.3.rel1.win32_1.0.0.202411081344/tools/bin/../lib/gcc/arm-none-eabi/13.3.1/../../../../arm-none-eabi/lib/thumb/v7e-m+dp/hard/crt0.o (exit)
C:/ST/STM32CubeIDE_1.18.1/STM32CubeIDE/plugins/com.st.stm32cube.ide.mcu.externaltools.gnu-tools-for-stm32.13.3.rel1.win32_1.0.0.202411081344/tools/bin/../lib/gcc/arm-none-eabi/13.3.1/../../../../arm-none-eabi/lib/thumb/v7e-m+dp/hard\libc_nano.a(libc_a-findfp.o)
                              C:/ST/STM32CubeIDE_1.18.1/STM32CubeIDE/plugins/com.st.stm32cube.ide.mcu.externaltools.gnu-tools-for-stm32.13.3.rel1.win32_1.0.0.202411081344/tools/bin/../lib/gcc/arm-none-eabi/13.3.1/../../../../arm-none-eabi/lib/thumb/v7e-m+dp/hard\libc_nano.a(libc_a-exit.o) (__stdio_exit_handler)
C:/ST/STM32CubeIDE_1.18.1/STM32CubeIDE/plugins/com.st.stm32cube.ide.mcu.externaltools.gnu-tools-for-stm32.13.3.rel1.win32_1.0.0.202411081344/tools/bin/../lib/gcc/arm-none-eabi/13.3.1/../../../../arm-none-eabi/lib/thumb/v7e-m+dp/hard\libc_nano.a(libc_a-fwalk.o)
                              C:/ST/STM32CubeIDE_1.18.1/STM32CubeIDE/plugins/com.st.stm32cube.ide.mcu.externaltools.gnu-tools-for-stm32.13.3.rel1.win32_1.0.0.202411081344/tools/bin/../lib/gcc/arm-none-eabi/13.3.1/../../../../arm-none-eabi/lib/thumb/v7e-m+dp/hard\libc_nano.a(libc_a-findfp.o) (_fwalk_sglue)
C:/ST/STM32CubeIDE_1.18.1/STM32CubeIDE/plugins/com.st.stm32cube.ide.mcu.externaltools.gnu-tools-for-stm32.13.3.rel1.win32_1.0.0.202411081344/tools/bin/../lib/gcc/arm-none-eabi/13.3.1/../../../../arm-none-eabi/lib/thumb/v7e-m+dp/hard\libc_nano.a(libc_a-printf.o)
                              ./Core/Src/CC1201_simple_link_reg_config.o (printf)
C:/ST/STM32CubeIDE_1.18.1/STM32CubeIDE/plugins/com.st.stm32cube.ide.mcu.externaltools.gnu-tools-for-stm32.13.3.rel1.win32_1.0.0.202411081344/tools/bin/../lib/gcc/arm-none-eabi/13.3.1/../../../../arm-none-eabi/lib/thumb/v7e-m+dp/hard\libc_nano.a(libc_a-stdio.o)
                              C:/ST/STM32CubeIDE_1.18.1/STM32CubeIDE/plugins/com.st.stm32cube.ide.mcu.externaltools.gnu-tools-for-stm32.13.3.rel1.win32_1.0.0.202411081344/tools/bin/../lib/gcc/arm-none-eabi/13.3.1/../../../../arm-none-eabi/lib/thumb/v7e-m+dp/hard\libc_nano.a(libc_a-findfp.o) (__sread)
C:/ST/STM32CubeIDE_1.18.1/STM32CubeIDE/plugins/com.st.stm32cube.ide.mcu.externaltools.gnu-tools-for-stm32.13.3.rel1.win32_1.0.0.202411081344/tools/bin/../lib/gcc/arm-none-eabi/13.3.1/../../../../arm-none-eabi/lib/thumb/v7e-m+dp/hard\libc_nano.a(libc_a-memset.o)
                              C:/ST/STM32CubeIDE_1.18.1/STM32CubeIDE/plugins/com.st.stm32cube.ide.mcu.externaltools.gnu-tools-for-stm32.13.3.rel1.win32_1.0.0.202411081344/tools/bin/../lib/gcc/arm-none-eabi/13.3.1/../../../../arm-none-eabi/lib/thumb/v7e-m+dp/hard/crt0.o (memset)
C:/ST/STM32CubeIDE_1.18.1/STM32CubeIDE/plugins/com.st.stm32cube.ide.mcu.externaltools.gnu-tools-for-stm32.13.3.rel1.win32_1.0.0.202411081344/tools/bin/../lib/gcc/arm-none-eabi/13.3.1/../../../../arm-none-eabi/lib/thumb/v7e-m+dp/hard\libc_nano.a(libc_a-closer.o)
                              C:/ST/STM32CubeIDE_1.18.1/STM32CubeIDE/plugins/com.st.stm32cube.ide.mcu.externaltools.gnu-tools-for-stm32.13.3.rel1.win32_1.0.0.202411081344/tools/bin/../lib/gcc/arm-none-eabi/13.3.1/../../../../arm-none-eabi/lib/thumb/v7e-m+dp/hard\libc_nano.a(libc_a-stdio.o) (_close_r)
C:/ST/STM32CubeIDE_1.18.1/STM32CubeIDE/plugins/com.st.stm32cube.ide.mcu.externaltools.gnu-tools-for-stm32.13.3.rel1.win32_1.0.0.202411081344/tools/bin/../lib/gcc/arm-none-eabi/13.3.1/../../../../arm-none-eabi/lib/thumb/v7e-m+dp/hard\libc_nano.a(libc_a-reent.o)
                              C:/ST/STM32CubeIDE_1.18.1/STM32CubeIDE/plugins/com.st.stm32cube.ide.mcu.externaltools.gnu-tools-for-stm32.13.3.rel1.win32_1.0.0.202411081344/tools/bin/../lib/gcc/arm-none-eabi/13.3.1/../../../../arm-none-eabi/lib/thumb/v7e-m+dp/hard\libc_nano.a(libc_a-closer.o) (errno)
C:/ST/STM32CubeIDE_1.18.1/STM32CubeIDE/plugins/com.st.stm32cube.ide.mcu.externaltools.gnu-tools-for-stm32.13.3.rel1.win32_1.0.0.202411081344/tools/bin/../lib/gcc/arm-none-eabi/13.3.1/../../../../arm-none-eabi/lib/thumb/v7e-m+dp/hard\libc_nano.a(libc_a-impure.o)
                              C:/ST/STM32CubeIDE_1.18.1/STM32CubeIDE/plugins/com.st.stm32cube.ide.mcu.externaltools.gnu-tools-for-stm32.13.3.rel1.win32_1.0.0.202411081344/tools/bin/../lib/gcc/arm-none-eabi/13.3.1/../../../../arm-none-eabi/lib/thumb/v7e-m+dp/hard\libc_nano.a(libc_a-printf.o) (_impure_ptr)
[...]
Memory Configuration

Name             Origin             Length             Attributes
FLASH            0x08000000         0x00200000         xr
DTCMRAM          0x20000000         0x00020000         xrw
RAM_D1           0x24000000         0x00080000         xrw
RAM_D2           0x30000000         0x00048000         xrw
RAM_D3           0x38000000         0x00010000         xrw
ITCMRAM          0x00000000         0x00010000         xrw
*default*        0x00000000         0xffffffff

Linker script and memory map

LOAD C:/ST/STM32CubeIDE_1.18.1/STM32CubeIDE/plugins/com.st.stm32cube.ide.mcu.externaltools.gnu-tools-for-stm32.13.3.rel1.win32_1.0.0.202411081344/tools/bin/../lib/gcc/arm-none-eabi/13.3.1/thumb/v7e-m+dp/hard/crti.o
LOAD C:/ST/STM32CubeIDE_1.18.1/STM32CubeIDE/plugins/com.st.stm32cube.ide.mcu.externaltools.gnu-tools-for-stm32.13.3.rel1.win32_1.0.0.202411081344/tools/bin/../lib/gcc/arm-none-eabi/13.3.1/thumb/v7e-m+dp/hard/crtbegin.o
LOAD C:/ST/STM32CubeIDE_1.18.1/STM32CubeIDE/plugins/com.st.stm32cube.ide.mcu.externaltools.gnu-tools-for-stm32.13.3.rel1.win32_1.0.0.202411081344/tools/bin/../lib/gcc/arm-none-eabi/13.3.1/../../../../arm-none-eabi/lib/thumb/v7e-m+dp/hard/crt0.o
LOAD ./Core/Src/CC1201_commands.o
LOAD ./Core/Src/CC1201_simple_link_reg_config.o
LOAD ./Core/Src/main.o
LOAD ./Core/Src/stm32h7xx_hal_msp.o
LOAD ./Core/Src/stm32h7xx_it.o
LOAD ./Core/Src/syscalls.o
LOAD ./Core/Src/sysmem.o
LOAD ./Core/Src/system_stm32h7xx.o
LOAD ./Core/Startup/startup_stm32h743zitx.o
LOAD ./Drivers/BSP/STM32H7xx_Nucleo/stm32h7xx_nucleo.o
LOAD ./Drivers/STM32H7xx_HAL_Driver/Src/stm32h7xx_hal.o
LOAD ./Drivers/STM32H7xx_HAL_Driver/Src/stm32h7xx_hal_cortex.o
LOAD ./Drivers/STM32H7xx_HAL_Driver/Src/stm32h7xx_hal_dma.o
LOAD ./Drivers/STM32H7xx_HAL_Driver/Src/stm32h7xx_hal_dma_ex.o
LOAD ./Drivers/STM32H7xx_HAL_Driver/Src/stm32h7xx_hal_exti.o
LOAD ./Drivers/STM32H7xx_HAL_Driver/Src/stm32h7xx_hal_flash.o
LOAD ./Drivers/STM32H7xx_HAL_Driver/Src/stm32h7xx_hal_flash_ex.o
LOAD ./Drivers/STM32H7xx_HAL_Driver/Src/stm32h7xx_hal_gpio.o
LOAD ./Drivers/STM32H7xx_HAL_Driver/Src/stm32h7xx_hal_hsem.o
LOAD ./Drivers/STM32H7xx_HAL_Driver/Src/stm32h7xx_hal_i2c.o
LOAD ./Drivers/STM32H7xx_HAL_Driver/Src/stm32h7xx_hal_i2c_ex.o
LOAD ./Drivers/STM32H7xx_HAL_Driver/Src/stm32h7xx_hal_mdma.o
LOAD ./Drivers/STM32H7xx_HAL_Driver/Src/stm32h7xx_hal_pwr.o
LOAD ./Drivers/STM32H7xx_HAL_Driver/Src/stm32h7xx_hal_pwr_ex.o
LOAD ./Drivers/STM32H7xx_HAL_Driver/Src/stm32h7xx_hal_rcc.o
LOAD ./Drivers/STM32H7xx_HAL_Driver/Src/stm32h7xx_hal_rcc_ex.o
LOAD ./Drivers/STM32H7xx_HAL_Driver/Src/stm32h7xx_hal_spi.o
LOAD ./Drivers/STM32H7xx_HAL_Driver/Src/stm32h7xx_hal_spi_ex.o
LOAD ./Drivers/STM32H7xx_HAL_Driver/Src/stm32h7xx_hal_uart.o
LOAD ./Drivers/STM32H7xx_HAL_Driver/Src/stm32h7xx_hal_uart_ex.o
LOAD ./Drivers/STM32H7xx_HAL_Driver/Src/stm32h7xx_hal_usart.o
LOAD ./Drivers/STM32H7xx_HAL_Driver/Src/stm32h7xx_hal_usart_ex.o
START GROUP
LOAD C:/ST/STM32CubeIDE_1.18.1/STM32CubeIDE/plugins/com.st.stm32cube.ide.mcu.externaltools.gnu-tools-for-stm32.13.3.rel1.win32_1.0.0.202411081344/tools/bin/../lib/gcc/arm-none-eabi/13.3.1/../../../../arm-none-eabi/lib/thumb/v7e-m+dp/hard\libc_nano.a
LOAD C:/ST/STM32CubeIDE_1.18.1/STM32CubeIDE/plugins/com.st.stm32cube.ide.mcu.externaltools.gnu-tools-for-stm32.13.3.rel1.win32_1.0.0.202411081344/tools/bin/../lib/gcc/arm-none-eabi/13.3.1/../../../../arm-none-eabi/lib/thumb/v7e-m+dp/hard\libm.a
END GROUP
START GROUP
LOAD C:/ST/STM32CubeIDE_1.18.1/STM32CubeIDE/plugins/com.st.stm32cube.ide.mcu.externaltools.gnu-tools-for-stm32.13.3.rel1.win32_1.0.0.202411081344/tools/bin/../lib/gcc/arm-none-eabi/13.3.1/thumb/v7e-m+dp/hard\libgcc.a
LOAD C:/ST/STM32CubeIDE_1.18.1/STM32CubeIDE/plugins/com.st.stm32cube.ide.mcu.externaltools.gnu-tools-for-stm32.13.3.rel1.win32_1.0.0.202411081344/tools/bin/../lib/gcc/arm-none-eabi/13.3.1/../../../../arm-none-eabi/lib/thumb/v7e-m+dp/hard\libc_nano.a
END GROUP
START GROUP
LOAD C:/ST/STM32CubeIDE_1.18.1/STM32CubeIDE/plugins/com.st.stm32cube.ide.mcu.externaltools.gnu-tools-for-stm32.13.3.rel1.win32_1.0.0.202411081344/tools/bin/../lib/gcc/arm-none-eabi/13.3.1/thumb/v7e-m+dp/hard\libgcc.a
LOAD C:/ST/STM32CubeIDE_1.18.1/STM32CubeIDE/plugins/com.st.stm32cube.ide.mcu.externaltools.gnu-tools-for-stm32.13.3.rel1.win32_1.0.0.202411081344/tools/bin/../lib/gcc/arm-none-eabi/13.3.1/../../../../arm-none-eabi/lib/thumb/v7e-m+dp/hard\libc_nano.a
LOAD C:/ST/STM32CubeIDE_1.18.1/STM32CubeIDE/plugins/com.st.stm32cube.ide.mcu.externaltools.gnu-tools-for-stm32.13.3.rel1.win32_1.0.0.202411081344/tools/bin/../lib/gcc/arm-none-eabi/13.3.1/../../../../arm-none-eabi/lib/thumb/v7e-m+dp/hard\libnosys.a
END GROUP
START GROUP
LOAD C:/ST/STM32CubeIDE_1.18.1/STM32CubeIDE/plugins/com.st.stm32cube.ide.mcu.externaltools.gnu-tools-for-stm32.13.3.rel1.win32_1.0.0.202411081344/tools/bin/../lib/gcc/arm-none-eabi/13.3.1/thumb/v7e-m+dp/hard\libgcc.a
LOAD C:/ST/STM32CubeIDE_1.18.1/STM32CubeIDE/plugins/com.st.stm32cube.ide.mcu.externaltools.gnu-tools-for-stm32.13.3.rel1.win32_1.0.0.202411081344/tools/bin/../lib/gcc/arm-none-eabi/13.3.1/../../../../arm-none-eabi/lib/thumb/v7e-m+dp/hard\libc_nano.a
LOAD C:/ST/STM32CubeIDE_1.18.1/STM32CubeIDE/plugins/com.st.stm32cube.ide.mcu.externaltools.gnu-tools-for-stm32.13.3.rel1.win32_1.0.0.202411081344/tools/bin/../lib/gcc/arm-none-eabi/13.3.1/../../../../arm-none-eabi/lib/thumb/v7e-m+dp/hard\libnosys.a
END GROUP
LOAD C:/ST/STM32CubeIDE_1.18.1/STM32CubeIDE/plugins/com.st.stm32cube.ide.mcu.externaltools.gnu-tools-for-stm32.13.3.rel1.win32_1.0.0.202411081344/tools/bin/../lib/gcc/arm-none-eabi/13.3.1/thumb/v7e-m+dp/hard/crtend.o
LOAD C:/ST/STM32CubeIDE_1.18.1/STM32CubeIDE/plugins/com.st.stm32cube.ide.mcu.externaltools.gnu-tools-for-stm32.13.3.rel1.win32_1.0.0.202411081344/tools/bin/../lib/gcc/arm-none-eabi/13.3.1/thumb/v7e-m+dp/hard/crtn.o
                0x24080000                        _estack = (ORIGIN (RAM_D1) + LENGTH (RAM_D1))
                0x00000200                        _Min_Heap_Size = 0x200
                0x00000400                        _Min_Stack_Size = 0x400

.isr_vector     0x08000000      0x298
                0x08000000                        . = ALIGN (0x4)
 *(.isr_vector)
 .isr_vector    0x08000000      0x298 ./Core/Startup/startup_stm32h743zitx.o
                0x08000000                g_pfnVectors
                0x08000298                        . = ALIGN (0x4)

.text           0x080002a0     0x7d2c
                0x080002a0                        . = ALIGN (0x4)
 *(.text)
 .text          0x080002a0       0x40 C:/ST/STM32CubeIDE_1.18.1/STM32CubeIDE/plugins/com.st.stm32cube.ide.mcu.externaltools.gnu-tools-for-stm32.13.3.rel1.win32_1.0.0.202411081344/tools/bin/../lib/gcc/arm-none-eabi/13.3.1/thumb/v7e-m+dp/hard/crtbegin.o
 .text          0x080002e0       0xa0 C:/ST/STM32CubeIDE_1.18.1/STM32CubeIDE/plugins/com.st.stm32cube.ide.mcu.externaltools.gnu-tools-for-stm32.13.3.rel1.win32_1.0.0.202411081344/tools/bin/../lib/gcc/arm-none-eabi/13.3.1/../../../../arm-none-eabi/lib/thumb/v7e-m+dp/hard\libc_nano.a(libc_a-memchr.o)
                0x080002e0                memchr
 .text          0x08000380       0x30 C:/ST/STM32CubeIDE_1.18.1/STM32CubeIDE/plugins/com.st.stm32cube.ide.mcu.externaltools.gnu-tools-for-stm32.13.3.rel1.win32_1.0.0.202411081344/tools/bin/../lib/gcc/arm-none-eabi/13.3.1/thumb/v7e-m+dp/hard\libgcc.a(_aeabi_uldivmod.o)
                0x08000380                __aeabi_uldivmod
 .text          0x080003b0      0x2f8 C:/ST/STM32CubeIDE_1.18.1/STM32CubeIDE/plugins/com.st.stm32cube.ide.mcu.externaltools.gnu-tools-for-stm32.13.3.rel1.win32_1.0.0.202411081344/tools/bin/../lib/gcc/arm-none-eabi/13.3.1/thumb/v7e-m+dp/hard\libgcc.a(_udivmoddi4.o)
                0x080003b0                __udivmoddi4
 .text          0x080006a8        0x4 C:/ST/STM32CubeIDE_1.18.1/STM32CubeIDE/plugins/com.st.stm32cube.ide.mcu.externaltools.gnu-tools-for-stm32.13.3.rel1.win32_1.0.0.202411081344/tools/bin/../lib/gcc/arm-none-eabi/13.3.1/thumb/v7e-m+dp/hard\libgcc.a(_dvmd_tls.o)
                0x080006a8                __aeabi_idiv0
                0x080006a8                __aeabi_ldiv0
 *(.text*)
 .text.CC1201_SoftReset
                0x080006ac       0x1a ./Core/Src/CC1201_commands.o
                0x080006ac                CC1201_SoftReset
 .text.CC1201_CalFreqSynth
                0x080006c6       0x1a ./Core/Src/CC1201_commands.o
                0x080006c6                CC1201_CalFreqSynth
 .text.CC1201_EnterRxMode
                0x080006e0       0x1a ./Core/Src/CC1201_commands.o
                0x080006e0                CC1201_EnterRxMode
 .text.CC1201_EnterIdleMode
                0x080006fa       0x1a ./Core/Src/CC1201_commands.o
                0x080006fa                CC1201_EnterIdleMode
 .text.CC1201_FlushRxFifo
                0x08000714       0x1a ./Core/Src/CC1201_commands.o
                0x08000714                CC1201_FlushRxFifo
 .text.CC1201_Nop
                0x0800072e       0x1a ./Core/Src/CC1201_commands.o
                0x0800072e                CC1201_Nop
 .text.CC1201_ReadStatus
                0x08000748       0x9c ./Core/Src/CC1201_commands.o
                0x08000748                CC1201_ReadStatus
 .text.CC1201_WriteRegister
                0x080007e4       0x74 ./Core/Src/CC1201_commands.o
                0x080007e4                CC1201_WriteRegister
 .text.CC1201_ReadMARCState
                0x08000858       0x1c ./Core/Src/CC1201_commands.o
                0x08000858                CC1201_ReadMARCState
 .text.CC1201_GetNumRXBytes
                0x08000874       0x1c ./Core/Src/CC1201_commands.o
                0x08000874                CC1201_GetNumRXBytes
 .text.CC1201_SendStrobe
                0x08000890       0xac ./Core/Src/CC1201_simple_link_reg_config.o
                0x08000890                CC1201_SendStrobe
 .text.CC1201_WriteRegisterConfig
                0x0800093c       0x72 ./Core/Src/CC1201_simple_link_reg_config.o
                0x0800093c                CC1201_WriteRegisterConfig
 .text.CC1201_GetNumPreferredSettings
                0x080009ae       0x10 ./Core/Src/CC1201_simple_link_reg_config.o
                0x080009ae                CC1201_GetNumPreferredSettings
 *fill*         0x080009be        0x2 
 .text.CC1201_GetPreferredSettings
                0x080009c0       0x14 ./Core/Src/CC1201_simple_link_reg_config.o
                0x080009c0                CC1201_GetPreferredSettings
 .text.test_GPIO_pins
                0x080009d4       0xfc ./Core/Src/main.o
                0x080009d4                test_GPIO_pins
 .text.initialize_CC1201
                0x08000ad0       0xc8 ./Core/Src/main.o
                0x08000ad0                initialize_CC1201
 .text.test_CC1201_strobe_commands
                0x08000b98      0x248 ./Core/Src/main.o
                0x08000b98                test_CC1201_strobe_commands
 .text.main     0x08000de0      0x1cc ./Core/Src/main.o
                0x08000de0                main
 .text.SystemClock_Config
                0x08000fac       0xd8 ./Core/Src/main.o
                0x08000fac                SystemClock_Config
 .text.MX_SPI4_Init
                0x08001084       0xac ./Core/Src/main.o
 .text.MX_GPIO_Init
                0x08001130      0x110 ./Core/Src/main.o
 .text.MPU_Config
                0x08001240       0x58 ./Core/Src/main.o
 .text.BSP_PB_Callback
                0x08001298       0x28 ./Core/Src/main.o
                0x08001298                BSP_PB_Callback
 .text.Error_Handler
                0x080012c0        0xc ./Core/Src/main.o
                0x080012c0                Error_Handler
 .text.HAL_MspInit
                0x080012cc       0x34 ./Core/Src/stm32h7xx_hal_msp.o
                0x080012cc                HAL_MspInit
 .text.HAL_SPI_MspInit
                0x08001300       0xf8 ./Core/Src/stm32h7xx_hal_msp.o
                0x08001300                HAL_SPI_MspInit
 .text.NMI_Handler
                0x080013f8        0x8 ./Core/Src/stm32h7xx_it.o
                0x080013f8                NMI_Handler
 .text.HardFault_Handler
                0x08001400        0x8 ./Core/Src/stm32h7xx_it.o
                0x08001400                HardFault_Handler
 .text.MemManage_Handler
                0x08001408        0x8 ./Core/Src/stm32h7xx_it.o
                0x08001408                MemManage_Handler
 .text.BusFault_Handler
                0x08001410        0x8 ./Core/Src/stm32h7xx_it.o
                0x08001410                BusFault_Handler
 .text.UsageFault_Handler
                0x08001418        0x8 ./Core/Src/stm32h7xx_it.o
                0x08001418                UsageFault_Handler
 .text.SVC_Handler
                0x08001420        0xe ./Core/Src/stm32h7xx_it.o
                0x08001420                SVC_Handler
 .text.DebugMon_Handler
                0x0800142e        0xe ./Core/Src/stm32h7xx_it.o
                0x0800142e                DebugMon_Handler
 .text.PendSV_Handler
                0x0800143c        0xe ./Core/Src/stm32h7xx_it.o
                0x0800143c                PendSV_Handler
 .text.SysTick_Handler
                0x0800144a        0xc ./Core/Src/stm32h7xx_it.o
                0x0800144a                SysTick_Handler
 .text.EXTI15_10_IRQHandler
                0x08001456        0xe ./Core/Src/stm32h7xx_it.o
                0x08001456                EXTI15_10_IRQHandler
 .text._read    0x08001464       0x3a ./Core/Src/syscalls.o
                0x08001464                _read
 .text._write   0x0800149e       0x38 ./Core/Src/syscalls.o
                0x0800149e                _write
 .text._close   0x080014d6       0x18 ./Core/Src/syscalls.o
                0x080014d6                _close
 .text._fstat   0x080014ee       0x20 ./Core/Src/syscalls.o
                0x080014ee                _fstat
 .text._isatty  0x0800150e       0x16 ./Core/Src/syscalls.o
                0x0800150e                _isatty
 .text._lseek   0x08001524       0x1a ./Core/Src/syscalls.o
                0x08001524                _lseek
 *fill*         0x0800153e        0x2 
 .text._sbrk    0x08001540       0x6c ./Core/Src/sysmem.o
                0x08001540                _sbrk
 .text.SystemInit
                0x080015ac      0x140 ./Core/Src/system_stm32h7xx.o
                0x080015ac                SystemInit
 .text.ExitRun0Mode
                0x080016ec       0x30 ./Core/Src/system_stm32h7xx.o
                0x080016ec                ExitRun0Mode
 .text.Reset_Handler
                0x0800171c       0x54 ./Core/Startup/startup_stm32h743zitx.o
                0x0800171c                Reset_Handler
 .text.Default_Handler
                0x08001770        0x2 ./Core/Startup/startup_stm32h743zitx.o
                0x08001770                RTC_Alarm_IRQHandler
                0x08001770                EXTI2_IRQHandler
                0x08001770                TIM8_CC_IRQHandler
                0x08001770                HRTIM1_Master_IRQHandler
                0x08001770                UART8_IRQHandler
                0x08001770                SPI4_IRQHandler
                0x08001770                TIM1_CC_IRQHandler
                0x08001770                BDMA_Channel6_IRQHandler
                0x08001770                DMA2_Stream5_IRQHandler
                0x08001770                HRTIM1_FLT_IRQHandler
                0x08001770                JPEG_IRQHandler
                0x08001770                DMA1_Stream5_IRQHandler
                0x08001770                BDMA_Channel1_IRQHandler
                0x08001770                HRTIM1_TIMD_IRQHandler
                0x08001770                TAMP_STAMP_IRQHandler
                0x08001770                EXTI3_IRQHandler
                0x08001770                LPTIM4_IRQHandler
                0x08001770                TIM8_TRG_COM_TIM14_IRQHandler
                0x08001770                LPTIM2_IRQHandler
                0x08001770                DFSDM1_FLT1_IRQHandler
                0x08001770                DMAMUX2_OVR_IRQHandler
                0x08001770                TIM8_UP_TIM13_IRQHandler
                0x08001770                I2C3_ER_IRQHandler
                0x08001770                DFSDM1_FLT2_IRQHandler
                0x08001770                MDMA_IRQHandler
                0x08001770                LPTIM3_IRQHandler
                0x08001770                HSEM1_IRQHandler
                0x08001770                EXTI0_IRQHandler
                0x08001770                I2C2_EV_IRQHandler
                0x08001770                DMA1_Stream2_IRQHandler
                0x08001770                FPU_IRQHandler
                0x08001770                OTG_HS_WKUP_IRQHandler
                0x08001770                FDCAN1_IT1_IRQHandler
                0x08001770                LTDC_ER_IRQHandler
                0x08001770                DMA2_Stream2_IRQHandler
                0x08001770                HRTIM1_TIME_IRQHandler
                0x08001770                SPI1_IRQHandler
                0x08001770                TIM6_DAC_IRQHandler
                0x08001770                DCMI_IRQHandler
                0x08001770                HRTIM1_TIMC_IRQHandler
                0x08001770                DMA2_Stream3_IRQHandler
                0x08001770                SAI2_IRQHandler
                0x08001770                DFSDM1_FLT3_IRQHandler
                0x08001770                USART6_IRQHandler
                0x08001770                TIM17_IRQHandler
                0x08001770                USART3_IRQHandler
                0x08001770                BDMA_Channel7_IRQHandler
                0x08001770                LPTIM5_IRQHandler
                0x08001770                UART5_IRQHandler
                0x08001770                ADC3_IRQHandler
                0x08001770                DMA2_Stream0_IRQHandler
                0x08001770                TIM4_IRQHandler
                0x08001770                BDMA_Channel2_IRQHandler
                0x08001770                QUADSPI_IRQHandler
                0x08001770                I2C1_EV_IRQHandler
                0x08001770                DMA1_Stream6_IRQHandler
                0x08001770                DMAMUX1_OVR_IRQHandler
                0x08001770                DMA1_Stream1_IRQHandler
                0x08001770                TIM16_IRQHandler
                0x08001770                UART4_IRQHandler
                0x08001770                BDMA_Channel5_IRQHandler
                0x08001770                TIM3_IRQHandler
                0x08001770                RCC_IRQHandler
                0x08001770                TIM8_BRK_TIM12_IRQHandler
                0x08001770                TIM1_TRG_COM_IRQHandler
                0x08001770                Default_Handler
                0x08001770                ECC_IRQHandler
                0x08001770                CEC_IRQHandler
                0x08001770                BDMA_Channel0_IRQHandler
                0x08001770                ADC_IRQHandler
                0x08001770                DMA1_Stream7_IRQHandler
                0x08001770                HRTIM1_TIMA_IRQHandler
                0x08001770                SPI5_IRQHandler
                0x08001770                TIM7_IRQHandler
                0x08001770                SDMMC1_IRQHandler
                0x08001770                TIM5_IRQHandler
                0x08001770                DMA2_Stream7_IRQHandler
                0x08001770                TIM15_IRQHandler
                0x08001770                PVD_AVD_IRQHandler
                0x08001770                I2C3_EV_IRQHandler
                0x08001770                EXTI9_5_IRQHandler
                0x08001770                RTC_WKUP_IRQHandler
                0x08001770                LTDC_IRQHandler
                0x08001770                SAI3_IRQHandler
                0x08001770                ETH_WKUP_IRQHandler
                0x08001770                SPDIF_RX_IRQHandler
                0x08001770                SPI2_IRQHandler
                0x08001770                OTG_HS_EP1_IN_IRQHandler
                0x08001770                DMA1_Stream0_IRQHandler
                0x08001770                CRS_IRQHandler
                0x08001770                EXTI4_IRQHandler
                0x08001770                RNG_IRQHandler
                0x08001770                HRTIM1_TIMB_IRQHandler
                0x08001770                FDCAN2_IT1_IRQHandler
                0x08001770                ETH_IRQHandler
                0x08001770                TIM1_UP_IRQHandler
                0x08001770                BDMA_Channel4_IRQHandler
                0x08001770                OTG_HS_EP1_OUT_IRQHandler
                0x08001770                WWDG_IRQHandler
                0x08001770                SPI6_IRQHandler
                0x08001770                MDIOS_IRQHandler
                0x08001770                I2C4_EV_IRQHandler
                0x08001770                FDCAN2_IT0_IRQHandler
                0x08001770                LPUART1_IRQHandler
                0x08001770                FDCAN1_IT0_IRQHandler
                0x08001770                TIM2_IRQHandler
                0x08001770                OTG_FS_WKUP_IRQHandler
                0x08001770                OTG_HS_IRQHandler
                0x08001770                DMA2D_IRQHandler
                0x08001770                TIM1_BRK_IRQHandler
                0x08001770                EXTI1_IRQHandler
                0x08001770                SDMMC2_IRQHandler
                0x08001770                OTG_FS_EP1_OUT_IRQHandler
                0x08001770                BDMA_Channel3_IRQHandler
                0x08001770                UART7_IRQHandler
                0x08001770                MDIOS_WKUP_IRQHandler
                0x08001770                USART2_IRQHandler
                0x08001770                DFSDM1_FLT0_IRQHandler
                0x08001770                SAI4_IRQHandler
                0x08001770                I2C2_ER_IRQHandler
                0x08001770                DMA2_Stream1_IRQHandler
                0x08001770                FLASH_IRQHandler
                0x08001770                DMA2_Stream4_IRQHandler
                0x08001770                USART1_IRQHandler
                0x08001770                OTG_FS_IRQHandler
                0x08001770                SPI3_IRQHandler
                0x08001770                WAKEUP_PIN_IRQHandler
                0x08001770                DMA1_Stream4_IRQHandler
                0x08001770                OTG_FS_EP1_IN_IRQHandler
                0x08001770                I2C1_ER_IRQHandler
                0x08001770                FMC_IRQHandler
                0x08001770                FDCAN_CAL_IRQHandler
                0x08001770                SWPMI1_IRQHandler
                0x08001770                COMP1_IRQHandler
                0x08001770                LPTIM1_IRQHandler
                0x08001770                I2C4_ER_IRQHandler
                0x08001770                DMA2_Stream6_IRQHandler
                0x08001770                SAI1_IRQHandler
                0x08001770                DMA1_Stream3_IRQHandler
 *fill*         0x08001772        0x2 
 .text.BSP_LED_Init
                0x08001774       0xec ./Drivers/BSP/STM32H7xx_Nucleo/stm32h7xx_nucleo.o
                0x08001774                BSP_LED_Init
 .text.BSP_LED_On
                0x08001860       0x54 ./Drivers/BSP/STM32H7xx_Nucleo/stm32h7xx_nucleo.o
                0x08001860                BSP_LED_On
 .text.BSP_LED_Off
                0x080018b4       0x54 ./Drivers/BSP/STM32H7xx_Nucleo/stm32h7xx_nucleo.o
                0x080018b4                BSP_LED_Off
 .text.BSP_LED_Toggle
                0x08001908       0x54 ./Drivers/BSP/STM32H7xx_Nucleo/stm32h7xx_nucleo.o
                0x08001908                BSP_LED_Toggle
 .text.BSP_PB_Init
                0x0800195c       0xe4 ./Drivers/BSP/STM32H7xx_Nucleo/stm32h7xx_nucleo.o
                0x0800195c                BSP_PB_Init
 .text.BSP_PB_IRQHandler
                0x08001a40       0x24 ./Drivers/BSP/STM32H7xx_Nucleo/stm32h7xx_nucleo.o
                0x08001a40                BSP_PB_IRQHandler
 .text.BSP_COM_Init
                0x08001a64       0x60 ./Drivers/BSP/STM32H7xx_Nucleo/stm32h7xx_nucleo.o
                0x08001a64                BSP_COM_Init
 .text.MX_USART3_Init
                0x08001ac4       0x64 ./Drivers/BSP/STM32H7xx_Nucleo/stm32h7xx_nucleo.o
                0x08001ac4                MX_USART3_Init
 .text.__io_putchar
                0x08001b28       0x38 ./Drivers/BSP/STM32H7xx_Nucleo/stm32h7xx_nucleo.o
                0x08001b28                __io_putchar
 .text.BUTTON_USER_EXTI_Callback
                0x08001b60        0xe ./Drivers/BSP/STM32H7xx_Nucleo/stm32h7xx_nucleo.o
 *fill*         0x08001b6e        0x2 
 .text.COM1_MspInit
                0x08001b70       0xb0 ./Drivers/BSP/STM32H7xx_Nucleo/stm32h7xx_nucleo.o
 .text.HAL_Init
                0x08001c20       0x78 ./Drivers/STM32H7xx_HAL_Driver/Src/stm32h7xx_hal.o
                0x08001c20                HAL_Init
 .text.HAL_InitTick
                0x08001c98       0x6c ./Drivers/STM32H7xx_HAL_Driver/Src/stm32h7xx_hal.o
                0x08001c98                HAL_InitTick
 .text.HAL_IncTick
                0x08001d04       0x28 ./Drivers/STM32H7xx_HAL_Driver/Src/stm32h7xx_hal.o
                0x08001d04                HAL_IncTick
 .text.HAL_GetTick
                0x08001d2c       0x18 ./Drivers/STM32H7xx_HAL_Driver/Src/stm32h7xx_hal.o
                0x08001d2c                HAL_GetTick
 .text.HAL_Delay
                0x08001d44       0x48 ./Drivers/STM32H7xx_HAL_Driver/Src/stm32h7xx_hal.o
                0x08001d44                HAL_Delay
 .text.HAL_GetREVID
                0x08001d8c       0x18 ./Drivers/STM32H7xx_HAL_Driver/Src/stm32h7xx_hal.o
                0x08001d8c                HAL_GetREVID
 .text.__NVIC_SetPriorityGrouping
                0x08001da4       0x48 ./Drivers/STM32H7xx_HAL_Driver/Src/stm32h7xx_hal_cortex.o
 .text.__NVIC_GetPriorityGrouping
                0x08001dec       0x1c ./Drivers/STM32H7xx_HAL_Driver/Src/stm32h7xx_hal_cortex.o
 .text.__NVIC_EnableIRQ
                0x08001e08       0x3c ./Drivers/STM32H7xx_HAL_Driver/Src/stm32h7xx_hal_cortex.o
 .text.__NVIC_SetPriority
                0x08001e44       0x54 ./Drivers/STM32H7xx_HAL_Driver/Src/stm32h7xx_hal_cortex.o
 .text.NVIC_EncodePriority
                0x08001e98       0x66 ./Drivers/STM32H7xx_HAL_Driver/Src/stm32h7xx_hal_cortex.o
 *fill*         0x08001efe        0x2 
 .text.SysTick_Config
                0x08001f00       0x44 ./Drivers/STM32H7xx_HAL_Driver/Src/stm32h7xx_hal_cortex.o
 .text.HAL_NVIC_SetPriorityGrouping
                0x08001f44       0x16 ./Drivers/STM32H7xx_HAL_Driver/Src/stm32h7xx_hal_cortex.o
                0x08001f44                HAL_NVIC_SetPriorityGrouping
 .text.HAL_NVIC_SetPriority
                0x08001f5a       0x34 ./Drivers/STM32H7xx_HAL_Driver/Src/stm32h7xx_hal_cortex.o
                0x08001f5a                HAL_NVIC_SetPriority
 .text.HAL_NVIC_EnableIRQ
                0x08001f8e       0x1c ./Drivers/STM32H7xx_HAL_Driver/Src/stm32h7xx_hal_cortex.o
                0x08001f8e                HAL_NVIC_EnableIRQ
 .text.HAL_SYSTICK_Config
                0x08001faa       0x18 ./Drivers/STM32H7xx_HAL_Driver/Src/stm32h7xx_hal_cortex.o
                0x08001faa                HAL_SYSTICK_Config
 *fill*         0x08001fc2        0x2 
 .text.HAL_MPU_Disable
                0x08001fc4       0x30 ./Drivers/STM32H7xx_HAL_Driver/Src/stm32h7xx_hal_cortex.o
                0x08001fc4                HAL_MPU_Disable
 .text.HAL_MPU_Enable
                0x08001ff4       0x40 ./Drivers/STM32H7xx_HAL_Driver/Src/stm32h7xx_hal_cortex.o
                0x08001ff4                HAL_MPU_Enable
 .text.HAL_MPU_ConfigRegion
                0x08002034       0x80 ./Drivers/STM32H7xx_HAL_Driver/Src/stm32h7xx_hal_cortex.o
                0x08002034                HAL_MPU_ConfigRegion
 .text.HAL_EXTI_RegisterCallback
                0x080020b4       0x3e ./Drivers/STM32H7xx_HAL_Driver/Src/stm32h7xx_hal_exti.o
                0x080020b4                HAL_EXTI_RegisterCallback
 .text.HAL_EXTI_GetHandle
                0x080020f2       0x28 ./Drivers/STM32H7xx_HAL_Driver/Src/stm32h7xx_hal_exti.o
                0x080020f2                HAL_EXTI_GetHandle
 *fill*         0x0800211a        0x2 
 .text.HAL_EXTI_IRQHandler
                0x0800211c       0x60 ./Drivers/STM32H7xx_HAL_Driver/Src/stm32h7xx_hal_exti.o
                0x0800211c                HAL_EXTI_IRQHandler
 .text.HAL_GPIO_Init
                0x0800217c      0x360 ./Drivers/STM32H7xx_HAL_Driver/Src/stm32h7xx_hal_gpio.o
                0x0800217c                HAL_GPIO_Init
 .text.HAL_GPIO_ReadPin
                0x080024dc       0x30 ./Drivers/STM32H7xx_HAL_Driver/Src/stm32h7xx_hal_gpio.o
                0x080024dc                HAL_GPIO_ReadPin
 .text.HAL_GPIO_WritePin
                0x0800250c       0x32 ./Drivers/STM32H7xx_HAL_Driver/Src/stm32h7xx_hal_gpio.o
                0x0800250c                HAL_GPIO_WritePin
 .text.HAL_GPIO_TogglePin
                0x0800253e       0x34 ./Drivers/STM32H7xx_HAL_Driver/Src/stm32h7xx_hal_gpio.o
                0x0800253e                HAL_GPIO_TogglePin
 *fill*         0x08002572        0x2 
 .text.HAL_PWREx_ConfigSupply
                0x08002574       0x74 ./Drivers/STM32H7xx_HAL_Driver/Src/stm32h7xx_hal_pwr_ex.o
                0x08002574                HAL_PWREx_ConfigSupply
 .text.HAL_RCC_OscConfig
                0x080025e8      0x8b4 ./Drivers/STM32H7xx_HAL_Driver/Src/stm32h7xx_hal_rcc.o
                0x080025e8                HAL_RCC_OscConfig
 .text.HAL_RCC_ClockConfig
                0x08002e9c      0x36c ./Drivers/STM32H7xx_HAL_Driver/Src/stm32h7xx_hal_rcc.o
                0x08002e9c                HAL_RCC_ClockConfig
 .text.HAL_RCC_GetSysClockFreq
                0x08003208      0x2f4 ./Drivers/STM32H7xx_HAL_Driver/Src/stm32h7xx_hal_rcc.o
                0x08003208                HAL_RCC_GetSysClockFreq
 .text.HAL_RCC_GetHCLKFreq
                0x080034fc       0x60 ./Drivers/STM32H7xx_HAL_Driver/Src/stm32h7xx_hal_rcc.o
                0x080034fc                HAL_RCC_GetHCLKFreq
 .text.HAL_RCC_GetPCLK1Freq
                0x0800355c       0x2c ./Drivers/STM32H7xx_HAL_Driver/Src/stm32h7xx_hal_rcc.o
                0x0800355c                HAL_RCC_GetPCLK1Freq
 .text.HAL_RCC_GetPCLK2Freq
                0x08003588       0x2c ./Drivers/STM32H7xx_HAL_Driver/Src/stm32h7xx_hal_rcc.o
                0x08003588                HAL_RCC_GetPCLK2Freq
 .text.HAL_RCCEx_PeriphCLKConfig
                0x080035b4     0x1414 ./Drivers/STM32H7xx_HAL_Driver/Src/stm32h7xx_hal_rcc_ex.o
                0x080035b4                HAL_RCCEx_PeriphCLKConfig
 .text.HAL_RCCEx_GetD3PCLK1Freq
                0x080049c8       0x2c ./Drivers/STM32H7xx_HAL_Driver/Src/stm32h7xx_hal_rcc_ex.o
                0x080049c8                HAL_RCCEx_GetD3PCLK1Freq
 .text.HAL_RCCEx_GetPLL2ClockFreq
                0x080049f4      0x2a8 ./Drivers/STM32H7xx_HAL_Driver/Src/stm32h7xx_hal_rcc_ex.o
                0x080049f4                HAL_RCCEx_GetPLL2ClockFreq
 .text.HAL_RCCEx_GetPLL3ClockFreq
                0x08004c9c      0x2a8 ./Drivers/STM32H7xx_HAL_Driver/Src/stm32h7xx_hal_rcc_ex.o
                0x08004c9c                HAL_RCCEx_GetPLL3ClockFreq
 .text.RCCEx_PLL2_Config
                0x08004f44      0x164 ./Drivers/STM32H7xx_HAL_Driver/Src/stm32h7xx_hal_rcc_ex.o
 .text.RCCEx_PLL3_Config
                0x080050a8      0x164 ./Drivers/STM32H7xx_HAL_Driver/Src/stm32h7xx_hal_rcc_ex.o
 .text.HAL_SPI_Init
                0x0800520c      0x248 ./Drivers/STM32H7xx_HAL_Driver/Src/stm32h7xx_hal_spi.o
                0x0800520c                HAL_SPI_Init
 .text.HAL_SPI_Transmit
                0x08005454      0x3dc ./Drivers/STM32H7xx_HAL_Driver/Src/stm32h7xx_hal_spi.o
                0x08005454                HAL_SPI_Transmit
 .text.HAL_SPI_TransmitReceive
                0x08005830      0x674 ./Drivers/STM32H7xx_HAL_Driver/Src/stm32h7xx_hal_spi.o
                0x08005830                HAL_SPI_TransmitReceive
 .text.SPI_CloseTransfer
                0x08005ea4      0x140 ./Drivers/STM32H7xx_HAL_Driver/Src/stm32h7xx_hal_spi.o
 .text.SPI_WaitOnFlagUntilTimeout
                0x08005fe4       0x5c ./Drivers/STM32H7xx_HAL_Driver/Src/stm32h7xx_hal_spi.o
 .text.SPI_GetPacketSize
                0x08006040       0x36 ./Drivers/STM32H7xx_HAL_Driver/Src/stm32h7xx_hal_spi.o
 .text.HAL_UART_Init
                0x08006076       0xa0 ./Drivers/STM32H7xx_HAL_Driver/Src/stm32h7xx_hal_uart.o
                0x08006076                HAL_UART_Init
 .text.HAL_UART_MspInit
                0x08006116       0x14 ./Drivers/STM32H7xx_HAL_Driver/Src/stm32h7xx_hal_uart.o
                0x08006116                HAL_UART_MspInit
 .text.HAL_UART_Transmit
                0x0800612a      0x11c ./Drivers/STM32H7xx_HAL_Driver/Src/stm32h7xx_hal_uart.o
                0x0800612a                HAL_UART_Transmit
 *fill*         0x08006246        0x2 
 .text.UART_SetConfig
                0x08006248      0xad0 ./Drivers/STM32H7xx_HAL_Driver/Src/stm32h7xx_hal_uart.o
                0x08006248                UART_SetConfig
 .text.UART_AdvFeatureConfig
                0x08006d18      0x144 ./Drivers/STM32H7xx_HAL_Driver/Src/stm32h7xx_hal_uart.o
                0x08006d18                UART_AdvFeatureConfig
 .text.UART_CheckIdleState
                0x08006e5c      0x154 ./Drivers/STM32H7xx_HAL_Driver/Src/stm32h7xx_hal_uart.o
                0x08006e5c                UART_CheckIdleState
 .text.UART_WaitOnFlagUntilTimeout
                0x08006fb0       0xda ./Drivers/STM32H7xx_HAL_Driver/Src/stm32h7xx_hal_uart.o
                0x08006fb0                UART_WaitOnFlagUntilTimeout
 *fill*         0x0800708a        0x2 
 .text.UART_EndRxTransfer
                0x0800708c       0xcc ./Drivers/STM32H7xx_HAL_Driver/Src/stm32h7xx_hal_uart.o
 .text.std      0x08007158       0x6c C:/ST/STM32CubeIDE_1.18.1/STM32CubeIDE/plugins/com.st.stm32cube.ide.mcu.externaltools.gnu-tools-for-stm32.13.3.rel1.win32_1.0.0.202411081344/tools/bin/../lib/gcc/arm-none-eabi/13.3.1/../../../../arm-none-eabi/lib/thumb/v7e-m+dp/hard\libc_nano.a(libc_a-findfp.o)
 .text.stdio_exit_handler
                0x080071c4       0x18 C:/ST/STM32CubeIDE_1.18.1/STM32CubeIDE/plugins/com.st.stm32cube.ide.mcu.externaltools.gnu-tools-for-stm32.13.3.rel1.win32_1.0.0.202411081344/tools/bin/../lib/gcc/arm-none-eabi/13.3.1/../../../../arm-none-eabi/lib/thumb/v7e-m+dp/hard\libc_nano.a(libc_a-findfp.o)
 .text.cleanup_stdio
                0x080071dc       0x40 C:/ST/STM32CubeIDE_1.18.1/STM32CubeIDE/plugins/com.st.stm32cube.ide.mcu.externaltools.gnu-tools-for-stm32.13.3.rel1.win32_1.0.0.202411081344/tools/bin/../lib/gcc/arm-none-eabi/13.3.1/../../../../arm-none-eabi/lib/thumb/v7e-m+dp/hard\libc_nano.a(libc_a-findfp.o)
 .text.global_stdio_init.part.0
                0x0800721c       0x3c C:/ST/STM32CubeIDE_1.18.1/STM32CubeIDE/plugins/com.st.stm32cube.ide.mcu.externaltools.gnu-tools-for-stm32.13.3.rel1.win32_1.0.0.202411081344/tools/bin/../lib/gcc/arm-none-eabi/13.3.1/../../../../arm-none-eabi/lib/thumb/v7e-m+dp/hard\libc_nano.a(libc_a-findfp.o)
 .text.__sfp_lock_acquire
                0x08007258        0xc C:/ST/STM32CubeIDE_1.18.1/STM32CubeIDE/plugins/com.st.stm32cube.ide.mcu.externaltools.gnu-tools-for-stm32.13.3.rel1.win32_1.0.0.202411081344/tools/bin/../lib/gcc/arm-none-eabi/13.3.1/../../../../arm-none-eabi/lib/thumb/v7e-m+dp/hard\libc_nano.a(libc_a-findfp.o)
                0x08007258                __sfp_lock_acquire
 .text.__sfp_lock_release
                0x08007264        0xc C:/ST/STM32CubeIDE_1.18.1/STM32CubeIDE/plugins/com.st.stm32cube.ide.mcu.externaltools.gnu-tools-for-stm32.13.3.rel1.win32_1.0.0.202411081344/tools/bin/../lib/gcc/arm-none-eabi/13.3.1/../../../../arm-none-eabi/lib/thumb/v7e-m+dp/hard\libc_nano.a(libc_a-findfp.o)
                0x08007264                __sfp_lock_release
 .text.__sinit  0x08007270       0x30 C:/ST/STM32CubeIDE_1.18.1/STM32CubeIDE/plugins/com.st.stm32cube.ide.mcu.externaltools.gnu-tools-for-stm32.13.3.rel1.win32_1.0.0.202411081344/tools/bin/../lib/gcc/arm-none-eabi/13.3.1/../../../../arm-none-eabi/lib/thumb/v7e-m+dp/hard\libc_nano.a(libc_a-findfp.o)
                0x08007270                __sinit
 .text._fwalk_sglue
                0x080072a0       0x3c C:/ST/STM32CubeIDE_1.18.1/STM32CubeIDE/plugins/com.st.stm32cube.ide.mcu.externaltools.gnu-tools-for-stm32.13.3.rel1.win32_1.0.0.202411081344/tools/bin/../lib/gcc/arm-none-eabi/13.3.1/../../../../arm-none-eabi/lib/thumb/v7e-m+dp/hard\libc_nano.a(libc_a-fwalk.o)
                0x080072a0                _fwalk_sglue
 .text.printf   0x080072dc       0x24 C:/ST/STM32CubeIDE_1.18.1/STM32CubeIDE/plugins/com.st.stm32cube.ide.mcu.externaltools.gnu-tools-for-stm32.13.3.rel1.win32_1.0.0.202411081344/tools/bin/../lib/gcc/arm-none-eabi/13.3.1/../../../../arm-none-eabi/lib/thumb/v7e-m+dp/hard\libc_nano.a(libc_a-printf.o)
                0x080072dc                iprintf
                0x080072dc                printf
 .text.__sread  0x08007300       0x22 C:/ST/STM32CubeIDE_1.18.1/STM32CubeIDE/plugins/com.st.stm32cube.ide.mcu.externaltools.gnu-tools-for-stm32.13.3.rel1.win32_1.0.0.202411081344/tools/bin/../lib/gcc/arm-none-eabi/13.3.1/../../../../arm-none-eabi/lib/thumb/v7e-m+dp/hard\libc_nano.a(libc_a-stdio.o)
                0x08007300                __sread
 .text.__swrite
                0x08007322       0x38 C:/ST/STM32CubeIDE_1.18.1/STM32CubeIDE/plugins/com.st.stm32cube.ide.mcu.externaltools.gnu-tools-for-stm32.13.3.rel1.win32_1.0.0.202411081344/tools/bin/../lib/gcc/arm-none-eabi/13.3.1/../../../../arm-none-eabi/lib/thumb/v7e-m+dp/hard\libc_nano.a(libc_a-stdio.o)
                0x08007322                __swrite
 .text.__sseek  0x0800735a       0x24 C:/ST/STM32CubeIDE_1.18.1/STM32CubeIDE/plugins/com.st.stm32cube.ide.mcu.externaltools.gnu-tools-for-stm32.13.3.rel1.win32_1.0.0.202411081344/tools/bin/../lib/gcc/arm-none-eabi/13.3.1/../../../../arm-none-eabi/lib/thumb/v7e-m+dp/hard\libc_nano.a(libc_a-stdio.o)
                0x0800735a                __sseek
 .text.__sclose
                0x0800737e        0x8 C:/ST/STM32CubeIDE_1.18.1/STM32CubeIDE/plugins/com.st.stm32cube.ide.mcu.externaltools.gnu-tools-for-stm32.13.3.rel1.win32_1.0.0.202411081344/tools/bin/../lib/gcc/arm-none-eabi/13.3.1/../../../../arm-none-eabi/lib/thumb/v7e-m+dp/hard\libc_nano.a(libc_a-stdio.o)
                0x0800737e                __sclose
 .text.memset   0x08007386       0x10 C:/ST/STM32CubeIDE_1.18.1/STM32CubeIDE/plugins/com.st.stm32cube.ide.mcu.externaltools.gnu-tools-for-stm32.13.3.rel1.win32_1.0.0.202411081344/tools/bin/../lib/gcc/arm-none-eabi/13.3.1/../../../../arm-none-eabi/lib/thumb/v7e-m+dp/hard\libc_nano.a(libc_a-memset.o)
                0x08007386                memset
 *fill*         0x08007396        0x2 
 .text._close_r
                0x08007398       0x20 C:/ST/STM32CubeIDE_1.18.1/STM32CubeIDE/plugins/com.st.stm32cube.ide.mcu.externaltools.gnu-tools-for-stm32.13.3.rel1.win32_1.0.0.202411081344/tools/bin/../lib/gcc/arm-none-eabi/13.3.1/../../../../arm-none-eabi/lib/thumb/v7e-m+dp/hard\libc_nano.a(libc_a-closer.o)
                0x08007398                _close_r
 .text._lseek_r
                0x080073b8       0x24 C:/ST/STM32CubeIDE_1.18.1/STM32CubeIDE/plugins/com.st.stm32cube.ide.mcu.externaltools.gnu-tools-for-stm32.13.3.rel1.win32_1.0.0.202411081344/tools/bin/../lib/gcc/arm-none-eabi/13.3.1/../../../../arm-none-eabi/lib/thumb/v7e-m+dp/hard\libc_nano.a(libc_a-lseekr.o)
                0x080073b8                _lseek_r
 .text._read_r  0x080073dc       0x24 C:/ST/STM32CubeIDE_1.18.1/STM32CubeIDE/plugins/com.st.stm32cube.ide.mcu.externaltools.gnu-tools-for-stm32.13.3.rel1.win32_1.0.0.202411081344/tools/bin/../lib/gcc/arm-none-eabi/13.3.1/../../../../arm-none-eabi/lib/thumb/v7e-m+dp/hard\libc_nano.a(libc_a-readr.o)
                0x080073dc                _read_r
 .text._write_r
                0x08007400       0x24 C:/ST/STM32CubeIDE_1.18.1/STM32CubeIDE/plugins/com.st.stm32cube.ide.mcu.externaltools.gnu-tools-for-stm32.13.3.rel1.win32_1.0.0.202411081344/tools/bin/../lib/gcc/arm-none-eabi/13.3.1/../../../../arm-none-eabi/lib/thumb/v7e-m+dp/hard\libc_nano.a(libc_a-writer.o)
                0x08007400                _write_r
 .text.__errno  0x08007424        0xc C:/ST/STM32CubeIDE_1.18.1/STM32CubeIDE/plugins/com.st.stm32cube.ide.mcu.externaltools.gnu-tools-for-stm32.13.3.rel1.win32_1.0.0.202411081344/tools/bin/../lib/gcc/arm-none-eabi/13.3.1/../../../../arm-none-eabi/lib/thumb/v7e-m+dp/hard\libc_nano.a(libc_a-errno.o)
                0x08007424                __errno
 .text.__libc_init_array
                0x08007430       0x48 C:/ST/STM32CubeIDE_1.18.1/STM32CubeIDE/plugins/com.st.stm32cube.ide.mcu.externaltools.gnu-tools-for-stm32.13.3.rel1.win32_1.0.0.202411081344/tools/bin/../lib/gcc/arm-none-eabi/13.3.1/../../../../arm-none-eabi/lib/thumb/v7e-m+dp/hard\libc_nano.a(libc_a-init.o)
                0x08007430                __libc_init_array
 .text.__retarget_lock_init_recursive
                0x08007478        0x2 C:/ST/STM32CubeIDE_1.18.1/STM32CubeIDE/plugins/com.st.stm32cube.ide.mcu.externaltools.gnu-tools-for-stm32.13.3.rel1.win32_1.0.0.202411081344/tools/bin/../lib/gcc/arm-none-eabi/13.3.1/../../../../arm-none-eabi/lib/thumb/v7e-m+dp/hard\libc_nano.a(libc_a-lock.o)
                0x08007478                __retarget_lock_init_recursive
 .text.__retarget_lock_acquire_recursive
                0x0800747a        0x2 C:/ST/STM32CubeIDE_1.18.1/STM32CubeIDE/plugins/com.st.stm32cube.ide.mcu.externaltools.gnu-tools-for-stm32.13.3.rel1.win32_1.0.0.202411081344/tools/bin/../lib/gcc/arm-none-eabi/13.3.1/../../../../arm-none-eabi/lib/thumb/v7e-m+dp/hard\libc_nano.a(libc_a-lock.o)
                0x0800747a                __retarget_lock_acquire_recursive
 .text.__retarget_lock_release_recursive
                0x0800747c        0x2 C:/ST/STM32CubeIDE_1.18.1/STM32CubeIDE/plugins/com.st.stm32cube.ide.mcu.externaltools.gnu-tools-for-stm32.13.3.rel1.win32_1.0.0.202411081344/tools/bin/../lib/gcc/arm-none-eabi/13.3.1/../../../../arm-none-eabi/lib/thumb/v7e-m+dp/hard\libc_nano.a(libc_a-lock.o)
                0x0800747c                __retarget_lock_release_recursive
 *fill*         0x0800747e        0x2 
 .text._free_r  0x08007480       0x94 C:/ST/STM32CubeIDE_1.18.1/STM32CubeIDE/plugins/com.st.stm32cube.ide.mcu.externaltools.gnu-tools-for-stm32.13.3.rel1.win32_1.0.0.202411081344/tools/bin/../lib/gcc/arm-none-eabi/13.3.1/../../../../arm-none-eabi/lib/thumb/v7e-m+dp/hard\libc_nano.a(libc_a-freer.o)
                0x08007480                _free_r
 .text.sbrk_aligned
                0x08007514       0x44 C:/ST/STM32CubeIDE_1.18.1/STM32CubeIDE/plugins/com.st.stm32cube.ide.mcu.externaltools.gnu-tools-for-stm32.13.3.rel1.win32_1.0.0.202411081344/tools/bin/../lib/gcc/arm-none-eabi/13.3.1/../../../../arm-none-eabi/lib/thumb/v7e-m+dp/hard\libc_nano.a(libc_a-mallocr.o)
 .text._malloc_r
                0x08007558      0x100 C:/ST/STM32CubeIDE_1.18.1/STM32CubeIDE/plugins/com.st.stm32cube.ide.mcu.externaltools.gnu-tools-for-stm32.13.3.rel1.win32_1.0.0.202411081344/tools/bin/../lib/gcc/arm-none-eabi/13.3.1/../../../../arm-none-eabi/lib/thumb/v7e-m+dp/hard\libc_nano.a(libc_a-mallocr.o)
                0x08007558                _malloc_r
 .text.__malloc_lock
                0x08007658        0xc C:/ST/STM32CubeIDE_1.18.1/STM32CubeIDE/plugins/com.st.stm32cube.ide.mcu.externaltools.gnu-tools-for-stm32.13.3.rel1.win32_1.0.0.202411081344/tools/bin/../lib/gcc/arm-none-eabi/13.3.1/../../../../arm-none-eabi/lib/thumb/v7e-m+dp/hard\libc_nano.a(libc_a-mlock.o)
                0x08007658                __malloc_lock
 .text.__malloc_unlock
                0x08007664        0xc C:/ST/STM32CubeIDE_1.18.1/STM32CubeIDE/plugins/com.st.stm32cube.ide.mcu.externaltools.gnu-tools-for-stm32.13.3.rel1.win32_1.0.0.202411081344/tools/bin/../lib/gcc/arm-none-eabi/13.3.1/../../../../arm-none-eabi/lib/thumb/v7e-m+dp/hard\libc_nano.a(libc_a-mlock.o)
                0x08007664                __malloc_unlock
 .text.__sfputc_r
                0x08007670       0x2e C:/ST/STM32CubeIDE_1.18.1/STM32CubeIDE/plugins/com.st.stm32cube.ide.mcu.externaltools.gnu-tools-for-stm32.13.3.rel1.win32_1.0.0.202411081344/tools/bin/../lib/gcc/arm-none-eabi/13.3.1/../../../../arm-none-eabi/lib/thumb/v7e-m+dp/hard\libc_nano.a(libc_a-nano-vfprintf.o)
 .text.__sfputs_r
                0x0800769e       0x24 C:/ST/STM32CubeIDE_1.18.1/STM32CubeIDE/plugins/com.st.stm32cube.ide.mcu.externaltools.gnu-tools-for-stm32.13.3.rel1.win32_1.0.0.202411081344/tools/bin/../lib/gcc/arm-none-eabi/13.3.1/../../../../arm-none-eabi/lib/thumb/v7e-m+dp/hard\libc_nano.a(libc_a-nano-vfprintf.o)
                0x0800769e                __sfputs_r
 *fill*         0x080076c2        0x2 
 .text._vfprintf_r
                0x080076c4      0x230 C:/ST/STM32CubeIDE_1.18.1/STM32CubeIDE/plugins/com.st.stm32cube.ide.mcu.externaltools.gnu-tools-for-stm32.13.3.rel1.win32_1.0.0.202411081344/tools/bin/../lib/gcc/arm-none-eabi/13.3.1/../../../../arm-none-eabi/lib/thumb/v7e-m+dp/hard\libc_nano.a(libc_a-nano-vfprintf.o)
                0x080076c4                _vfprintf_r
                0x080076c4                _vfiprintf_r
 .text._printf_common
                0x080078f4       0xda C:/ST/STM32CubeIDE_1.18.1/STM32CubeIDE/plugins/com.st.stm32cube.ide.mcu.externaltools.gnu-tools-for-stm32.13.3.rel1.win32_1.0.0.202411081344/tools/bin/../lib/gcc/arm-none-eabi/13.3.1/../../../../arm-none-eabi/lib/thumb/v7e-m+dp/hard\libc_nano.a(libc_a-nano-vfprintf_i.o)
                0x080078f4                _printf_common
 *fill*         0x080079ce        0x2 
 .text._printf_i
                0x080079d0      0x23c C:/ST/STM32CubeIDE_1.18.1/STM32CubeIDE/plugins/com.st.stm32cube.ide.mcu.externaltools.gnu-tools-for-stm32.13.3.rel1.win32_1.0.0.202411081344/tools/bin/../lib/gcc/arm-none-eabi/13.3.1/../../../../arm-none-eabi/lib/thumb/v7e-m+dp/hard\libc_nano.a(libc_a-nano-vfprintf_i.o)
                0x080079d0                _printf_i
 .text.__sflush_r
                0x08007c0c      0x108 C:/ST/STM32CubeIDE_1.18.1/STM32CubeIDE/plugins/com.st.stm32cube.ide.mcu.externaltools.gnu-tools-for-stm32.13.3.rel1.win32_1.0.0.202411081344/tools/bin/../lib/gcc/arm-none-eabi/13.3.1/../../../../arm-none-eabi/lib/thumb/v7e-m+dp/hard\libc_nano.a(libc_a-fflush.o)
                0x08007c0c                __sflush_r
 .text._fflush_r
                0x08007d14       0x50 C:/ST/STM32CubeIDE_1.18.1/STM32CubeIDE/plugins/com.st.stm32cube.ide.mcu.externaltools.gnu-tools-for-stm32.13.3.rel1.win32_1.0.0.202411081344/tools/bin/../lib/gcc/arm-none-eabi/13.3.1/../../../../arm-none-eabi/lib/thumb/v7e-m+dp/hard\libc_nano.a(libc_a-fflush.o)
                0x08007d14                _fflush_r
 .text.__swbuf_r
                0x08007d64       0x7c C:/ST/STM32CubeIDE_1.18.1/STM32CubeIDE/plugins/com.st.stm32cube.ide.mcu.externaltools.gnu-tools-for-stm32.13.3.rel1.win32_1.0.0.202411081344/tools/bin/../lib/gcc/arm-none-eabi/13.3.1/../../../../arm-none-eabi/lib/thumb/v7e-m+dp/hard\libc_nano.a(libc_a-wbuf.o)
                0x08007d64                __swbuf_r
 .text.__swsetup_r
                0x08007de0       0xac C:/ST/STM32CubeIDE_1.18.1/STM32CubeIDE/plugins/com.st.stm32cube.ide.mcu.externaltools.gnu-tools-for-stm32.13.3.rel1.win32_1.0.0.202411081344/tools/bin/../lib/gcc/arm-none-eabi/13.3.1/../../../../arm-none-eabi/lib/thumb/v7e-m+dp/hard\libc_nano.a(libc_a-wsetup.o)
                0x08007de0                __swsetup_r
 .text._sbrk_r  0x08007e8c       0x20 C:/ST/STM32CubeIDE_1.18.1/STM32CubeIDE/plugins/com.st.stm32cube.ide.mcu.externaltools.gnu-tools-for-stm32.13.3.rel1.win32_1.0.0.202411081344/tools/bin/../lib/gcc/arm-none-eabi/13.3.1/../../../../arm-none-eabi/lib/thumb/v7e-m+dp/hard\libc_nano.a(libc_a-sbrkr.o)
                0x08007e8c                _sbrk_r
 .text.__swhatbuf_r
                0x08007eac       0x4c C:/ST/STM32CubeIDE_1.18.1/STM32CubeIDE/plugins/com.st.stm32cube.ide.mcu.externaltools.gnu-tools-for-stm32.13.3.rel1.win32_1.0.0.202411081344/tools/bin/../lib/gcc/arm-none-eabi/13.3.1/../../../../arm-none-eabi/lib/thumb/v7e-m+dp/hard\libc_nano.a(libc_a-makebuf.o)
                0x08007eac                __swhatbuf_r
 .text.__smakebuf_r
                0x08007ef8       0x78 C:/ST/STM32CubeIDE_1.18.1/STM32CubeIDE/plugins/com.st.stm32cube.ide.mcu.externaltools.gnu-tools-for-stm32.13.3.rel1.win32_1.0.0.202411081344/tools/bin/../lib/gcc/arm-none-eabi/13.3.1/../../../../arm-none-eabi/lib/thumb/v7e-m+dp/hard\libc_nano.a(libc_a-makebuf.o)
                0x08007ef8                __smakebuf_r
 .text._fstat_r
                0x08007f70       0x24 C:/ST/STM32CubeIDE_1.18.1/STM32CubeIDE/plugins/com.st.stm32cube.ide.mcu.externaltools.gnu-tools-for-stm32.13.3.rel1.win32_1.0.0.202411081344/tools/bin/../lib/gcc/arm-none-eabi/13.3.1/../../../../arm-none-eabi/lib/thumb/v7e-m+dp/hard\libc_nano.a(libc_a-fstatr.o)
                0x08007f70                _fstat_r
 .text._isatty_r
                0x08007f94       0x20 C:/ST/STM32CubeIDE_1.18.1/STM32CubeIDE/plugins/com.st.stm32cube.ide.mcu.externaltools.gnu-tools-for-stm32.13.3.rel1.win32_1.0.0.202411081344/tools/bin/../lib/gcc/arm-none-eabi/13.3.1/../../../../arm-none-eabi/lib/thumb/v7e-m+dp/hard\libc_nano.a(libc_a-isattyr.o)
                0x08007f94                _isatty_r
 *(.glue_7)
 .glue_7        0x08007fb4        0x0 linker stubs
 *(.glue_7t)
 .glue_7t       0x08007fb4        0x0 linker stubs
 *(.eh_frame)
 .eh_frame      0x08007fb4        0x0 C:/ST/STM32CubeIDE_1.18.1/STM32CubeIDE/plugins/com.st.stm32cube.ide.mcu.externaltools.gnu-tools-for-stm32.13.3.rel1.win32_1.0.0.202411081344/tools/bin/../lib/gcc/arm-none-eabi/13.3.1/thumb/v7e-m+dp/hard/crtbegin.o
 *(.init)
 .init          0x08007fb4        0x4 C:/ST/STM32CubeIDE_1.18.1/STM32CubeIDE/plugins/com.st.stm32cube.ide.mcu.externaltools.gnu-tools-for-stm32.13.3.rel1.win32_1.0.0.202411081344/tools/bin/../lib/gcc/arm-none-eabi/13.3.1/thumb/v7e-m+dp/hard/crti.o
                0x08007fb4                _init
 .init          0x08007fb8        0x8 C:/ST/STM32CubeIDE_1.18.1/STM32CubeIDE/plugins/com.st.stm32cube.ide.mcu.externaltools.gnu-tools-for-stm32.13.3.rel1.win32_1.0.0.202411081344/tools/bin/../lib/gcc/arm-none-eabi/13.3.1/thumb/v7e-m+dp/hard/crtn.o
 *(.fini)
 .fini          0x08007fc0        0x4 C:/ST/STM32CubeIDE_1.18.1/STM32CubeIDE/plugins/com.st.stm32cube.ide.mcu.externaltools.gnu-tools-for-stm32.13.3.rel1.win32_1.0.0.202411081344/tools/bin/../lib/gcc/arm-none-eabi/13.3.1/thumb/v7e-m+dp/hard/crti.o
                0x08007fc0                _fini
 .fini          0x08007fc4        0x8 C:/ST/STM32CubeIDE_1.18.1/STM32CubeIDE/plugins/com.st.stm32cube.ide.mcu.externaltools.gnu-tools-for-stm32.13.3.rel1.win32_1.0.0.202411081344/tools/bin/../lib/gcc/arm-none-eabi/13.3.1/thumb/v7e-m+dp/hard/crtn.o
                0x08007fcc                        . = ALIGN (0x4)
                0x08007fcc                        _etext = .

.vfp11_veneer   0x08007fcc        0x0
 .vfp11_veneer  0x08007fcc        0x0 linker stubs

.v4_bx          0x08007fcc        0x0
 .v4_bx         0x08007fcc        0x0 linker stubs

.iplt           0x08007fcc        0x0
 .iplt          0x08007fcc        0x0 C:/ST/STM32CubeIDE_1.18.1/STM32CubeIDE/plugins/com.st.stm32cube.ide.mcu.externaltools.gnu-tools-for-stm32.13.3.rel1.win32_1.0.0.202411081344/tools/bin/../lib/gcc/arm-none-eabi/13.3.1/thumb/v7e-m+dp/hard/crtbegin.o

.rodata         0x08007fcc      0x910
                0x08007fcc                        . = ALIGN (0x4)
 *(.rodata)
 .rodata        0x08007fcc       0x51 ./Core/Src/CC1201_simple_link_reg_config.o
 *fill*         0x0800801d        0x3 
 .rodata        0x08008020      0x790 ./Core/Src/main.o
 *(.rodata*)
 .rodata.preferredSettings
                0x080087b0       0xc4 ./Core/Src/CC1201_simple_link_reg_config.o
 .rodata.D1CorePrescTable
                0x08008874       0x10 ./Core/Src/system_stm32h7xx.o
                0x08008874                D1CorePrescTable
 .rodata.LED_PIN
                0x08008884        0x6 ./Drivers/BSP/STM32H7xx_Nucleo/stm32h7xx_nucleo.o
 *fill*         0x0800888a        0x2 
 .rodata.BUTTON_EXTI_LINE.2
                0x0800888c        0x4 ./Drivers/BSP/STM32H7xx_Nucleo/stm32h7xx_nucleo.o
 .rodata.UARTPrescTable
                0x08008890       0x18 ./Drivers/STM32H7xx_HAL_Driver/Src/stm32h7xx_hal_uart.o
                0x08008890                UARTPrescTable
 .rodata._vfprintf_r.str1.1
                0x080088a8       0x33 C:/ST/STM32CubeIDE_1.18.1/STM32CubeIDE/plugins/com.st.stm32cube.ide.mcu.externaltools.gnu-tools-for-stm32.13.3.rel1.win32_1.0.0.202411081344/tools/bin/../lib/gcc/arm-none-eabi/13.3.1/../../../../arm-none-eabi/lib/thumb/v7e-m+dp/hard\libc_nano.a(libc_a-nano-vfprintf.o)
                                 0x11 (size before relaxing)
 .rodata._printf_i.str1.1
                0x080088db       0x22 C:/ST/STM32CubeIDE_1.18.1/STM32CubeIDE/plugins/com.st.stm32cube.ide.mcu.externaltools.gnu-tools-for-stm32.13.3.rel1.win32_1.0.0.202411081344/tools/bin/../lib/gcc/arm-none-eabi/13.3.1/../../../../arm-none-eabi/lib/thumb/v7e-m+dp/hard\libc_nano.a(libc_a-nano-vfprintf_i.o)
                0x08008900                        . = ALIGN (0x4)
 *fill*         0x080088db        0x1 

.ARM.extab
 *(.ARM.extab* .gnu.linkonce.armextab.*)

.ARM            0x080088dc        0x8
                0x080088dc                        __exidx_start = .
 *(.ARM.exidx*)
 .ARM.exidx     0x080088dc        0x8 C:/ST/STM32CubeIDE_1.18.1/STM32CubeIDE/plugins/com.st.stm32cube.ide.mcu.externaltools.gnu-tools-for-stm32.13.3.rel1.win32_1.0.0.202411081344/tools/bin/../lib/gcc/arm-none-eabi/13.3.1/../../../../arm-none-eabi/lib/thumb/v7e-m+dp/hard\libc_nano.a(libc_a-memchr.o)
 .ARM.exidx     0x080088e4        0x0 C:/ST/STM32CubeIDE_1.18.1/STM32CubeIDE/plugins/com.st.stm32cube.ide.mcu.externaltools.gnu-tools-for-stm32.13.3.rel1.win32_1.0.0.202411081344/tools/bin/../lib/gcc/arm-none-eabi/13.3.1/thumb/v7e-m+dp/hard\libgcc.a(_udivmoddi4.o)
                                  0x8 (size before relaxing)
                0x080088e4                        __exidx_end = .

.preinit_array  0x080088e4        0x0
                0x080088e4                        PROVIDE (__preinit_array_start = .)
 *(.preinit_array*)
                0x080088e4                        PROVIDE (__preinit_array_end = .)

.init_array     0x080088e4        0x4
                0x080088e4                        PROVIDE (__init_array_start = .)
 *(SORT_BY_NAME(.init_array.*))
 *(.init_array*)
 .init_array    0x080088e4        0x4 C:/ST/STM32CubeIDE_1.18.1/STM32CubeIDE/plugins/com.st.stm32cube.ide.mcu.externaltools.gnu-tools-for-stm32.13.3.rel1.win32_1.0.0.202411081344/tools/bin/../lib/gcc/arm-none-eabi/13.3.1/thumb/v7e-m+dp/hard/crtbegin.o
                0x080088e8                        PROVIDE (__init_array_end = .)

.fini_array     0x080088e8        0x4
                [!provide]                        PROVIDE (__fini_array_start = .)
 *(SORT_BY_NAME(.fini_array.*))
 *(.fini_array*)
 .fini_array    0x080088e8        0x4 C:/ST/STM32CubeIDE_1.18.1/STM32CubeIDE/plugins/com.st.stm32cube.ide.mcu.externaltools.gnu-tools-for-stm32.13.3.rel1.win32_1.0.0.202411081344/tools/bin/../lib/gcc/arm-none-eabi/13.3.1/thumb/v7e-m+dp/hard/crtbegin.o
                [!provide]                        PROVIDE (__fini_array_end = .)
                0x080088ec                        _sidata = LOADADDR (.data)

.rel.dyn        0x080088ec        0x0
 .rel.iplt      0x080088ec        0x0 C:/ST/STM32CubeIDE_1.18.1/STM32CubeIDE/plugins/com.st.stm32cube.ide.mcu.externaltools.gnu-tools-for-stm32.13.3.rel1.win32_1.0.0.202411081344/tools/bin/../lib/gcc/arm-none-eabi/13.3.1/thumb/v7e-m+dp/hard/crtbegin.o

.data           0x24000000       0x88 load address 0x080088ec
                0x24000000                        . = ALIGN (0x4)
                0x24000000                        _sdata = .
 *(.data)
 *(.data*)
 .data.SystemCoreClock
                0x24000000        0x4 ./Core/Src/system_stm32h7xx.o
                0x24000000                SystemCoreClock
 .data.SystemD2Clock
                0x24000004        0x4 ./Core/Src/system_stm32h7xx.o
                0x24000004                SystemD2Clock
 .data.COM_USART
                0x24000008        0x4 ./Drivers/BSP/STM32H7xx_Nucleo/stm32h7xx_nucleo.o
                0x24000008                COM_USART
 .data.LED_PORT
                0x2400000c        0xc ./Drivers/BSP/STM32H7xx_Nucleo/stm32h7xx_nucleo.o
 .data.BUTTON_PORT
                0x24000018        0x4 ./Drivers/BSP/STM32H7xx_Nucleo/stm32h7xx_nucleo.o
 .data.ButtonCallback.1
                0x2400001c        0x4 ./Drivers/BSP/STM32H7xx_Nucleo/stm32h7xx_nucleo.o
 .data.BSP_BUTTON_PRIO.0
                0x24000020        0x4 ./Drivers/BSP/STM32H7xx_Nucleo/stm32h7xx_nucleo.o
 .data.uwTickPrio
                0x24000024        0x4 ./Drivers/STM32H7xx_HAL_Driver/Src/stm32h7xx_hal.o
                0x24000024                uwTickPrio
 .data.uwTickFreq
                0x24000028        0x1 ./Drivers/STM32H7xx_HAL_Driver/Src/stm32h7xx_hal.o
                0x24000028                uwTickFreq
 *fill*         0x24000029        0x3 
 .data.__sglue  0x2400002c        0xc C:/ST/STM32CubeIDE_1.18.1/STM32CubeIDE/plugins/com.st.stm32cube.ide.mcu.externaltools.gnu-tools-for-stm32.13.3.rel1.win32_1.0.0.202411081344/tools/bin/../lib/gcc/arm-none-eabi/13.3.1/../../../../arm-none-eabi/lib/thumb/v7e-m+dp/hard\libc_nano.a(libc_a-findfp.o)
                0x2400002c                __sglue
 .data._impure_ptr
                0x24000038        0x4 C:/ST/STM32CubeIDE_1.18.1/STM32CubeIDE/plugins/com.st.stm32cube.ide.mcu.externaltools.gnu-tools-for-stm32.13.3.rel1.win32_1.0.0.202411081344/tools/bin/../lib/gcc/arm-none-eabi/13.3.1/../../../../arm-none-eabi/lib/thumb/v7e-m+dp/hard\libc_nano.a(libc_a-impure.o)
                0x24000038                _impure_ptr
 .data._impure_data
                0x2400003c       0x4c C:/ST/STM32CubeIDE_1.18.1/STM32CubeIDE/plugins/com.st.stm32cube.ide.mcu.externaltools.gnu-tools-for-stm32.13.3.rel1.win32_1.0.0.202411081344/tools/bin/../lib/gcc/arm-none-eabi/13.3.1/../../../../arm-none-eabi/lib/thumb/v7e-m+dp/hard\libc_nano.a(libc_a-impure.o)
                0x2400003c                _impure_data
 *(.RamFunc)
 *(.RamFunc*)
                0x24000088                        . = ALIGN (0x4)
                0x24000088                        _edata = .

.igot.plt       0x24000088        0x0 load address 0x08008974
 .igot.plt      0x24000088        0x0 C:/ST/STM32CubeIDE_1.18.1/STM32CubeIDE/plugins/com.st.stm32cube.ide.mcu.externaltools.gnu-tools-for-stm32.13.3.rel1.win32_1.0.0.202411081344/tools/bin/../lib/gcc/arm-none-eabi/13.3.1/thumb/v7e-m+dp/hard/crtbegin.o
                0x24000088                        . = ALIGN (0x4)

.bss            0x24000088      0x2ac load address 0x08008974
                0x24000088                        _sbss = .
                0x24000088                        __bss_start__ = _sbss
 *(.bss)
 .bss           0x24000088       0x1c C:/ST/STM32CubeIDE_1.18.1/STM32CubeIDE/plugins/com.st.stm32cube.ide.mcu.externaltools.gnu-tools-for-stm32.13.3.rel1.win32_1.0.0.202411081344/tools/bin/../lib/gcc/arm-none-eabi/13.3.1/thumb/v7e-m+dp/hard/crtbegin.o
 *(.bss*)
 .bss.BspCOMInit
                0x240000a4       0x10 ./Core/Src/main.o
                0x240000a4                BspCOMInit
 .bss.BspButtonState
                0x240000b4        0x4 ./Core/Src/main.o
                0x240000b4                BspButtonState
 .bss.hspi4     0x240000b8       0x88 ./Core/Src/main.o
                0x240000b8                hspi4
 .bss.__sbrk_heap_end
                0x24000140        0x4 ./Core/Src/sysmem.o
 .bss.hpb_exti  0x24000144        0x8 ./Drivers/BSP/STM32H7xx_Nucleo/stm32h7xx_nucleo.o
                0x24000144                hpb_exti
 .bss.hcom_uart
                0x2400014c       0x94 ./Drivers/BSP/STM32H7xx_Nucleo/stm32h7xx_nucleo.o
                0x2400014c                hcom_uart
 .bss.COM_ActiveLogPort
                0x240001e0        0x1 ./Drivers/BSP/STM32H7xx_Nucleo/stm32h7xx_nucleo.o
 *fill*         0x240001e1        0x3 
 .bss.uwTick    0x240001e4        0x4 ./Drivers/STM32H7xx_HAL_Driver/Src/stm32h7xx_hal.o
                0x240001e4                uwTick
 .bss.__sf      0x240001e8      0x138 C:/ST/STM32CubeIDE_1.18.1/STM32CubeIDE/plugins/com.st.stm32cube.ide.mcu.externaltools.gnu-tools-for-stm32.13.3.rel1.win32_1.0.0.202411081344/tools/bin/../lib/gcc/arm-none-eabi/13.3.1/../../../../arm-none-eabi/lib/thumb/v7e-m+dp/hard\libc_nano.a(libc_a-findfp.o)
                0x240001e8                __sf
 .bss.__stdio_exit_handler
                0x24000320        0x4 C:/ST/STM32CubeIDE_1.18.1/STM32CubeIDE/plugins/com.st.stm32cube.ide.mcu.externaltools.gnu-tools-for-stm32.13.3.rel1.win32_1.0.0.202411081344/tools/bin/../lib/gcc/arm-none-eabi/13.3.1/../../../../arm-none-eabi/lib/thumb/v7e-m+dp/hard\libc_nano.a(libc_a-findfp.o)
                0x24000320                __stdio_exit_handler
 .bss.errno     0x24000324        0x4 C:/ST/STM32CubeIDE_1.18.1/STM32CubeIDE/plugins/com.st.stm32cube.ide.mcu.externaltools.gnu-tools-for-stm32.13.3.rel1.win32_1.0.0.202411081344/tools/bin/../lib/gcc/arm-none-eabi/13.3.1/../../../../arm-none-eabi/lib/thumb/v7e-m+dp/hard\libc_nano.a(libc_a-reent.o)
                0x24000324                errno
 .bss.__lock___malloc_recursive_mutex
                0x24000328        0x1 C:/ST/STM32CubeIDE_1.18.1/STM32CubeIDE/plugins/com.st.stm32cube.ide.mcu.externaltools.gnu-tools-for-stm32.13.3.rel1.win32_1.0.0.202411081344/tools/bin/../lib/gcc/arm-none-eabi/13.3.1/../../../../arm-none-eabi/lib/thumb/v7e-m+dp/hard\libc_nano.a(libc_a-lock.o)
                0x24000328                __lock___malloc_recursive_mutex
 .bss.__lock___sfp_recursive_mutex
                0x24000329        0x1 C:/ST/STM32CubeIDE_1.18.1/STM32CubeIDE/plugins/com.st.stm32cube.ide.mcu.externaltools.gnu-tools-for-stm32.13.3.rel1.win32_1.0.0.202411081344/tools/bin/../lib/gcc/arm-none-eabi/13.3.1/../../../../arm-none-eabi/lib/thumb/v7e-m+dp/hard\libc_nano.a(libc_a-lock.o)
                0x24000329                __lock___sfp_recursive_mutex
 *fill*         0x2400032a        0x2 
 .bss.__malloc_sbrk_start
                0x2400032c        0x4 C:/ST/STM32CubeIDE_1.18.1/STM32CubeIDE/plugins/com.st.stm32cube.ide.mcu.externaltools.gnu-tools-for-stm32.13.3.rel1.win32_1.0.0.202411081344/tools/bin/../lib/gcc/arm-none-eabi/13.3.1/../../../../arm-none-eabi/lib/thumb/v7e-m+dp/hard\libc_nano.a(libc_a-mallocr.o)
                0x2400032c                __malloc_sbrk_start
 .bss.__malloc_free_list
                0x24000330        0x4 C:/ST/STM32CubeIDE_1.18.1/STM32CubeIDE/plugins/com.st.stm32cube.ide.mcu.externaltools.gnu-tools-for-stm32.13.3.rel1.win32_1.0.0.202411081344/tools/bin/../lib/gcc/arm-none-eabi/13.3.1/../../../../arm-none-eabi/lib/thumb/v7e-m+dp/hard\libc_nano.a(libc_a-mallocr.o)
                0x24000330                __malloc_free_list
 *(COMMON)
                0x24000334                        . = ALIGN (0x4)
                0x24000334                        _ebss = .
                0x24000334                        __bss_end__ = _ebss

._user_heap_stack
                0x24000334      0x604 load address 0x08008974
                0x24000338                        . = ALIGN (0x8)
 *fill*         0x24000334        0x4 
                [!provide]                        PROVIDE (end = .)
                0x24000338                        PROVIDE (_end = .)
                0x24000538                        . = (. + _Min_Heap_Size)
 *fill*         0x24000338      0x200 
                0x24000938                        . = (. + _Min_Stack_Size)
 *fill*         0x24000538      0x400 
                0x24000938                        . = ALIGN (0x8)

/DISCARD/
 libc.a(*)
 libm.a(*)
 libgcc.a(*)

.ARM.attributes
                0x00000000       0x2e
 *(.ARM.attributes)
 .ARM.attributes
                0x00000000       0x20 C:/ST/STM32CubeIDE_1.18.1/STM32CubeIDE/plugins/com.st.stm32cube.ide.mcu.externaltools.gnu-tools-for-stm32.13.3.rel1.win32_1.0.0.202411081344/tools/bin/../lib/gcc/arm-none-eabi/13.3.1/thumb/v7e-m+dp/hard/crti.o
 .ARM.attributes
                0x00000020       0x32 C:/ST/STM32CubeIDE_1.18.1/STM32CubeIDE/plugins/com.st.stm32cube.ide.mcu.externaltools.gnu-tools-for-stm32.13.3.rel1.win32_1.0.0.202411081344/tools/bin/../lib/gcc/arm-none-eabi/13.3.1/thumb/v7e-m+dp/hard/crtbegin.o
 .ARM.attributes
                0x00000052       0x32 ./Core/Src/CC1201_commands.o
 .ARM.attributes
                0x00000084       0x32 ./Core/Src/CC1201_simple_link_reg_config.o
 .ARM.attributes
                0x000000b6       0x32 ./Core/Src/main.o
 .ARM.attributes
                0x000000e8       0x32 ./Core/Src/stm32h7xx_hal_msp.o
 .ARM.attributes
                0x0000011a       0x32 ./Core/Src/stm32h7xx_it.o
 .ARM.attributes
                0x0000014c       0x32 ./Core/Src/syscalls.o
 .ARM.attributes
                0x0000017e       0x32 ./Core/Src/sysmem.o
 .ARM.attributes
                0x000001b0       0x32 ./Core/Src/system_stm32h7xx.o
 .ARM.attributes
                0x000001e2       0x21 ./Core/Startup/startup_stm32h743zitx.o
 .ARM.attributes
                0x00000203       0x32 ./Drivers/BSP/STM32H7xx_Nucleo/stm32h7xx_nucleo.o
 .ARM.attributes
                0x00000235       0x32 ./Drivers/STM32H7xx_HAL_Driver/Src/stm32h7xx_hal.o
 .ARM.attributes
                0x00000267       0x32 ./Drivers/STM32H7xx_HAL_Driver/Src/stm32h7xx_hal_cortex.o
 .ARM.attributes
                0x00000299       0x32 ./Drivers/STM32H7xx_HAL_Driver/Src/stm32h7xx_hal_exti.o
 .ARM.attributes
                0x000002cb       0x32 ./Drivers/STM32H7xx_HAL_Driver/Src/stm32h7xx_hal_gpio.o
 .ARM.attributes
                0x000002fd       0x32 ./Drivers/STM32H7xx_HAL_Driver/Src/stm32h7xx_hal_pwr_ex.o
 .ARM.attributes
                0x0000032f       0x32 ./Drivers/STM32H7xx_HAL_Driver/Src/stm32h7xx_hal_rcc.o
 .ARM.attributes
                0x00000361       0x32 ./Drivers/STM32H7xx_HAL_Driver/Src/stm32h7xx_hal_rcc_ex.o
 .ARM.attributes
                0x00000393       0x32 ./Drivers/STM32H7xx_HAL_Driver/Src/stm32h7xx_hal_spi.o
 .ARM.attributes
                0x000003c5       0x32 ./Drivers/STM32H7xx_HAL_Driver/Src/stm32h7xx_hal_uart.o
 .ARM.attributes
                0x000003f7       0x32 C:/ST/STM32CubeIDE_1.18.1/STM32CubeIDE/plugins/com.st.stm32cube.ide.mcu.externaltools.gnu-tools-for-stm32.13.3.rel1.win32_1.0.0.202411081344/tools/bin/../lib/gcc/arm-none-eabi/13.3.1/../../../../arm-none-eabi/lib/thumb/v7e-m+dp/hard\libc_nano.a(libc_a-findfp.o)
 .ARM.attributes
                0x00000429       0x32 C:/ST/STM32CubeIDE_1.18.1/STM32CubeIDE/plugins/com.st.stm32cube.ide.mcu.externaltools.gnu-tools-for-stm32.13.3.rel1.win32_1.0.0.202411081344/tools/bin/../lib/gcc/arm-none-eabi/13.3.1/../../../../arm-none-eabi/lib/thumb/v7e-m+dp/hard\libc_nano.a(libc_a-fwalk.o)
 .ARM.attributes
                0x0000045b       0x32 C:/ST/STM32CubeIDE_1.18.1/STM32CubeIDE/plugins/com.st.stm32cube.ide.mcu.externaltools.gnu-tools-for-stm32.13.3.rel1.win32_1.0.0.202411081344/tools/bin/../lib/gcc/arm-none-eabi/13.3.1/../../../../arm-none-eabi/lib/thumb/v7e-m+dp/hard\libc_nano.a(libc_a-printf.o)
 .ARM.attributes
                0x0000048d       0x32 C:/ST/STM32CubeIDE_1.18.1/STM32CubeIDE/plugins/com.st.stm32cube.ide.mcu.externaltools.gnu-tools-for-stm32.13.3.rel1.win32_1.0.0.202411081344/tools/bin/../lib/gcc/arm-none-eabi/13.3.1/../../../../arm-none-eabi/lib/thumb/v7e-m+dp/hard\libc_nano.a(libc_a-stdio.o)
 .ARM.attributes
                0x000004bf       0x32 C:/ST/STM32CubeIDE_1.18.1/STM32CubeIDE/plugins/com.st.stm32cube.ide.mcu.externaltools.gnu-tools-for-stm32.13.3.rel1.win32_1.0.0.202411081344/tools/bin/../lib/gcc/arm-none-eabi/13.3.1/../../../../arm-none-eabi/lib/thumb/v7e-m+dp/hard\libc_nano.a(libc_a-memset.o)
 .ARM.attributes
                0x000004f1       0x32 C:/ST/STM32CubeIDE_1.18.1/STM32CubeIDE/plugins/com.st.stm32cube.ide.mcu.externaltools.gnu-tools-for-stm32.13.3.rel1.win32_1.0.0.202411081344/tools/bin/../lib/gcc/arm-none-eabi/13.3.1/../../../../arm-none-eabi/lib/thumb/v7e-m+dp/hard\libc_nano.a(libc_a-closer.o)
 .ARM.attributes
                0x00000523       0x32 C:/ST/STM32CubeIDE_1.18.1/STM32CubeIDE/plugins/com.st.stm32cube.ide.mcu.externaltools.gnu-tools-for-stm32.13.3.rel1.win32_1.0.0.202411081344/tools/bin/../lib/gcc/arm-none-eabi/13.3.1/../../../../arm-none-eabi/lib/thumb/v7e-m+dp/hard\libc_nano.a(libc_a-reent.o)
 .ARM.attributes
                0x00000555       0x32 C:/ST/STM32CubeIDE_1.18.1/STM32CubeIDE/plugins/com.st.stm32cube.ide.mcu.externaltools.gnu-tools-for-stm32.13.3.rel1.win32_1.0.0.202411081344/tools/bin/../lib/gcc/arm-none-eabi/13.3.1/../../../../arm-none-eabi/lib/thumb/v7e-m+dp/hard\libc_nano.a(libc_a-impure.o)
 .ARM.attributes
                0x00000587       0x32 C:/ST/STM32CubeIDE_1.18.1/STM32CubeIDE/plugins/com.st.stm32cube.ide.mcu.externaltools.gnu-tools-for-stm32.13.3.rel1.win32_1.0.0.202411081344/tools/bin/../lib/gcc/arm-none-eabi/13.3.1/../../../../arm-none-eabi/lib/thumb/v7e-m+dp/hard\libc_nano.a(libc_a-lseekr.o)
 .ARM.attributes
                0x000005b9       0x32 C:/ST/STM32CubeIDE_1.18.1/STM32CubeIDE/plugins/com.st.stm32cube.ide.mcu.externaltools.gnu-tools-for-stm32.13.3.rel1.win32_1.0.0.202411081344/tools/bin/../lib/gcc/arm-none-eabi/13.3.1/../../../../arm-none-eabi/lib/thumb/v7e-m+dp/hard\libc_nano.a(libc_a-readr.o)
 .ARM.attributes
                0x000005eb       0x32 C:/ST/STM32CubeIDE_1.18.1/STM32CubeIDE/plugins/com.st.stm32cube.ide.mcu.externaltools.gnu-tools-for-stm32.13.3.rel1.win32_1.0.0.202411081344/tools/bin/../lib/gcc/arm-none-eabi/13.3.1/../../../../arm-none-eabi/lib/thumb/v7e-m+dp/hard\libc_nano.a(libc_a-writer.o)
 .ARM.attributes
                0x0000061d       0x32 C:/ST/STM32CubeIDE_1.18.1/STM32CubeIDE/plugins/com.st.stm32cube.ide.mcu.externaltools.gnu-tools-for-stm32.13.3.rel1.win32_1.0.0.202411081344/tools/bin/../lib/gcc/arm-none-eabi/13.3.1/../../../../arm-none-eabi/lib/thumb/v7e-m+dp/hard\libc_nano.a(libc_a-errno.o)
 .ARM.attributes
                0x0000064f       0x32 C:/ST/STM32CubeIDE_1.18.1/STM32CubeIDE/plugins/com.st.stm32cube.ide.mcu.externaltools.gnu-tools-for-stm32.13.3.rel1.win32_1.0.0.202411081344/tools/bin/../lib/gcc/arm-none-eabi/13.3.1/../../../../arm-none-eabi/lib/thumb/v7e-m+dp/hard\libc_nano.a(libc_a-init.o)
 .ARM.attributes
                0x00000681       0x32 C:/ST/STM32CubeIDE_1.18.1/STM32CubeIDE/plugins/com.st.stm32cube.ide.mcu.externaltools.gnu-tools-for-stm32.13.3.rel1.win32_1.0.0.202411081344/tools/bin/../lib/gcc/arm-none-eabi/13.3.1/../../../../arm-none-eabi/lib/thumb/v7e-m+dp/hard\libc_nano.a(libc_a-lock.o)
 .ARM.attributes
                0x000006b3       0x32 C:/ST/STM32CubeIDE_1.18.1/STM32CubeIDE/plugins/com.st.stm32cube.ide.mcu.externaltools.gnu-tools-for-stm32.13.3.rel1.win32_1.0.0.202411081344/tools/bin/../lib/gcc/arm-none-eabi/13.3.1/../../../../arm-none-eabi/lib/thumb/v7e-m+dp/hard\libc_nano.a(libc_a-freer.o)
 .ARM.attributes
                0x000006e5       0x32 C:/ST/STM32CubeIDE_1.18.1/STM32CubeIDE/plugins/com.st.stm32cube.ide.mcu.externaltools.gnu-tools-for-stm32.13.3.rel1.win32_1.0.0.202411081344/tools/bin/../lib/gcc/arm-none-eabi/13.3.1/../../../../arm-none-eabi/lib/thumb/v7e-m+dp/hard\libc_nano.a(libc_a-mallocr.o)
 .ARM.attributes
                0x00000717       0x32 C:/ST/STM32CubeIDE_1.18.1/STM32CubeIDE/plugins/com.st.stm32cube.ide.mcu.externaltools.gnu-tools-for-stm32.13.3.rel1.win32_1.0.0.202411081344/tools/bin/../lib/gcc/arm-none-eabi/13.3.1/../../../../arm-none-eabi/lib/thumb/v7e-m+dp/hard\libc_nano.a(libc_a-mlock.o)
 .ARM.attributes
                0x00000749       0x32 C:/ST/STM32CubeIDE_1.18.1/STM32CubeIDE/plugins/com.st.stm32cube.ide.mcu.externaltools.gnu-tools-for-stm32.13.3.rel1.win32_1.0.0.202411081344/tools/bin/../lib/gcc/arm-none-eabi/13.3.1/../../../../arm-none-eabi/lib/thumb/v7e-m+dp/hard\libc_nano.a(libc_a-nano-vfprintf.o)
 .ARM.attributes
                0x0000077b       0x32 C:/ST/STM32CubeIDE_1.18.1/STM32CubeIDE/plugins/com.st.stm32cube.ide.mcu.externaltools.gnu-tools-for-stm32.13.3.rel1.win32_1.0.0.202411081344/tools/bin/../lib/gcc/arm-none-eabi/13.3.1/../../../../arm-none-eabi/lib/thumb/v7e-m+dp/hard\libc_nano.a(libc_a-nano-vfprintf_i.o)
 .ARM.attributes
                0x000007ad       0x32 C:/ST/STM32CubeIDE_1.18.1/STM32CubeIDE/plugins/com.st.stm32cube.ide.mcu.externaltools.gnu-tools-for-stm32.13.3.rel1.win32_1.0.0.202411081344/tools/bin/../lib/gcc/arm-none-eabi/13.3.1/../../../../arm-none-eabi/lib/thumb/v7e-m+dp/hard\libc_nano.a(libc_a-fflush.o)
 .ARM.attributes
                0x000007df       0x32 C:/ST/STM32CubeIDE_1.18.1/STM32CubeIDE/plugins/com.st.stm32cube.ide.mcu.externaltools.gnu-tools-for-stm32.13.3.rel1.win32_1.0.0.202411081344/tools/bin/../lib/gcc/arm-none-eabi/13.3.1/../../../../arm-none-eabi/lib/thumb/v7e-m+dp/hard\libc_nano.a(libc_a-wbuf.o)
 .ARM.attributes
                0x00000811       0x32 C:/ST/STM32CubeIDE_1.18.1/STM32CubeIDE/plugins/com.st.stm32cube.ide.mcu.externaltools.gnu-tools-for-stm32.13.3.rel1.win32_1.0.0.202411081344/tools/bin/../lib/gcc/arm-none-eabi/13.3.1/../../../../arm-none-eabi/lib/thumb/v7e-m+dp/hard\libc_nano.a(libc_a-wsetup.o)
 .ARM.attributes
                0x00000843       0x32 C:/ST/STM32CubeIDE_1.18.1/STM32CubeIDE/plugins/com.st.stm32cube.ide.mcu.externaltools.gnu-tools-for-stm32.13.3.rel1.win32_1.0.0.202411081344/tools/bin/../lib/gcc/arm-none-eabi/13.3.1/../../../../arm-none-eabi/lib/thumb/v7e-m+dp/hard\libc_nano.a(libc_a-sbrkr.o)
 .ARM.attributes
                0x00000875       0x1c C:/ST/STM32CubeIDE_1.18.1/STM32CubeIDE/plugins/com.st.stm32cube.ide.mcu.externaltools.gnu-tools-for-stm32.13.3.rel1.win32_1.0.0.202411081344/tools/bin/../lib/gcc/arm-none-eabi/13.3.1/../../../../arm-none-eabi/lib/thumb/v7e-m+dp/hard\libc_nano.a(libc_a-memchr.o)
 .ARM.attributes
                0x00000891       0x32 C:/ST/STM32CubeIDE_1.18.1/STM32CubeIDE/plugins/com.st.stm32cube.ide.mcu.externaltools.gnu-tools-for-stm32.13.3.rel1.win32_1.0.0.202411081344/tools/bin/../lib/gcc/arm-none-eabi/13.3.1/../../../../arm-none-eabi/lib/thumb/v7e-m+dp/hard\libc_nano.a(libc_a-makebuf.o)
 .ARM.attributes
                0x000008c3       0x32 C:/ST/STM32CubeIDE_1.18.1/STM32CubeIDE/plugins/com.st.stm32cube.ide.mcu.externaltools.gnu-tools-for-stm32.13.3.rel1.win32_1.0.0.202411081344/tools/bin/../lib/gcc/arm-none-eabi/13.3.1/../../../../arm-none-eabi/lib/thumb/v7e-m+dp/hard\libc_nano.a(libc_a-fstatr.o)
 .ARM.attributes
                0x000008f5       0x32 C:/ST/STM32CubeIDE_1.18.1/STM32CubeIDE/plugins/com.st.stm32cube.ide.mcu.externaltools.gnu-tools-for-stm32.13.3.rel1.win32_1.0.0.202411081344/tools/bin/../lib/gcc/arm-none-eabi/13.3.1/../../../../arm-none-eabi/lib/thumb/v7e-m+dp/hard\libc_nano.a(libc_a-isattyr.o)
 .ARM.attributes
                0x00000927       0x20 C:/ST/STM32CubeIDE_1.18.1/STM32CubeIDE/plugins/com.st.stm32cube.ide.mcu.externaltools.gnu-tools-for-stm32.13.3.rel1.win32_1.0.0.202411081344/tools/bin/../lib/gcc/arm-none-eabi/13.3.1/thumb/v7e-m+dp/hard\libgcc.a(_aeabi_uldivmod.o)
 .ARM.attributes
                0x00000947       0x32 C:/ST/STM32CubeIDE_1.18.1/STM32CubeIDE/plugins/com.st.stm32cube.ide.mcu.externaltools.gnu-tools-for-stm32.13.3.rel1.win32_1.0.0.202411081344/tools/bin/../lib/gcc/arm-none-eabi/13.3.1/thumb/v7e-m+dp/hard\libgcc.a(_udivmoddi4.o)
 .ARM.attributes
                0x00000979       0x20 C:/ST/STM32CubeIDE_1.18.1/STM32CubeIDE/plugins/com.st.stm32cube.ide.mcu.externaltools.gnu-tools-for-stm32.13.3.rel1.win32_1.0.0.202411081344/tools/bin/../lib/gcc/arm-none-eabi/13.3.1/thumb/v7e-m+dp/hard\libgcc.a(_dvmd_tls.o)
 .ARM.attributes
                0x00000999       0x20 C:/ST/STM32CubeIDE_1.18.1/STM32CubeIDE/plugins/com.st.stm32cube.ide.mcu.externaltools.gnu-tools-for-stm32.13.3.rel1.win32_1.0.0.202411081344/tools/bin/../lib/gcc/arm-none-eabi/13.3.1/thumb/v7e-m+dp/hard/crtn.o
OUTPUT(STM_to_CC1201.elf elf32-littlearm)
LOAD linker stubs
LOAD C:/ST/STM32CubeIDE_1.18.1/STM32CubeIDE/plugins/com.st.stm32cube.ide.mcu.externaltools.gnu-tools-for-stm32.13.3.rel1.win32_1.0.0.202411081344/tools/bin/../lib/gcc/arm-none-eabi/13.3.1/../../../../arm-none-eabi/lib/thumb/v7e-m+dp/hard\libc.a
LOAD C:/ST/STM32CubeIDE_1.18.1/STM32CubeIDE/plugins/com.st.stm32cube.ide.mcu.externaltools.gnu-tools-for-stm32.13.3.rel1.win32_1.0.0.202411081344/tools/bin/../lib/gcc/arm-none-eabi/13.3.1/../../../../arm-none-eabi/lib/thumb/v7e-m+dp/hard\libm.a
LOAD C:/ST/STM32CubeIDE_1.18.1/STM32CubeIDE/plugins/com.st.stm32cube.ide.mcu.externaltools.gnu-tools-for-stm32.13.3.rel1.win32_1.0.0.202411081344/tools/bin/../lib/gcc/arm-none-eabi/13.3.1/thumb/v7e-m+dp/hard\libgcc.a

.debug_info     0x00000000    0x141bb
 .debug_info    0x00000000      0xc70 ./Core/Src/CC1201_commands.o
 .debug_info    0x00000c70      0xa69 ./Core/Src/CC1201_simple_link_reg_config.o
 .debug_info    0x000016d9     0x1d2b ./Core/Src/main.o
 .debug_info    0x00003404     0x107a ./Core/Src/stm32h7xx_hal_msp.o
 .debug_info    0x0000447e      0x170 ./Core/Src/stm32h7xx_it.o
 .debug_info    0x000045ee      0x6a3 ./Core/Src/syscalls.o
 .debug_info    0x00004c91      0x168 ./Core/Src/sysmem.o
 .debug_info    0x00004df9      0xdb2 ./Core/Src/system_stm32h7xx.o
 .debug_info    0x00005bab       0x30 ./Core/Startup/startup_stm32h743zitx.o
 .debug_info    0x00005bdb     0x1a7c ./Drivers/BSP/STM32H7xx_Nucleo/stm32h7xx_nucleo.o
 .debug_info    0x00007657     0x153b ./Drivers/STM32H7xx_HAL_Driver/Src/stm32h7xx_hal.o
 .debug_info    0x00008b92     0x10b1 ./Drivers/STM32H7xx_HAL_Driver/Src/stm32h7xx_hal_cortex.o
 .debug_info    0x00009c43      0x916 ./Drivers/STM32H7xx_HAL_Driver/Src/stm32h7xx_hal_exti.o
 .debug_info    0x0000a559      0xc5a ./Drivers/STM32H7xx_HAL_Driver/Src/stm32h7xx_hal_gpio.o
 .debug_info    0x0000b1b3     0x1012 ./Drivers/STM32H7xx_HAL_Driver/Src/stm32h7xx_hal_pwr_ex.o
 .debug_info    0x0000c1c5      0xe6a ./Drivers/STM32H7xx_HAL_Driver/Src/stm32h7xx_hal_rcc.o
 .debug_info    0x0000d02f     0x1225 ./Drivers/STM32H7xx_HAL_Driver/Src/stm32h7xx_hal_rcc_ex.o
 .debug_info    0x0000e254     0x144a ./Drivers/STM32H7xx_HAL_Driver/Src/stm32h7xx_hal_spi.o
 .debug_info    0x0000f69e     0x4b1d ./Drivers/STM32H7xx_HAL_Driver/Src/stm32h7xx_hal_uart.o

.debug_abbrev   0x00000000     0x28b9
 .debug_abbrev  0x00000000      0x1da ./Core/Src/CC1201_commands.o
 .debug_abbrev  0x000001da      0x212 ./Core/Src/CC1201_simple_link_reg_config.o
 .debug_abbrev  0x000003ec      0x358 ./Core/Src/main.o
 .debug_abbrev  0x00000744      0x206 ./Core/Src/stm32h7xx_hal_msp.o
 .debug_abbrev  0x0000094a       0xbc ./Core/Src/stm32h7xx_it.o
 .debug_abbrev  0x00000a06      0x1b6 ./Core/Src/syscalls.o
 .debug_abbrev  0x00000bbc       0xbc ./Core/Src/sysmem.o
 .debug_abbrev  0x00000c78      0x165 ./Core/Src/system_stm32h7xx.o
 .debug_abbrev  0x00000ddd       0x24 ./Core/Startup/startup_stm32h743zitx.o
 .debug_abbrev  0x00000e01      0x340 ./Drivers/BSP/STM32H7xx_Nucleo/stm32h7xx_nucleo.o
 .debug_abbrev  0x00001141      0x295 ./Drivers/STM32H7xx_HAL_Driver/Src/stm32h7xx_hal.o
 .debug_abbrev  0x000013d6      0x339 ./Drivers/STM32H7xx_HAL_Driver/Src/stm32h7xx_hal_cortex.o
 .debug_abbrev  0x0000170f      0x1df ./Drivers/STM32H7xx_HAL_Driver/Src/stm32h7xx_hal_exti.o
 .debug_abbrev  0x000018ee      0x205 ./Drivers/STM32H7xx_HAL_Driver/Src/stm32h7xx_hal_gpio.o
 .debug_abbrev  0x00001af3      0x2a7 ./Drivers/STM32H7xx_HAL_Driver/Src/stm32h7xx_hal_pwr_ex.o
 .debug_abbrev  0x00001d9a      0x2c8 ./Drivers/STM32H7xx_HAL_Driver/Src/stm32h7xx_hal_rcc.o
 .debug_abbrev  0x00002062      0x269 ./Drivers/STM32H7xx_HAL_Driver/Src/stm32h7xx_hal_rcc_ex.o
 .debug_abbrev  0x000022cb      0x2b1 ./Drivers/STM32H7xx_HAL_Driver/Src/stm32h7xx_hal_spi.o
 .debug_abbrev  0x0000257c      0x33d ./Drivers/STM32H7xx_HAL_Driver/Src/stm32h7xx_hal_uart.o

.debug_aranges  0x00000000      0xe10
 .debug_aranges
                0x00000000       0xb0 ./Core/Src/CC1201_commands.o
 .debug_aranges
                0x000000b0       0x38 ./Core/Src/CC1201_simple_link_reg_config.o
 .debug_aranges
                0x000000e8       0x70 ./Core/Src/main.o
 .debug_aranges
                0x00000158       0x30 ./Core/Src/stm32h7xx_hal_msp.o
 .debug_aranges
                0x00000188       0x68 ./Core/Src/stm32h7xx_it.o
 .debug_aranges
                0x000001f0       0xa8 ./Core/Src/syscalls.o
 .debug_aranges
                0x00000298       0x20 ./Core/Src/sysmem.o
 .debug_aranges
                0x000002b8       0x30 ./Core/Src/system_stm32h7xx.o
 .debug_aranges
                0x000002e8       0x28 ./Core/Startup/startup_stm32h743zitx.o
 .debug_aranges
                0x00000310       0xb8 ./Drivers/BSP/STM32H7xx_Nucleo/stm32h7xx_nucleo.o
 .debug_aranges
                0x000003c8      0x198 ./Drivers/STM32H7xx_HAL_Driver/Src/stm32h7xx_hal.o
 .debug_aranges
                0x00000560      0x130 ./Drivers/STM32H7xx_HAL_Driver/Src/stm32h7xx_hal_cortex.o
 .debug_aranges
                0x00000690       0x60 ./Drivers/STM32H7xx_HAL_Driver/Src/stm32h7xx_hal_exti.o
 .debug_aranges
                0x000006f0       0x58 ./Drivers/STM32H7xx_HAL_Driver/Src/stm32h7xx_hal_gpio.o
 .debug_aranges
                0x00000748      0x158 ./Drivers/STM32H7xx_HAL_Driver/Src/stm32h7xx_hal_pwr_ex.o
 .debug_aranges
                0x000008a0       0x88 ./Drivers/STM32H7xx_HAL_Driver/Src/stm32h7xx_hal_rcc.o
 .debug_aranges
                0x00000928       0xf8 ./Drivers/STM32H7xx_HAL_Driver/Src/stm32h7xx_hal_rcc_ex.o
 .debug_aranges
                0x00000a20      0x1a8 ./Drivers/STM32H7xx_HAL_Driver/Src/stm32h7xx_hal_spi.o
 .debug_aranges
                0x00000bc8      0x248 ./Drivers/STM32H7xx_HAL_Driver/Src/stm32h7xx_hal_uart.o

.debug_rnglists
                0x00000000      0xab6
 .debug_rnglists
                0x00000000       0x80 ./Core/Src/CC1201_commands.o
 .debug_rnglists
                0x00000080       0x26 ./Core/Src/CC1201_simple_link_reg_config.o
 .debug_rnglists
                0x000000a6       0x56 ./Core/Src/main.o
 .debug_rnglists
                0x000000fc       0x20 ./Core/Src/stm32h7xx_hal_msp.o
 .debug_rnglists
                0x0000011c       0x49 ./Core/Src/stm32h7xx_it.o
 .debug_rnglists
                0x00000165       0x79 ./Core/Src/syscalls.o
 .debug_rnglists
                0x000001de       0x13 ./Core/Src/sysmem.o
 .debug_rnglists
                0x000001f1       0x21 ./Core/Src/system_stm32h7xx.o
 .debug_rnglists
                0x00000212       0x19 ./Core/Startup/startup_stm32h743zitx.o
 .debug_rnglists
                0x0000022b       0x88 ./Drivers/BSP/STM32H7xx_Nucleo/stm32h7xx_nucleo.o
 .debug_rnglists
                0x000002b3      0x131 ./Drivers/STM32H7xx_HAL_Driver/Src/stm32h7xx_hal.o
 .debug_rnglists
                0x000003e4       0xe0 ./Drivers/STM32H7xx_HAL_Driver/Src/stm32h7xx_hal_cortex.o
 .debug_rnglists
                0x000004c4       0x46 ./Drivers/STM32H7xx_HAL_Driver/Src/stm32h7xx_hal_exti.o
 .debug_rnglists
                0x0000050a       0x3f ./Drivers/STM32H7xx_HAL_Driver/Src/stm32h7xx_hal_gpio.o
 .debug_rnglists
                0x00000549      0x103 ./Drivers/STM32H7xx_HAL_Driver/Src/stm32h7xx_hal_pwr_ex.o
 .debug_rnglists
                0x0000064c       0x68 ./Drivers/STM32H7xx_HAL_Driver/Src/stm32h7xx_hal_rcc.o
 .debug_rnglists
                0x000006b4       0xc0 ./Drivers/STM32H7xx_HAL_Driver/Src/stm32h7xx_hal_rcc_ex.o
 .debug_rnglists
                0x00000774      0x148 ./Drivers/STM32H7xx_HAL_Driver/Src/stm32h7xx_hal_spi.o
 .debug_rnglists
                0x000008bc      0x1fa ./Drivers/STM32H7xx_HAL_Driver/Src/stm32h7xx_hal_uart.o

.debug_macro    0x00000000    0x381e4
 .debug_macro   0x00000000      0x390 ./Core/Src/CC1201_commands.o
 .debug_macro   0x00000390      0xafc ./Core/Src/CC1201_commands.o
 .debug_macro   0x00000e8c       0x22 ./Core/Src/CC1201_commands.o
 .debug_macro   0x00000eae       0x8e ./Core/Src/CC1201_commands.o
 .debug_macro   0x00000f3c       0x51 ./Core/Src/CC1201_commands.o
 .debug_macro   0x00000f8d      0x103 ./Core/Src/CC1201_commands.o
 .debug_macro   0x00001090       0x6a ./Core/Src/CC1201_commands.o
 .debug_macro   0x000010fa      0x1df ./Core/Src/CC1201_commands.o
 .debug_macro   0x000012d9      0x238 ./Core/Src/CC1201_commands.o
 .debug_macro   0x00001511       0x2e ./Core/Src/CC1201_commands.o
 .debug_macro   0x0000153f       0x3b ./Core/Src/CC1201_commands.o
 .debug_macro   0x0000157a       0x1c ./Core/Src/CC1201_commands.o
 .debug_macro   0x00001596       0x22 ./Core/Src/CC1201_commands.o
 .debug_macro   0x000015b8       0xfb ./Core/Src/CC1201_commands.o
 .debug_macro   0x000016b3     0x1305 ./Core/Src/CC1201_commands.o
 .debug_macro   0x000029b8      0x11f ./Core/Src/CC1201_commands.o
 .debug_macro   0x00002ad7       0x27 ./Core/Src/CC1201_commands.o
 .debug_macro   0x00002afe    0x25b9b ./Core/Src/CC1201_commands.o
 .debug_macro   0x00028699       0x6d ./Core/Src/CC1201_commands.o
 .debug_macro   0x00028706     0x3d79 ./Core/Src/CC1201_commands.o
 .debug_macro   0x0002c47f      0x190 ./Core/Src/CC1201_commands.o
 .debug_macro   0x0002c60f       0x61 ./Core/Src/CC1201_commands.o
 .debug_macro   0x0002c670       0x29 ./Core/Src/CC1201_commands.o
 .debug_macro   0x0002c699       0x43 ./Core/Src/CC1201_commands.o
 .debug_macro   0x0002c6dc       0x34 ./Core/Src/CC1201_commands.o
 .debug_macro   0x0002c710      0x370 ./Core/Src/CC1201_commands.o
 .debug_macro   0x0002ca80       0x16 ./Core/Src/CC1201_commands.o
 .debug_macro   0x0002ca96       0x4a ./Core/Src/CC1201_commands.o
 .debug_macro   0x0002cae0       0x34 ./Core/Src/CC1201_commands.o
 .debug_macro   0x0002cb14       0x10 ./Core/Src/CC1201_commands.o
 .debug_macro   0x0002cb24       0x58 ./Core/Src/CC1201_commands.o
 .debug_macro   0x0002cb7c       0x8e ./Core/Src/CC1201_commands.o
 .debug_macro   0x0002cc0a       0x1c ./Core/Src/CC1201_commands.o
 .debug_macro   0x0002cc26      0x185 ./Core/Src/CC1201_commands.o
 .debug_macro   0x0002cdab      0x19b ./Core/Src/CC1201_commands.o
 .debug_macro   0x0002cf46       0x5d ./Core/Src/CC1201_commands.o
 .debug_macro   0x0002cfa3     0x2382 ./Core/Src/CC1201_commands.o
 .debug_macro   0x0002f325     0x102c ./Core/Src/CC1201_commands.o
 .debug_macro   0x00030351      0x154 ./Core/Src/CC1201_commands.o
 .debug_macro   0x000304a5      0x114 ./Core/Src/CC1201_commands.o
 .debug_macro   0x000305b9      0x3b6 ./Core/Src/CC1201_commands.o
 .debug_macro   0x0003096f       0xac ./Core/Src/CC1201_commands.o
 .debug_macro   0x00030a1b      0x72d ./Core/Src/CC1201_commands.o
 .debug_macro   0x00031148      0x228 ./Core/Src/CC1201_commands.o
 .debug_macro   0x00031370       0x66 ./Core/Src/CC1201_commands.o
 .debug_macro   0x000313d6      0x3bb ./Core/Src/CC1201_commands.o
 .debug_macro   0x00031791      0x3e4 ./Core/Src/CC1201_commands.o
 .debug_macro   0x00031b75      0x275 ./Core/Src/CC1201_commands.o
 .debug_macro   0x00031dea      0x3ca ./Core/Src/CC1201_commands.o
 .debug_macro   0x000321b4      0x408 ./Core/Src/CC1201_commands.o
 .debug_macro   0x000325bc       0x51 ./Core/Src/CC1201_commands.o
 .debug_macro   0x0003260d       0x4a ./Core/Src/CC1201_commands.o
 .debug_macro   0x00032657      0x22c ./Core/Src/CC1201_commands.o
 .debug_macro   0x00032883       0x67 ./Core/Src/CC1201_commands.o
 .debug_macro   0x000328ea       0xa5 ./Core/Src/CC1201_commands.o
 .debug_macro   0x0003298f      0x1c4 ./Core/Src/CC1201_commands.o
 .debug_macro   0x00032b53      0x25e ./Core/Src/CC1201_commands.o
 .debug_macro   0x00032db1       0x35 ./Core/Src/CC1201_commands.o
 .debug_macro   0x00032de6      0x5e4 ./Core/Src/CC1201_commands.o
 .debug_macro   0x000333ca       0xc1 ./Core/Src/CC1201_commands.o
 .debug_macro   0x0003348b      0x693 ./Core/Src/CC1201_commands.o
 .debug_macro   0x00033b1e       0xa6 ./Core/Src/CC1201_commands.o
 .debug_macro   0x00033bc4      0x5ac ./Core/Src/CC1201_commands.o
 .debug_macro   0x00034170       0x2e ./Core/Src/CC1201_commands.o
 .debug_macro   0x0003419e       0x52 ./Core/Src/CC1201_commands.o
 .debug_macro   0x000341f0      0x131 ./Core/Src/CC1201_commands.o
 .debug_macro   0x00034321       0x1c ./Core/Src/CC1201_commands.o
 .debug_macro   0x0003433d       0x3c ./Core/Src/CC1201_commands.o
 .debug_macro   0x00034379       0x10 ./Core/Src/CC1201_commands.o
 .debug_macro   0x00034389       0x1c ./Core/Src/CC1201_commands.o
 .debug_macro   0x000343a5       0x16 ./Core/Src/CC1201_commands.o
 .debug_macro   0x000343bb      0x146 ./Core/Src/CC1201_commands.o
 .debug_macro   0x00034501       0x40 ./Core/Src/CC1201_commands.o
 .debug_macro   0x00034541      0x148 ./Core/Src/CC1201_commands.o
 .debug_macro   0x00034689      0x332 ./Core/Src/CC1201_simple_link_reg_config.o
 .debug_macro   0x000349bb      0x33a ./Core/Src/main.o
 .debug_macro   0x00034cf5      0x329 ./Core/Src/stm32h7xx_hal_msp.o
 .debug_macro   0x0003501e      0x333 ./Core/Src/stm32h7xx_it.o
 .debug_macro   0x00035351      0x274 ./Core/Src/syscalls.o
 .debug_macro   0x000355c5       0x5b ./Core/Src/syscalls.o
 .debug_macro   0x00035620       0x94 ./Core/Src/syscalls.o
 .debug_macro   0x000356b4       0x57 ./Core/Src/syscalls.o
 .debug_macro   0x0003570b       0x10 ./Core/Src/syscalls.o
 .debug_macro   0x0003571b       0x10 ./Core/Src/syscalls.o
 .debug_macro   0x0003572b       0x10 ./Core/Src/syscalls.o
 .debug_macro   0x0003573b       0x10 ./Core/Src/syscalls.o
 .debug_macro   0x0003574b       0x1c ./Core/Src/syscalls.o
 .debug_macro   0x00035767       0x52 ./Core/Src/syscalls.o
 .debug_macro   0x000357b9       0x22 ./Core/Src/syscalls.o
 .debug_macro   0x000357db       0x10 ./Core/Src/syscalls.o
 .debug_macro   0x000357eb       0x52 ./Core/Src/syscalls.o
 .debug_macro   0x0003583d       0xcf ./Core/Src/syscalls.o
 .debug_macro   0x0003590c       0x1c ./Core/Src/syscalls.o
 .debug_macro   0x00035928       0x3d ./Core/Src/syscalls.o
 .debug_macro   0x00035965       0x35 ./Core/Src/syscalls.o
 .debug_macro   0x0003599a      0x12c ./Core/Src/syscalls.o
 .debug_macro   0x00035ac6       0x16 ./Core/Src/syscalls.o
 .debug_macro   0x00035adc       0x16 ./Core/Src/syscalls.o
 .debug_macro   0x00035af2       0x29 ./Core/Src/syscalls.o
 .debug_macro   0x00035b1b       0x10 ./Core/Src/syscalls.o
 .debug_macro   0x00035b2b      0x242 ./Core/Src/syscalls.o
 .debug_macro   0x00035d6d       0x10 ./Core/Src/syscalls.o
 .debug_macro   0x00035d7d      0x18a ./Core/Src/syscalls.o
 .debug_macro   0x00035f07       0x16 ./Core/Src/syscalls.o
 .debug_macro   0x00035f1d       0xce ./Core/Src/syscalls.o
 .debug_macro   0x00035feb      0x112 ./Core/Src/sysmem.o
 .debug_macro   0x000360fd      0x23c ./Core/Src/sysmem.o
 .debug_macro   0x00036339      0x2ad ./Core/Src/system_stm32h7xx.o
 .debug_macro   0x000365e6      0x2d4 ./Drivers/BSP/STM32H7xx_Nucleo/stm32h7xx_nucleo.o
 .debug_macro   0x000368ba       0x28 ./Drivers/BSP/STM32H7xx_Nucleo/stm32h7xx_nucleo.o
 .debug_macro   0x000368e2      0x2d7 ./Drivers/STM32H7xx_HAL_Driver/Src/stm32h7xx_hal.o
 .debug_macro   0x00036bb9      0x2ad ./Drivers/STM32H7xx_HAL_Driver/Src/stm32h7xx_hal_cortex.o
 .debug_macro   0x00036e66      0x2bb ./Drivers/STM32H7xx_HAL_Driver/Src/stm32h7xx_hal_exti.o
 .debug_macro   0x00037121      0x2b4 ./Drivers/STM32H7xx_HAL_Driver/Src/stm32h7xx_hal_gpio.o
 .debug_macro   0x000373d5      0x2e6 ./Drivers/STM32H7xx_HAL_Driver/Src/stm32h7xx_hal_pwr_ex.o
 .debug_macro   0x000376bb      0x2d1 ./Drivers/STM32H7xx_HAL_Driver/Src/stm32h7xx_hal_rcc.o
 .debug_macro   0x0003798c      0x2cb ./Drivers/STM32H7xx_HAL_Driver/Src/stm32h7xx_hal_rcc_ex.o
 .debug_macro   0x00037c57      0x2b5 ./Drivers/STM32H7xx_HAL_Driver/Src/stm32h7xx_hal_spi.o
 .debug_macro   0x00037f0c      0x2d8 ./Drivers/STM32H7xx_HAL_Driver/Src/stm32h7xx_hal_uart.o

.debug_line     0x00000000    0x13611
 .debug_line    0x00000000      0xbb2 ./Core/Src/CC1201_commands.o
 .debug_line    0x00000bb2      0xa75 ./Core/Src/CC1201_simple_link_reg_config.o
 .debug_line    0x00001627      0xd9f ./Core/Src/main.o
 .debug_line    0x000023c6      0xa15 ./Core/Src/stm32h7xx_hal_msp.o
 .debug_line    0x00002ddb      0xa68 ./Core/Src/stm32h7xx_it.o
 .debug_line    0x00003843      0x8ac ./Core/Src/syscalls.o
 .debug_line    0x000040ef      0x588 ./Core/Src/sysmem.o
 .debug_line    0x00004677      0xad9 ./Core/Src/system_stm32h7xx.o
 .debug_line    0x00005150       0x7b ./Core/Startup/startup_stm32h743zitx.o
 .debug_line    0x000051cb      0xce6 ./Drivers/BSP/STM32H7xx_Nucleo/stm32h7xx_nucleo.o
 .debug_line    0x00005eb1      0xeb2 ./Drivers/STM32H7xx_HAL_Driver/Src/stm32h7xx_hal.o
 .debug_line    0x00006d63      0xe9c ./Drivers/STM32H7xx_HAL_Driver/Src/stm32h7xx_hal_cortex.o
 .debug_line    0x00007bff      0xd66 ./Drivers/STM32H7xx_HAL_Driver/Src/stm32h7xx_hal_exti.o
 .debug_line    0x00008965      0xd3b ./Drivers/STM32H7xx_HAL_Driver/Src/stm32h7xx_hal_gpio.o
 .debug_line    0x000096a0     0x1036 ./Drivers/STM32H7xx_HAL_Driver/Src/stm32h7xx_hal_pwr_ex.o
 .debug_line    0x0000a6d6     0x1559 ./Drivers/STM32H7xx_HAL_Driver/Src/stm32h7xx_hal_rcc.o
 .debug_line    0x0000bc2f     0x1e65 ./Drivers/STM32H7xx_HAL_Driver/Src/stm32h7xx_hal_rcc_ex.o
 .debug_line    0x0000da94     0x2244 ./Drivers/STM32H7xx_HAL_Driver/Src/stm32h7xx_hal_spi.o
 .debug_line    0x0000fcd8     0x3939 ./Drivers/STM32H7xx_HAL_Driver/Src/stm32h7xx_hal_uart.o

.debug_str      0x00000000   0x15e506
 .debug_str     0x00000000   0x15e506 ./Core/Src/CC1201_commands.o
                             0x157f9e (size before relaxing)
 .debug_str     0x0015e506   0x157d34 ./Core/Src/CC1201_simple_link_reg_config.o
 .debug_str     0x0015e506   0x158ed1 ./Core/Src/main.o
 .debug_str     0x0015e506   0x157d1a ./Core/Src/stm32h7xx_hal_msp.o
 .debug_str     0x0015e506   0x157165 ./Core/Src/stm32h7xx_it.o
 .debug_str     0x0015e506     0x9a3b ./Core/Src/syscalls.o
 .debug_str     0x0015e506     0x77d9 ./Core/Src/sysmem.o
 .debug_str     0x0015e506   0x156668 ./Core/Src/system_stm32h7xx.o
 .debug_str     0x0015e506       0x6d ./Core/Startup/startup_stm32h743zitx.o
 .debug_str     0x0015e506   0x157f44 ./Drivers/BSP/STM32H7xx_Nucleo/stm32h7xx_nucleo.o
 .debug_str     0x0015e506   0x15753f ./Drivers/STM32H7xx_HAL_Driver/Src/stm32h7xx_hal.o
 .debug_str     0x0015e506   0x156f7a ./Drivers/STM32H7xx_HAL_Driver/Src/stm32h7xx_hal_cortex.o
 .debug_str     0x0015e506   0x15643a ./Drivers/STM32H7xx_HAL_Driver/Src/stm32h7xx_hal_exti.o