../Core/Src/CC1201_commands.c:28:19:CC1201_SoftReset	24	static
../Core/Src/CC1201_commands.c:36:19:CC1201_FastTxOn	16	static
../Core/Src/CC1201_commands.c:41:19:CC1201_OscOff	16	static
../Core/Src/CC1201_commands.c:46:19:CC1201_CalFreqSynth	16	static
../Core/Src/CC1201_commands.c:51:19:CC1201_EnterRxMode	16	static
../Core/Src/CC1201_commands.c:56:19:CC1201_EnterTxMode	16	static
../Core/Src/CC1201_commands.c:61:19:CC1201_EnterIdleMode	16	static
../Core/Src/CC1201_commands.c:66:19:CC1201_AutoFreqComp	16	static
../Core/Src/CC1201_commands.c:71:19:CC1201_WakeOnRadio	16	static
../Core/Src/CC1201_commands.c:76:19:CC1201_EnterSleepMode	16	static
../Core/Src/CC1201_commands.c:81:19:CC1201_FlushRxFifo	16	static
../Core/Src/CC1201_commands.c:86:19:CC1201_FlushTxFifo	16	static
../Core/Src/CC1201_commands.c:91:19:CC1201_WorReset	16	static
../Core/Src/CC1201_commands.c:96:19:CC1201_Nop	24	static
../Core/Src/CC1201_commands.c:117:19:CC1201_ReadStatus	40	static
../Core/Src/CC1201_commands.c:162:19:CC1201_WriteRegister	24	static
../Core/Src/CC1201_commands.c:196:19:CC1201_ReadMARCState	16	static
../Core/Src/CC1201_commands.c:207:19:CC1201_GetNumRXBytes	16	static
../Core/Src/CC1201_commands.c:218:19:CC1201_GetNumTXBytes	16	static
../Core/Src/CC1201_commands.c:231:19:CC1201_WriteTxFifo	96	dynamic
../Core/Src/CC1201_commands.c:272:19:CC1201_ReadRxFifo	96	dynamic
../Core/Src/CC1201_commands.c:317:19:CC1201_ReadSingleRxFifo	16	static
../Core/Src/CC1201_commands.c:329:19:CC1201_WriteSingleTxFifo	16	static
