../Core/Src/CC1201_commands.c:29:19:CC1201_SoftReset	24	static
../Core/Src/CC1201_commands.c:37:19:CC1201_FastTxOn	16	static
../Core/Src/CC1201_commands.c:42:19:CC1201_OscOff	16	static
../Core/Src/CC1201_commands.c:47:19:CC1201_CalFreqSynth	16	static
../Core/Src/CC1201_commands.c:52:19:CC1201_EnterRxMode	16	static
../Core/Src/CC1201_commands.c:57:19:CC1201_EnterTxMode	16	static
../Core/Src/CC1201_commands.c:62:19:CC1201_EnterIdleMode	16	static
../Core/Src/CC1201_commands.c:67:19:CC1201_AutoFreqComp	16	static
../Core/Src/CC1201_commands.c:72:19:CC1201_WakeOnRadio	16	static
../Core/Src/CC1201_commands.c:77:19:CC1201_EnterSleepMode	16	static
../Core/Src/CC1201_commands.c:82:19:CC1201_FlushRxFifo	16	static
../Core/Src/CC1201_commands.c:87:19:CC1201_FlushTxFifo	16	static
../Core/Src/CC1201_commands.c:92:19:CC1201_WorReset	16	static
../Core/Src/CC1201_commands.c:97:19:CC1201_Nop	24	static
../Core/Src/CC1201_commands.c:118:19:CC1201_ReadStatus	40	static,ignoring_inline_asm
../Core/Src/CC1201_commands.c:165:19:CC1201_WriteRegister	32	static,ignoring_inline_asm
../Core/Src/CC1201_commands.c:202:19:CC1201_ReadMARCState	16	static
../Core/Src/CC1201_commands.c:213:19:CC1201_GetNumRXBytes	16	static
../Core/Src/CC1201_commands.c:224:19:CC1201_GetNumTXBytes	16	static
../Core/Src/CC1201_commands.c:237:19:CC1201_WriteTxFifo	96	dynamic
../Core/Src/CC1201_commands.c:278:19:CC1201_ReadRxFifo	96	dynamic
../Core/Src/CC1201_commands.c:323:19:CC1201_ReadSingleRxFifo	16	static
../Core/Src/CC1201_commands.c:335:19:CC1201_WriteSingleTxFifo	16	static
