../Core/Src/CC1201_commands.c:24:19:CC1201_SoftReset	16	static
../Core/Src/CC1201_commands.c:29:19:CC1201_FastTxOn	16	static
../Core/Src/CC1201_commands.c:34:19:CC1201_OscOff	16	static
../Core/Src/CC1201_commands.c:39:19:CC1201_CalFreqSynth	16	static
../Core/Src/CC1201_commands.c:44:19:CC1201_EnterRxMode	16	static
../Core/Src/CC1201_commands.c:49:19:CC1201_EnterTxMode	16	static
../Core/Src/CC1201_commands.c:54:19:CC1201_EnterIdleMode	16	static
../Core/Src/CC1201_commands.c:59:19:CC1201_AutoFreqComp	16	static
../Core/Src/CC1201_commands.c:64:19:CC1201_WakeOnRadio	16	static
../Core/Src/CC1201_commands.c:69:19:CC1201_EnterSleepMode	16	static
../Core/Src/CC1201_commands.c:74:19:CC1201_FlushRxFifo	16	static
../Core/Src/CC1201_commands.c:79:19:CC1201_FlushTxFifo	16	static
../Core/Src/CC1201_commands.c:84:19:CC1201_WorReset	16	static
../Core/Src/CC1201_commands.c:89:19:CC1201_Nop	16	static
../Core/Src/CC1201_commands.c:107:19:CC1201_ReadStatus	40	static
../Core/Src/CC1201_commands.c:152:19:CC1201_WriteRegister	24	static
../Core/Src/CC1201_commands.c:186:19:CC1201_ReadMARCState	16	static
../Core/Src/CC1201_commands.c:197:19:CC1201_GetNumRXBytes	16	static
../Core/Src/CC1201_commands.c:208:19:CC1201_GetNumTXBytes	16	static
