../Core/Src/main.c:72:6:print_cc1201_status	24	static
../Core/Src/main.c:92:6:test_all_strobe_commands	16	static
../Core/Src/main.c:242:6:test_status_registers	16	static
../Core/Src/main.c:279:6:test_register_operations	16	static
../Core/Src/main.c:327:6:test_configuration_write	16	static
../Core/Src/main.c:365:6:test_fifo_operations	40	static
../Core/Src/main.c:484:6:test_buffer_readwrite_verification	96	static
../Core/Src/main.c:604:6:test_cc1201_communication_verification	16	static
../Core/Src/main.c:709:6:test_power_states	16	static
../Core/Src/main.c:793:6:run_comprehensive_cc1201_test	8	static
../Core/Src/main.c:820:6:test_GPIO_pins	24	static
../Core/Src/main.c:871:19:initialize_CC1201	24	static
../Core/Src/main.c:928:6:test_CC1201_strobe_commands	16	static
../Core/Src/main.c:1031:5:main	40	static
../Core/Src/main.c:1303:6:SystemClock_Config	120	static
../Core/Src/main.c:1363:13:MX_SPI2_Init	8	static
../Core/Src/main.c:1411:13:MX_GPIO_Init	56	static
../Core/Src/main.c:1446:6:HAL_GPIO_EXTI_Callback	24	static
../Core/Src/main.c:1477:6:MPU_Config	24	static
../Core/Src/main.c:1509:6:BSP_PB_Callback	16	static
../Core/Src/main.c:1521:6:Error_Handler	4	static,ignoring_inline_asm
