../Core/Src/main.c:68:6:print_cc1201_status	24	static
../Core/Src/main.c:88:6:test_all_strobe_commands	16	static
../Core/Src/main.c:238:6:test_status_registers	16	static
../Core/Src/main.c:275:6:test_register_operations	16	static
../Core/Src/main.c:323:6:test_configuration_write	16	static
../Core/Src/main.c:361:6:test_fifo_operations	40	static
../Core/Src/main.c:480:6:test_power_states	16	static
../Core/Src/main.c:564:6:run_comprehensive_cc1201_test	8	static
../Core/Src/main.c:591:6:test_GPIO_pins	24	static
../Core/Src/main.c:642:19:initialize_CC1201	24	static
../Core/Src/main.c:699:6:test_CC1201_strobe_commands	16	static
../Core/Src/main.c:802:5:main	40	static
../Core/Src/main.c:1026:6:SystemClock_Config	120	static
../Core/Src/main.c:1086:13:MX_SPI2_Init	8	static
../Core/Src/main.c:1134:13:MX_GPIO_Init	56	static
../Core/Src/main.c:1169:6:HAL_GPIO_EXTI_Callback	24	static
../Core/Src/main.c:1200:6:MPU_Config	24	static
../Core/Src/main.c:1232:6:BSP_PB_Callback	16	static
../Core/Src/main.c:1244:6:Error_Handler	4	static,ignoring_inline_asm
