../Core/Src/main.c:68:6:print_cc1201_status	24	static
../Core/Src/main.c:88:6:cc1201_hardware_reset	8	static
../Core/Src/main.c:103:6:cc1201_power_up_sequence	16	static
../Core/Src/main.c:158:6:comprehensive_cc1201_diagnostic	64	static
../Core/Src/main.c:283:6:test_buffer_operations	32	static
../Core/Src/main.c:357:6:test_state_changes	16	static
../Core/Src/main.c:447:6:test_individual_functions	16	static
../Core/Src/main.c:538:6:run_comprehensive_cc1201_tests	16	static
../Core/Src/main.c:567:5:main	16	static
../Core/Src/main.c:687:6:SystemClock_Config	120	static
../Core/Src/main.c:738:13:MX_SPI4_Init	8	static
../Core/Src/main.c:786:13:MX_GPIO_Init	48	static
../Core/Src/main.c:820:6:HAL_GPIO_EXTI_Callback	24	static
../Core/Src/main.c:851:6:MPU_Config	24	static
../Core/Src/main.c:883:6:BSP_PB_Callback	16	static
../Core/Src/main.c:895:6:Error_Handler	4	static,ignoring_inline_asm
