../Core/Src/main.c:68:6:test_GPIO_pins	16	static
../Core/Src/main.c:97:19:initialize_CC1201	24	static
../Core/Src/main.c:137:6:test_CC1201_strobe_commands	16	static
../Core/Src/main.c:240:5:main	24	static
../Core/Src/main.c:392:6:SystemClock_Config	120	static
../Core/Src/main.c:443:13:MX_SPI4_Init	8	static
../Core/Src/main.c:491:13:MX_GPIO_Init	48	static
../Core/Src/main.c:529:6:HAL_GPIO_EXTI_Callback	24	static
../Core/Src/main.c:560:6:MPU_Config	24	static
../Core/Src/main.c:592:6:BSP_PB_Callback	16	static
../Core/Src/main.c:604:6:Error_Handler	4	static,ignoring_inline_asm
