../Core/Src/main.c:68:19:initialize_CC1201	24	static
../Core/Src/main.c:108:6:test_CC1201_strobe_commands	16	static
../Core/Src/main.c:211:5:main	24	static
../Core/Src/main.c:343:6:SystemClock_Config	120	static
../Core/Src/main.c:394:13:MX_SPI4_Init	8	static
../Core/Src/main.c:442:13:MX_GPIO_Init	48	static
../Core/Src/main.c:480:6:HAL_GPIO_EXTI_Callback	24	static
../Core/Src/main.c:511:6:MPU_Config	24	static
../Core/Src/main.c:543:6:BSP_PB_Callback	16	static
../Core/Src/main.c:555:6:Error_Handler	4	static,ignoring_inline_asm
