../Core/Src/main.c:68:6:print_cc1201_status	24	static
../Core/Src/main.c:88:6:cc1201_hardware_reset	8	static
../Core/Src/main.c:103:6:cc1201_power_up_sequence	16	static
../Core/Src/main.c:158:6:comprehensive_cc1201_diagnostic	64	static
../Core/Src/main.c:283:6:test_buffer_operations	32	static
../Core/Src/main.c:357:6:test_state_changes	24	static
../Core/Src/main.c:452:6:test_individual_functions	16	static
../Core/Src/main.c:543:6:run_comprehensive_cc1201_tests	16	static
../Core/Src/main.c:572:5:main	16	static
../Core/Src/main.c:692:6:SystemClock_Config	120	static
../Core/Src/main.c:743:13:MX_SPI4_Init	8	static
../Core/Src/main.c:791:13:MX_GPIO_Init	48	static
../Core/Src/main.c:825:6:HAL_GPIO_EXTI_Callback	24	static
../Core/Src/main.c:856:6:MPU_Config	24	static
../Core/Src/main.c:888:6:BSP_PB_Callback	16	static
../Core/Src/main.c:900:6:Error_Handler	4	static,ignoring_inline_asm
