../Core/Src/main.c:68:6:diagnose_spi_communication	48	static
../Core/Src/main.c:128:6:test_spi_configurations	192	static
../Core/Src/main.c:172:6:test_cc1201_presence	64	static
../Core/Src/main.c:218:6:print_cc1201_status	24	static
../Core/Src/main.c:238:6:test_buffer_operations	32	static
../Core/Src/main.c:312:6:test_state_changes	16	static
../Core/Src/main.c:391:6:test_individual_functions	16	static
../Core/Src/main.c:482:6:run_comprehensive_cc1201_tests	16	static
../Core/Src/main.c:511:5:main	16	static
../Core/Src/main.c:616:6:SystemClock_Config	120	static
../Core/Src/main.c:667:13:MX_SPI4_Init	8	static
../Core/Src/main.c:715:13:MX_GPIO_Init	48	static
../Core/Src/main.c:739:6:HAL_GPIO_EXTI_Callback	24	static
../Core/Src/main.c:770:6:MPU_Config	24	static
../Core/Src/main.c:802:6:BSP_PB_Callback	16	static
../Core/Src/main.c:814:6:Error_Handler	4	static,ignoring_inline_asm
