../Core/Src/main.c:70:6:print_cc1201_status	24	static
../Core/Src/main.c:90:6:test_all_strobe_commands	16	static
../Core/Src/main.c:240:6:test_status_registers	16	static
../Core/Src/main.c:277:6:test_register_operations	16	static
../Core/Src/main.c:325:6:test_configuration_write	16	static
../Core/Src/main.c:363:6:test_fifo_operations	40	static
../Core/Src/main.c:482:6:test_power_states	16	static
../Core/Src/main.c:566:6:run_comprehensive_cc1201_test	8	static
../Core/Src/main.c:593:6:test_GPIO_pins	16	static
../Core/Src/main.c:622:19:initialize_CC1201	24	static
../Core/Src/main.c:662:6:test_CC1201_strobe_commands	16	static
../Core/Src/main.c:765:5:main	24	static
../Core/Src/main.c:921:6:SystemClock_Config	120	static
../Core/Src/main.c:981:13:MX_SPI2_Init	8	static
../Core/Src/main.c:1029:13:MX_SPI4_Init	8	static
../Core/Src/main.c:1077:13:MX_GPIO_Init	56	static
../Core/Src/main.c:1102:6:HAL_GPIO_EXTI_Callback	24	static
../Core/Src/main.c:1133:6:MPU_Config	24	static
../Core/Src/main.c:1165:6:BSP_PB_Callback	16	static
../Core/Src/main.c:1177:6:Error_Handler	4	static,ignoring_inline_asm
