../Core/Src/main.c:73:6:print_cc1201_status	24	static
../Core/Src/main.c:93:6:test_all_strobe_commands	16	static
../Core/Src/main.c:243:6:test_status_registers	16	static
../Core/Src/main.c:280:6:test_register_operations	16	static
../Core/Src/main.c:328:6:test_configuration_write	16	static
../Core/Src/main.c:366:6:test_fifo_operations	40	static
../Core/Src/main.c:485:6:test_buffer_readwrite_verification	96	static
../Core/Src/main.c:605:6:test_cc1201_communication_verification	16	static
../Core/Src/main.c:710:6:test_power_states	16	static
../Core/Src/main.c:794:6:run_comprehensive_cc1201_test	8	static
../Core/Src/main.c:821:6:test_GPIO_pins	24	static
../Core/Src/main.c:872:19:initialize_CC1201	24	static
../Core/Src/main.c:929:6:test_CC1201_strobe_commands	16	static
../Core/Src/main.c:1032:5:main	40	static
../Core/Src/main.c:1309:6:SystemClock_Config	120	static
../Core/Src/main.c:1369:13:MX_SPI2_Init	8	static
../Core/Src/main.c:1417:13:MX_GPIO_Init	56	static
../Core/Src/main.c:1452:6:HAL_GPIO_EXTI_Callback	24	static
../Core/Src/main.c:1483:6:MPU_Config	24	static
../Core/Src/main.c:1515:6:BSP_PB_Callback	16	static
../Core/Src/main.c:1527:6:Error_Handler	4	static,ignoring_inline_asm
